172.30.0.247 - - [31/Mar/2020:16:14:1 +684924] "GET /flight-schedule/dammam-lahore-flights.html HTTP/1.1"    200 10138    "-" "Mozilla/5.0 (iPhone; CPU iPhone OS 9_1 like Mac OS X) AppleWebKit/601.1.46 (KHTML, like Gecko) Version/9.0 Mobile/13B143 Safari/601.1 (compatible; AdsBot-Google-Mobile; +http://www.google.com/mobile/adsbot.html)"
172.30.0.247 - - [31/Mar/2020:16:16:1 +769150] "GET /healthCheck.html HTTP/1.1"   200 9013   "-" "Mozilla/5.0 (compatible; bingbot/2.0; +http://www.bing.com/bingbot.htm)"
172.30.0.91 - - [31/Mar/2020:16:18:1 +880267] "GET /flight-schedule/yangon-kolkata-flights.html HTTP/1.1"  200 9460  "-" "AdsBot-Google (+http://www.google.com/adsbot.html)"
172.30.0.13 - - [31/Mar/2020:16:20:1 +965600] "GET /flight-schedule/sharjah-multan-flights.html HTTP/1.1"  200 7972  "-" "Mozilla/5.0 (iPhone; CPU iPhone OS 9_1 like Mac OS X) AppleWebKit/601.1.46 (KHTML, like Gecko) Version/9.0 Mobile/13B143 Safari/601.1 (compatible; AdsBot-Google-Mobile; +http://www.google.com/mobile/adsbot.html)"
172.30.0.13 - - [31/Mar/2020:16:22:2 +68405] "GET /flight-schedule/muscat-chittagong-flights.html?gclid=EAIaIQobChMIw8r-6-Cj3wIV0uF3Ch2kbQ21EAAYAiAAEgI83fD_BwE.html HTTP/1.1"  301 973  "https://www.google.com/" "Mozilla/5.0 (Windows NT 10.0; Win64; x64) AppleWebKit/537.36 (KHTML, like Gecko) Chrome/64.0.3282.140 Safari/537.36 Edge/17.17134"
172.30.0.13 - - [31/Mar/2020:16:24:1 +151623] "GET /flight-schedule/dublin-budapest-flights.html HTTP/1.1"  200 9813  "-" "Mozilla/5.0 (compatible; bingbot/2.0; +http://www.bing.com/bingbot.htm)"
172.30.0.13 - - [31/Mar/2020:16:26:1 +246518] "GET /healthCheck.html HTTP/1.1"  302 746  "-" "Mozilla/5.0 (compatible; Googlebot/2.1; +http://www.google.com/bot.html)"
172.30.0.13 - - [31/Mar/2020:16:28:1 +340833] "GET /flight-schedule/dammam-islamabad-flights.html HTTP/1.1"      200 6615      "-" "Mozilla/5.0 (compatible; bingbot/2.0; +http://www.bing.com/bingbot.htm)"
172.30.0.13 - - [31/Mar/2020:16:30:1 +523143] "GET /flight-schedule/abu-dhabi-peshawar-flights.html?gclid=Cj0KCQiA6dLgBRDoARIsAJgoM4tYfuUYhY84mdwM7GwtjBJPdw255BG8VuuEk0wSTgav7kO7OaFJSRoaAqBlEALw_wcB.html HTTP/1.1"   200 9321   "https://www.google.com/" "Mozilla/5.0 (compatible; Googlebot/2.1; +http://www.google.com/bot.html)"
172.30.0.247 - - [31/Mar/2020:16:32:1 +605019] "GET /flight-schedule/hong-kong-kolkata-flights.html HTTP/1.1"  200 7242  "-" "Mozilla/5.0 (Windows NT 6.1; Win64; x64) AppleWebKit/537.36 (KHTML, like Gecko) Chrome/70.0.3538.110 Safari/537.36"
172.30.0.13 - - [31/Mar/2020:16:34:1 +692005] "GET /flight-schedule/baltimore-chattanooga-flights.html HTTP/1.1"   200 7242   "-" "ELB-HealthChecker/1.0"
172.30.0.13 - - [31/Mar/2020:16:36:1 +790513] "GET /ar/flight-schedule/jeddah-ouargla-flights.html HTTP/1.1"   200 9013   "-" "Mozilla/5.0 (compatible; bingbot/2.0; +http://www.bing.com/bingbot.htm)"
172.30.0.91 - - [31/Mar/2020:16:38:1 +873129] "GET /flight-schedule/abu-dhabi-peshawar-flights.html?gclid=Cj0KCQiA6dLgBRDoARIsAJgoM4tYfuUYhY84mdwM7GwtjBJPdw255BG8VuuEk0wSTgav7kO7OaFJSRoaAqBlEALw_wcB.html HTTP/1.1"    200 13057    "-" "AdsBot-Google (+http://www.google.com/adsbot.html)"
172.30.0.13 - - [31/Mar/2020:16:40:1 +988212] "GET /healthCheck.html HTTP/1.1"  200 7515  "-" "Mozilla/5.0 (compatible; bingbot/2.0; +http://www.bing.com/bingbot.htm)"
172.30.0.13 - - [31/Mar/2020:16:42:2 +72302] "GET /flight-schedule/bangkok-mexico-city-flights.html HTTP/1.1"   301 975   "-" "Mozilla/5.0 (compatible; bingbot/2.0; +http://www.bing.com/bingbot.htm)"
172.30.0.13 - - [31/Mar/2020:16:44:1 +140174] "GET /flight-schedule/dhaka-athens-flights.html HTTP/1.1"  200 12805  "https://www.google.com/" "Mozilla/5.0 (compatible; bingbot/2.0; +http://www.bing.com/bingbot.htm)"
172.30.0.13 - - [31/Mar/2020:16:46:1 +236288] "GET /flight-schedule/dhaka-athens-flights.html HTTP/1.1"  200 8461  "-" "Mozilla/5.0 (compatible; bingbot/2.0; +http://www.bing.com/bingbot.htm)"
172.30.0.91 - - [31/Mar/2020:16:48:1 +322981] "GET /flight-schedule/london-billund-flights.html HTTP/1.1"  200 10592  "-" "Mozilla/5.0 (compatible; proximic; +https://www.comscore.com/Web-Crawler)"
172.30.0.13 - - [31/Mar/2020:16:50:1 +409180] "GET /flight-schedule/amsterdam-minsk-flights.html HTTP/1.1"    301 589    "-" "AdsBot-Google (+http://www.google.com/adsbot.html)"
172.30.0.91 - - [31/Mar/2020:16:52:1 +492329] "GET /flight-schedule/hong-kong-kolkata-flights.html HTTP/1.1"   200 8242   "-" "AdsBot-Google (+http://www.google.com/adsbot.html)"
172.30.0.91 - - [31/Mar/2020:16:54:1 +576062] "GET /flight-schedule/abu-dhabi-peshawar-flights.html?gclid=Cj0KCQiA6dLgBRDoARIsAJgoM4tYfuUYhY84mdwM7GwtjBJPdw255BG8VuuEk0wSTgav7kO7OaFJSRoaAqBlEALw_wcB.html HTTP/1.1"  200 9677  "https://www.google.com/" "Mozilla/5.0 (Linux; Android 6.0.1; Nexus 5X Build/MMB29P) AppleWebKit/537.36 (KHTML, like Gecko) Chrome/41.0.2272.96 Mobile Safari/537.36 (compatible; Googlebot/2.1; +http://www.google.com/bot.html)"
172.30.0.13 - - [31/Mar/2020:16:56:1 +666731] "GET /flight-schedule/mumbai-london-flights.html HTTP/1.1"    302 748    "-" "Mozilla/5.0 (Windows NT 10.0; Win64; x64) AppleWebKit/537.36 (KHTML, like Gecko) Chrome/71.0.3578.98 Safari/537.36"
172.30.0.13 - - [31/Mar/2020:16:58:1 +756435] "GET /ar/flight-schedule/jeddah-ouargla-flights.html HTTP/1.1"  200 14244  "-" "AdsBot-Google (+http://www.google.com/adsbot.html)"
172.30.0.247 - - [31/Mar/2020:17:0:1 +841518] "GET /flight-schedule/flight-schedules-international.html HTTP/1.1"   200 7515   "https://www.google.com/" "Mozilla/5.0 (Windows NT 6.3; Win64; x64) AppleWebKit/537.36 (KHTML, like Gecko) Chrome/71.0.3578.98 Safari/537.36"
172.30.0.13 - - [31/Mar/2020:17:2:1 +924408] "GET /flight-schedule/abu-dhabi-colombo-flights.html HTTP/1.1"   200 10502   "-" "Mozilla/5.0 (Windows NT 6.3; Win64; x64) AppleWebKit/537.36 (KHTML, like Gecko) Chrome/71.0.3578.98 Safari/537.36"
172.30.0.13 - - [31/Mar/2020:17:4:2 +10428] "GET /flight-schedule/mumbai-nagpur-flights.html?gclid=Cj0KCQiA6dLgBRDoARIsAJgoM4seB5Xv-xAxEVzUWjH4KfR32DeKtUrW5TH6bb-fgbY41ro_iRBpT-UaAgjIEALw_wcB.html HTTP/1.1"   200 10138   "-" "Mozilla/5.0 (Linux; Android 6.0.1; Nexus 5X Build/MMB29P) AppleWebKit/537.36 (KHTML, like Gecko) Chrome/41.0.2272.96 Mobile Safari/537.36 (compatible; Googlebot/2.1; +http://www.google.com/bot.html)"
172.30.0.13 - - [31/Mar/2020:17:6:1 +110225] "GET /flight-schedule/flight-schedules-domestic.html HTTP/1.1"  200 13311  "-" "Mozilla/5.0 (compatible; bingbot/2.0; +http://www.bing.com/bingbot.htm)"
172.30.0.91 - - [31/Mar/2020:17:8:1 +195115] "GET /ar/flight-schedule/dublin-manchester-flights.html HTTP/1.1"   200 9813   "-" "AdsBot-Google (+http://www.google.com/adsbot.html)"
172.30.0.91 - - [31/Mar/2020:17:10:1 +286213] "GET /ar/flight-schedule/johannesburg-cairo-flights.html HTTP/1.1"  200 10781  "https://www.google.com/" "Mozilla/5.0 (iPhone; CPU iPhone OS 9_1 like Mac OS X) AppleWebKit/601.1.46 (KHTML, like Gecko) Version/9.0 Mobile/13B143 Safari/601.1 (compatible; AdsBot-Google-Mobile; +http://www.google.com/mobile/adsbot.html)"
172.30.0.247 - - [31/Mar/2020:17:12:1 +382958] "GET /flight-schedule/bangkok-mexico-city-flights.html HTTP/1.1"   500 1969   "https://www.google.com.sa/" "Mozilla/5.0 (Windows NT 6.1; Win64; x64) AppleWebKit/537.36 (KHTML, like Gecko) Chrome/70.0.3538.110 Safari/537.36"
172.30.0.13 - - [31/Mar/2020:17:14:1 +465562] "GET /flight-schedule/lisbon-accra-flights.html HTTP/1.1"   200 10817   "https://www.google.com.sa/" "Mozilla/5.0 (compatible; bingbot/2.0; +http://www.bing.com/bingbot.htm)"
172.30.0.247 - - [31/Mar/2020:17:16:1 +625241] "GET /healthCheck.html HTTP/1.1"  200 7839  "-" "Mozilla/5.0 (compatible; bingbot/2.0; +http://www.bing.com/bingbot.htm)"
172.30.0.13 - - [31/Mar/2020:17:18:1 +736784] "GET /healthCheck.html HTTP/1.1"  200 11350  "-" "Mozilla/5.0 (Windows NT 10.0; WOW64) AppleWebKit/537.36 (KHTML, like Gecko) Chrome/45.0.2454.93 Safari/537.36"
172.30.0.247 - - [31/Mar/2020:17:20:1 +843005] "GET /flight-schedule/manila-naga-flights.html?dxid=EAIaIQobChMI9pKajOGj3wIVirftCh2k_gl3EAAYAyAAEgKEcvD_BwE&gclid=EAIaIQobChMI9pKajOGj3wIVirftCh2k_gl3EAAYAyAAEgKEcvD_BwE HTTP/1.1"   200 281   "-" "Mozilla/5.0 (compatible; proximic; +https://www.comscore.com/Web-Crawler)"
172.30.0.13 - - [31/Mar/2020:17:22:1 +927639] "GET /healthCheck.html HTTP/1.1"     200 8929     "-" "Mozilla/5.0 (iPhone; CPU iPhone OS 9_1 like Mac OS X) AppleWebKit/601.1.46 (KHTML, like Gecko) Version/9.0 Mobile/13B143 Safari/601.1 (compatible; AdsBot-Google-Mobile; +http://www.google.com/mobile/adsbot.html)"
172.30.0.91 - - [31/Mar/2020:17:24:2 +35043] "GET /flight-schedule/zhengzhou-dubai-flights.html HTTP/1.1"   200 12772   "-" "Mozilla/5.0 (compatible; bingbot/2.0; +http://www.bing.com/bingbot.htm)"
172.30.0.247 - - [31/Mar/2020:17:26:1 +197213] "GET /flight-schedule/rotuma-suva-flights.html HTTP/1.1"   200 7972   "-" "Mozilla/5.0 (compatible; bingbot/2.0; +http://www.bing.com/bingbot.htm)"
172.30.0.91 - - [31/Mar/2020:17:28:1 +543689] "GET /ar/flight-schedule/helsinki-krakow-flights.html HTTP/1.1"  200 10999  "-" "Mozilla/5.0 (compatible; bingbot/2.0; +http://www.bing.com/bingbot.htm)"
172.30.0.13 - - [31/Mar/2020:17:30:1 +736005] "GET /flight-schedule/sharjah-salalah-flights.html HTTP/1.1"   200 10619   "-" "Mozilla/5.0 (compatible; bingbot/2.0; +http://www.bing.com/bingbot.htm)"
172.30.0.247 - - [31/Mar/2020:17:32:1 +621103] "GET /flight-schedule/esquel-rome-flights.html HTTP/1.1"    200 13057    "-" "Mozilla/5.0 (Linux; Android 6.0.1; Nexus 5X Build/MMB29P) AppleWebKit/537.36 (KHTML, like Gecko) Chrome/41.0.2272.96 Mobile Safari/537.36 (compatible; Googlebot/2.1; +http://www.google.com/bot.html)"
172.30.0.13 - - [31/Mar/2020:17:34:1 +709053] "GET /healthCheck.html HTTP/1.1"  200 8242  "-" "Mozilla/5.0 (Windows NT 6.1; Win64; x64) AppleWebKit/537.36 (KHTML, like Gecko) Chrome/70.0.3538.110 Safari/537.36"
172.30.0.13 - - [31/Mar/2020:17:36:1 +893950] "GET /flight-schedule/sharjah-sialkot-flights.html HTTP/1.1"   200 281   "-" "Mozilla/5.0 (compatible; bingbot/2.0; +http://www.bing.com/bingbot.htm)"
172.30.0.247 - - [31/Mar/2020:17:38:2 +68357] "GET /flight-schedule/dubai-islamabad-flights.html HTTP/1.1"  200 10535  "-" "Mozilla/5.0 (compatible; Googlebot/2.1; +http://www.google.com/bot.html)"
172.30.0.247 - - [31/Mar/2020:17:40:1 +208741] "GET /ar/flight-schedule/jeddah-ouargla-flights.html HTTP/1.1"  200 12171  "-" "Mozilla/5.0 (compatible; SemrushBot/3~bl; +http://www.semrush.com/bot.html)"
172.30.0.247 - - [31/Mar/2020:17:42:1 +464195] "GET /flight-schedule/bodo-riga-flights.html HTTP/1.1"     200 8929     "https://www.google.com/" "Mozilla/5.0 (compatible; SemrushBot/3~bl; +http://www.semrush.com/bot.html)"
172.30.0.13 - - [31/Mar/2020:17:44:1 +562626] "GET /flight-schedule/baltimore-chattanooga-flights.html HTTP/1.1"   200 9813   "-" "ELB-HealthChecker/1.0"
172.30.0.247 - - [31/Mar/2020:17:46:1 +652139] "GET /flight-schedule/flights-from-managua-1.html HTTP/1.1"  200 12109  "-" "Mozilla/5.0 (Windows NT 10.0; Win64; x64) AppleWebKit/537.36 (KHTML, like Gecko) Chrome/71.0.3578.98 Safari/537.36"
172.30.0.247 - - [31/Mar/2020:17:48:1 +748497] "GET /flight-schedule/hefei-nanning-flights.html HTTP/1.1"    200 12772    "https://www.google.com/" "Mozilla/5.0 (Windows NT 6.1; Win64; x64) AppleWebKit/537.36 (KHTML, like Gecko) Chrome/70.0.3538.110 Safari/537.36"
172.30.0.13 - - [31/Mar/2020:17:50:1 +872337] "GET /flight-schedule/sharjah-sialkot-flights.html HTTP/1.1"    200 7844    "-" "Mozilla/5.0 (Linux; Android 6.0.1; Nexus 5X Build/MMB29P) AppleWebKit/537.36 (KHTML, like Gecko) Chrome/41.0.2272.96 Mobile Safari/537.36 (compatible; Googlebot/2.1; +http://www.google.com/bot.html)"
172.30.0.247 - - [31/Mar/2020:17:52:1 +958534] "GET /flight-schedule/dammam-lahore-flights.html HTTP/1.1"  200 9498  "-" "Mozilla/5.0 (compatible; bingbot/2.0; +http://www.bing.com/bingbot.htm)"
172.30.0.13 - - [31/Mar/2020:17:54:2 +38255] "GET /flight-schedule/kitakyushu-yangyang-flights.html-cheap HTTP/1.1"   200 11712   "-" "Mozilla/5.0 (Linux; Android 6.0.1; Nexus 5X Build/MMB29P) AppleWebKit/537.36 (KHTML, like Gecko) Chrome/41.0.2272.96 Mobile Safari/537.36 (compatible; Googlebot/2.1; +http://www.google.com/bot.html)"
172.30.0.13 - - [31/Mar/2020:18:0:51 +622393] "GET /flight-schedule/dhaka-athens-flights.html HTTP/1.1"    200 281    "-" "Mozilla/5.0 (iPhone; CPU iPhone OS 9_1 like Mac OS X) AppleWebKit/601.1.46 (KHTML, like Gecko) Version/9.0 Mobile/13B143 Safari/601.1 (compatible; AdsBot-Google-Mobile; +http://www.google.com/mobile/adsbot.html)"
172.30.0.91 - - [31/Mar/2020:18:0:51 +639194] "GET /ar/flight-schedule/chiang-mai-nanning-flights.html HTTP/1.1"   200 12097   "-" "Mozilla/5.0 (Linux; Android 6.0.1; Nexus 5X Build/MMB29P) AppleWebKit/537.36 (KHTML, like Gecko) Chrome/41.0.2272.96 Mobile Safari/537.36 (compatible; Googlebot/2.1; +http://www.google.com/bot.html)"
172.30.0.13 - - [31/Mar/2020:18:0:51 +720146] "GET /flight-schedule/dammam-trivandrum-flights.html HTTP/1.1"  200 8497  "-" "Mozilla/5.0 (compatible; bingbot/2.0; +http://www.bing.com/bingbot.htm)"
172.30.0.13 - - [31/Mar/2020:18:2:1 +865776] "GET /flight-schedule/dubai-jeddah-flights.html?dxid=Cj0KCQiA6dLgBRDoARIsAJgoM4uZ5JhHrRFKv4fPQnbQTJfVSAblrARhY_fNHRZw7SGYH-4xeEzZH2AaAqjYEALw_wcB&gclid=Cj0KCQiA6dLgBRDoARIsAJgoM4uZ5JhHrRFKv4fPQnbQTJfVSAblrARhY_fNHRZw7SGYH-4xeEzZH2AaAqjYEALw_wcB HTTP/1.1"  200 10703  "https://www.google.com/" "Mozilla/5.0 (compatible; bingbot/2.0; +http://www.bing.com/bingbot.htm)"
172.30.0.13 - - [31/Mar/2020:18:4:1 +945003] "GET /flight-schedule/toronto-hong-kong-flights.html HTTP/1.1"  200 8366  "-" "Mozilla/5.0 (Windows NT 10.0; Win64; x64) AppleWebKit/537.36 (KHTML, like Gecko) Chrome/64.0.3282.140 Safari/537.36 Edge/17.17134"
172.30.0.91 - - [31/Mar/2020:18:6:2 +67585] "GET /flight-schedule/bremen-kutahya-flights.html HTTP/1.1"  301 588  "-" "Mozilla/5.0 (Windows NT 6.1; Win64; x64) AppleWebKit/537.36 (KHTML, like Gecko) Chrome/70.0.3538.110 Safari/537.36"
172.30.0.91 - - [31/Mar/2020:18:8:1 +155834] "GET /flight-schedule/flights-from-managua-1.html HTTP/1.1"   200 9601   "-" "Mozilla/5.0 (compatible; bingbot/2.0; +http://www.bing.com/bingbot.htm)"
172.30.0.91 - - [31/Mar/2020:18:10:1 +322112] "GET /flight-schedule/abu-dhabi-peshawar-flights.html?gclid=Cj0KCQiA6dLgBRDoARIsAJgoM4tYfuUYhY84mdwM7GwtjBJPdw255BG8VuuEk0wSTgav7kO7OaFJSRoaAqBlEALw_wcB.html HTTP/1.1"  200 10794  "https://www.google.com/" "AdsBot-Google (+http://www.google.com/adsbot.html)"
172.30.0.247 - - [31/Mar/2020:18:12:2 +9102] "GET /flight-schedule/zhengzhou-dubai-flights.html HTTP/1.1"   200 12805   "https://www.google.com/" "Mozilla/5.0 (compatible; proximic; +https://www.comscore.com/Web-Crawler)"
172.30.0.91 - - [31/Mar/2020:18:14:1 +110660] "GET /flight-schedule/dammam-lahore-flights.html HTTP/1.1"  200 9188  "-" "Mozilla/5.0 (Linux; Android 5.1.1; SAMSUNG SM-J700H Build/LMY48B) AppleWebKit/537.36 (KHTML, like Gecko) SamsungBrowser/3.3 Chrome/38.0.2125.102 Mobile Safari/537.36"
172.30.0.247 - - [31/Mar/2020:18:16:1 +227064] "GET /flight-schedule/dublin-budapest-flights.html HTTP/1.1"   200 281   "-" "Mozilla/5.0 (iPhone; CPU iPhone OS 9_1 like Mac OS X) AppleWebKit/601.1.46 (KHTML, like Gecko) Version/9.0 Mobile/13B143 Safari/601.1 (compatible; AdsBot-Google-Mobile; +http://www.google.com/mobile/adsbot.html)"
172.30.0.13 - - [31/Mar/2020:18:18:1 +380421] "GET /flight-schedule/alta-aarhus-flights.html HTTP/1.1"  500 1969  "https://www.google.com/" "Mozilla/5.0 (compatible; bingbot/2.0; +http://www.bing.com/bingbot.htm)"
172.30.0.13 - - [31/Mar/2020:18:20:1 +500935] "GET /flight-schedule/dammam-sialkot-flights.html?dxid=Cj0KCQiA6dLgBRDoARIsAJgoM4vPuwqDb_tzIEpnOVo-XAfZwe7Bw4xc93CUIcZEF9HVPl44xLQhbcEaApcGEALw_wcB&gclid=Cj0KCQiA6dLgBRDoARIsAJgoM4vPuwqDb_tzIEpnOVo-XAfZwe7Bw4xc93CUIcZEF9HVPl44xLQhbcEaApcGEALw_wcB.html HTTP/1.1"   200 7844   "-" "AdsBot-Google (+http://www.google.com/adsbot.html)"
172.30.0.13 - - [31/Mar/2020:18:22:1 +641041] "GET /flight-schedule/ar/oklahoma-city-cincinnati-flights.html HTTP/1.1"  200 10781  "-" "Mozilla/5.0 (Linux; Android 6.0.1; Nexus 5X Build/MMB29P) AppleWebKit/537.36 (KHTML, like Gecko) Chrome/41.0.2272.96 Mobile Safari/537.36 (compatible; Googlebot/2.1; +http://www.google.com/bot.html)"
172.30.0.247 - - [31/Mar/2020:18:24:1 +721931] "GET /flight-schedule/flights-from-notodden.html HTTP/1.1"     200 12772     "-" "Mozilla/5.0 (compatible; bingbot/2.0; +http://www.bing.com/bingbot.htm)"
172.30.0.247 - - [31/Mar/2020:18:26:1 +898658] "GET /ar/flight-schedule/philadelphia-nassau-flights.html HTTP/1.1"   200 10535   "-" "Mozilla/5.0 (compatible; Googlebot/2.1; +http://www.google.com/bot.html)"
172.30.0.13 - - [31/Mar/2020:18:28:2 +45494] "GET /flight-schedule/sharjah-salalah-flights.html HTTP/1.1"  200 13243  "-" "AdsBot-Google (+http://www.google.com/adsbot.html)"
172.30.0.91 - - [31/Mar/2020:18:30:1 +141861] "GET /flight-schedule/london-billund-flights.html HTTP/1.1"   200 9625   "-" "Mozilla/5.0 (Linux; Android 5.1.1; SAMSUNG SM-J700H Build/LMY48B) AppleWebKit/537.36 (KHTML, like Gecko) SamsungBrowser/3.3 Chrome/38.0.2125.102 Mobile Safari/537.36"
172.30.0.13 - - [31/Mar/2020:18:32:1 +289715] "GET /ar/flight-schedule/newcastle-jersey-flights.html HTTP/1.1"  200 10592  "-" "Mozilla/5.0 (compatible; bingbot/2.0; +http://www.bing.com/bingbot.htm)"
172.30.0.13 - - [31/Mar/2020:18:34:1 +427603] "GET /flight-schedule/ankara-baku-flights.html HTTP/1.1"     302 745     "-" "Mozilla/5.0 (compatible; bingbot/2.0; +http://www.bing.com/bingbot.htm)"
172.30.0.247 - - [31/Mar/2020:18:44:2 +118289] "GET /healthCheck.html HTTP/1.1"   200 13243   "-" "Mozilla/5.0 (iPhone; CPU iPhone OS 9_1 like Mac OS X) AppleWebKit/601.1.46 (KHTML, like Gecko) Version/9.0 Mobile/13B143 Safari/601.1 (compatible; AdsBot-Google-Mobile; +http://www.google.com/mobile/adsbot.html)"
172.30.0.247 - - [31/Mar/2020:18:46:1 +239222] "GET /flight-schedule/hamburg-olbia-flights.html HTTP/1.1"     200 7844     "-" "Mozilla/5.0 (compatible; bingbot/2.0; +http://www.bing.com/bingbot.htm)"
172.30.0.91 - - [31/Mar/2020:18:48:1 +317357] "GET /ar/flight-schedule/beijing-novosibirsk-flights.html-cheap HTTP/1.1"  200 9521  "-" "Mozilla/5.0 (compatible; Googlebot/2.1; +http://www.google.com/bot.html)"
172.30.0.247 - - [31/Mar/2020:18:50:1 +448730] "GET /healthCheck.html HTTP/1.1"  200 10739  "android-app://com.google.android.googlequicksearchbox/https/www.google.com" "Mozilla/5.0 (compatible; BLEXBot/1.0; +http://webmeup-crawler.com/)"
172.30.0.13 - - [31/Mar/2020:18:52:1 +585555] "GET /flight-schedule/dubai-jeddah-flights.html?dxid=Cj0KCQiA6dLgBRDoARIsAJgoM4uZ5JhHrRFKv4fPQnbQTJfVSAblrARhY_fNHRZw7SGYH-4xeEzZH2AaAqjYEALw_wcB&gclid=Cj0KCQiA6dLgBRDoARIsAJgoM4uZ5JhHrRFKv4fPQnbQTJfVSAblrARhY_fNHRZw7SGYH-4xeEzZH2AaAqjYEALw_wcB.html HTTP/1.1"   200 10592   "-" "ELB-HealthChecker/1.0"
172.30.0.13 - - [31/Mar/2020:18:54:1 +731093] "GET /flight-schedule/cody-yellowstone-salt-lake-city-flights.html HTTP/1.1"  200 9321  "android-app://com.google.android.googlequicksearchbox/https/www.google.com" "Mozilla/5.0 (compatible; bingbot/2.0; +http://www.bing.com/bingbot.htm)"
172.30.0.13 - - [31/Mar/2020:18:56:1 +830795] "GET /flight-schedule/chennai-gorakhpur-flights.html HTTP/1.1"   200 11350   "-" "Mozilla/5.0 (compatible; bingbot/2.0; +http://www.bing.com/bingbot.htm)"
172.30.0.13 - - [31/Mar/2020:18:58:1 +970978] "GET /ar/flight-schedule/nice-munich-flights.html HTTP/1.1"  200 10740  "-" "Mozilla/5.0 (Linux; Android 6.0.1; Nexus 5X Build/MMB29P) AppleWebKit/537.36 (KHTML, like Gecko) Chrome/41.0.2272.96 Mobile Safari/537.36 (compatible; Googlebot/2.1; +http://www.google.com/bot.html)"
172.30.0.13 - - [31/Mar/2020:19:0:2 +59684] "GET /flight-schedule/dubai-jeddah-flights.html?dxid=Cj0KCQiA6dLgBRDoARIsAJgoM4uZ5JhHrRFKv4fPQnbQTJfVSAblrARhY_fNHRZw7SGYH-4xeEzZH2AaAqjYEALw_wcB&gclid=Cj0KCQiA6dLgBRDoARIsAJgoM4uZ5JhHrRFKv4fPQnbQTJfVSAblrARhY_fNHRZw7SGYH-4xeEzZH2AaAqjYEALw_wcB.html HTTP/1.1"  200 8878  "https://www.google.com/" "Mozilla/5.0 (iPhone; CPU iPhone OS 9_1 like Mac OS X) AppleWebKit/601.1.46 (KHTML, like Gecko) Version/9.0 Mobile/13B143 Safari/601.1 (compatible; AdsBot-Google-Mobile; +http://www.google.com/mobile/adsbot.html)"
172.30.0.13 - - [31/Mar/2020:19:2:1 +144144] "GET /flight-schedule/dammam-lahore-flights.html HTTP/1.1"  200 281  "-" "AdsBot-Google (+http://www.google.com/adsbot.html)"
172.30.0.13 - - [31/Mar/2020:19:4:1 +227129] "GET /flight-schedule/guwahati-hyderabad-flights.html HTTP/1.1"    200 281    "-" "Mozilla/5.0 (iPhone; CPU iPhone OS 9_1 like Mac OS X) AppleWebKit/601.1.46 (KHTML, like Gecko) Version/9.0 Mobile/13B143 Safari/601.1 (compatible; AdsBot-Google-Mobile; +http://www.google.com/mobile/adsbot.html)"
172.30.0.13 - - [31/Mar/2020:19:6:1 +326759] "GET /flight-schedule/dubai-islamabad-flights.html HTTP/1.1"    200 10138    "-" "Mozilla/5.0 (compatible; bingbot/2.0; +http://www.bing.com/bingbot.htm)"
172.30.0.13 - - [31/Mar/2020:19:8:1 +410486] "GET /flight-schedule/flights-from-uzhgorod.html HTTP/1.1"    200 12772    "-" "Mozilla/5.0 (compatible; bingbot/2.0; +http://www.bing.com/bingbot.htm)"
172.30.0.13 - - [31/Mar/2020:19:10:2 +858205] "GET /flight-schedule/almaty-oran-flights.html HTTP/1.1"  200 9502  "https://www.google.com/" "Mozilla/5.0 (Windows NT 6.1; Win64; x64) AppleWebKit/537.36 (KHTML, like Gecko) Chrome/70.0.3538.110 Safari/537.36"
172.30.0.13 - - [31/Mar/2020:19:12:1 +936455] "GET /flight-schedule/kitakyushu-yangyang-flights.html-cheap HTTP/1.1"   200 9607   "-" "Mozilla/5.0 (Linux; Android 6.0.1; Nexus 5X Build/MMB29P) AppleWebKit/537.36 (KHTML, like Gecko) Chrome/41.0.2272.96 Mobile Safari/537.36 (compatible; Googlebot/2.1; +http://www.google.com/bot.html)"
172.30.0.13 - - [31/Mar/2020:19:14:1 +998758] "GET /flight-schedule/rotuma-suva-flights.html HTTP/1.1"  200 10182  "-" "Mozilla/5.0 (compatible; bingbot/2.0; +http://www.bing.com/bingbot.htm)"
172.30.0.13 - - [31/Mar/2020:19:16:1 +94750] "GET /ar/flight-schedule/dublin-manchester-flights.html HTTP/1.1"   200 10687   "-" "Mozilla/5.0 (iPhone; CPU iPhone OS 9_1 like Mac OS X) AppleWebKit/601.1.46 (KHTML, like Gecko) Version/9.0 Mobile/13B143 Safari/601.1 (compatible; AdsBot-Google-Mobile; +http://www.google.com/mobile/adsbot.html)"
172.30.0.91 - - [31/Mar/2020:19:18:1 +190937] "GET /flight-schedule/lisbon-accra-flights.html HTTP/1.1"   301 973   "-" "Mozilla/5.0 (compatible; bingbot/2.0; +http://www.bing.com/bingbot.htm)"
172.30.0.247 - - [31/Mar/2020:19:20:1 +273322] "GET /ar/flight-schedule/philadelphia-nassau-flights.html HTTP/1.1"  200 8497  "-" "Mozilla/5.0 (compatible; bingbot/2.0; +http://www.bing.com/bingbot.htm)"
172.30.0.13 - - [31/Mar/2020:19:22:1 +354478] "GET /flight-schedule/kitakyushu-yangyang-flights.html-cheap.html HTTP/1.1"    200 9013    "-" "Mozilla/5.0 (compatible; Googlebot/2.1; +http://www.google.com/bot.html)"
172.30.0.13 - - [31/Mar/2020:19:24:1 +435664] "GET /flight-schedule/sharjah-amman-flights.html HTTP/1.1"  200 9792  "-" "Mozilla/5.0 (compatible; bingbot/2.0; +http://www.bing.com/bingbot.htm)"
172.30.0.247 - - [31/Mar/2020:19:26:1 +544065] "GET /flight-schedule/gheshm-dubai-flights.html HTTP/1.1"  200 12744  "https://www.google.com/" "Mozilla/5.0 (compatible; proximic; +https://www.comscore.com/Web-Crawler)"
172.30.0.13 - - [31/Mar/2020:20:52:59 +232749] "GET /flight-schedule/dubai-islamabad-flights.html HTTP/1.1"  200 11677  "https://www.google.com/" "Mozilla/5.0 (Linux; Android 6.0.1; SM-G928F) AppleWebKit/537.36 (KHTML, like Gecko) Chrome/71.0.3578.83 Mobile Safari/537.36"
172.30.0.91 - - [31/Mar/2020:20:54:1 +312832] "GET /flight-schedule/dubai-islamabad-flights.html HTTP/1.1"    200 6615    "-" "Mozilla/5.0 (compatible; proximic; +https://www.comscore.com/Web-Crawler)"
172.30.0.91 - - [31/Mar/2020:20:56:1 +484751] "GET /flight-schedule/flights-from-waco.html HTTP/1.1"  200 9674  "-" "Mozilla/5.0 (compatible; BLEXBot/1.0; +http://webmeup-crawler.com/)"
172.30.0.13 - - [31/Mar/2020:20:58:1 +620078] "GET /flight-schedule/hong-kong-chennai-flights.html HTTP/1.1"    301 589    "-" "Mozilla/5.0 (compatible; proximic; +https://www.comscore.com/Web-Crawler)"
172.30.0.247 - - [31/Mar/2020:21:0:1 +748121] "GET /flight-schedule/dubai-jeddah-flights.html?dxid=Cj0KCQiA6dLgBRDoARIsAJgoM4uZ5JhHrRFKv4fPQnbQTJfVSAblrARhY_fNHRZw7SGYH-4xeEzZH2AaAqjYEALw_wcB&gclid=Cj0KCQiA6dLgBRDoARIsAJgoM4uZ5JhHrRFKv4fPQnbQTJfVSAblrARhY_fNHRZw7SGYH-4xeEzZH2AaAqjYEALw_wcB.html HTTP/1.1"  301 799  "-" "Mozilla/5.0 (Windows NT 10.0; WOW64) AppleWebKit/537.36 (KHTML, like Gecko) Chrome/45.0.2454.93 Safari/537.36"
172.30.0.13 - - [31/Mar/2020:21:2:1 +868115] "GET /flight-schedule/dubai-islamabad-flights.html HTTP/1.1"      200 12772      "-" "ELB-HealthChecker/1.0"
172.30.0.13 - - [31/Mar/2020:21:4:1 +956231] "GET /flight-schedule/flights-from-managua-1.html HTTP/1.1"   301 588   "-" "Mozilla/5.0 (compatible; bingbot/2.0; +http://www.bing.com/bingbot.htm)"
172.30.0.91 - - [31/Mar/2020:21:6:2 +80655] "GET /ar/flight-schedule/jeddah-ouargla-flights.html HTTP/1.1"    200 281    "-" "Mozilla/5.0 (compatible; bingbot/2.0; +http://www.bing.com/bingbot.htm)"
172.30.0.247 - - [31/Mar/2020:21:8:1 +207181] "GET /flight-schedule/zhengzhou-dubai-flights.html HTTP/1.1"     200 281     "-" "Mozilla/5.0 (Linux; Android 6.0.1; SM-G928F) AppleWebKit/537.36 (KHTML, like Gecko) Chrome/71.0.3578.83 Mobile Safari/537.36"
172.30.0.13 - - [31/Mar/2020:21:10:1 +359916] "GET /flight-schedule/abu-dhabi-peshawar-flights.html?gclid=Cj0KCQiA6dLgBRDoARIsAJgoM4tYfuUYhY84mdwM7GwtjBJPdw255BG8VuuEk0wSTgav7kO7OaFJSRoaAqBlEALw_wcB.html HTTP/1.1"    200 10502    "https://www.google.com/" "Mozilla/5.0 (iPhone; CPU iPhone OS 11_2_1 like Mac OS X) AppleWebKit/604.4.7 (KHTML, like Gecko) Version/11.0 Mobile/15C153 Safari/604.1"
172.30.0.13 - - [31/Mar/2020:21:12:1 +503593] "GET /ar/flight-schedule/milan-cairo-flights.html HTTP/1.1"      200 8929      "-" "Mozilla/5.0 (compatible; SemrushBot/3~bl; +http://www.semrush.com/bot.html)"
172.30.0.13 - - [31/Mar/2020:21:14:1 +584187] "GET /ar/flight-schedule/odessa-lisbon-flights.html HTTP/1.1"  200 8331  "-" "Mozilla/5.0 (Windows NT 6.3; WOW64; Trident/7.0; rv:11.0) like Gecko"
172.30.0.13 - - [31/Mar/2020:21:16:1 +682714] "GET /ar/flight-schedule/doha-khartoum-flights.html HTTP/1.1"  301 779  "-" "Mozilla/5.0 (compatible; bingbot/2.0; +http://www.bing.com/bingbot.htm)"
172.30.0.13 - - [31/Mar/2020:21:18:1 +779577] "GET /healthCheck.html HTTP/1.1"  200 8709  "-" "Mozilla/5.0 (Windows NT 6.3; Win64; x64) AppleWebKit/537.36 (KHTML, like Gecko) Chrome/71.0.3578.98 Safari/537.36"
172.30.0.13 - - [31/Mar/2020:21:20:1 +857694] "GET /flight-schedule/ankara-baku-flights.html HTTP/1.1"  200 9674  "-" "Mozilla/5.0 (compatible; bingbot/2.0; +http://www.bing.com/bingbot.htm)"
172.30.0.91 - - [31/Mar/2020:21:22:1 +998859] "GET /flight-schedule/geneva-salzburg-flights.html HTTP/1.1"   500 1969   "-" "Mozilla/5.0 (compatible; bingbot/2.0; +http://www.bing.com/bingbot.htm)"
172.30.0.247 - - [31/Mar/2020:21:24:1 +125606] "GET /ar/flight-schedule/jeddah-ouargla-flights.html HTTP/1.1"   302 748   "-" "Mozilla/5.0 (compatible; bingbot/2.0; +http://www.bing.com/bingbot.htm)"
172.30.0.91 - - [31/Mar/2020:21:26:1 +279357] "GET /flight-schedule/amsterdam-minsk-flights.html HTTP/1.1"   302 746   "-" "Mozilla/5.0 (iPhone; CPU iPhone OS 12_1 like Mac OS X) AppleWebKit/605.1.15 (KHTML, like Gecko) CriOS/71.0.3578.77 Mobile/15E148 Safari/605.1"
172.30.0.13 - - [31/Mar/2020:21:28:1 +450161] "GET /flight-schedule/new-york-bogota-flights.html HTTP/1.1"    200 13057    "-" "Mozilla/5.0 (compatible; bingbot/2.0; +http://www.bing.com/bingbot.htm)"
172.30.0.13 - - [31/Mar/2020:21:30:1 +593918] "GET /flight-schedule/manila-naga-flights.html?dxid=EAIaIQobChMI9pKajOGj3wIVirftCh2k_gl3EAAYAyAAEgKEcvD_BwE&gclid=EAIaIQobChMI9pKajOGj3wIVirftCh2k_gl3EAAYAyAAEgKEcvD_BwE HTTP/1.1"   200 281   "https://www.google.com/" "AdsBot-Google (+http://www.google.com/adsbot.html)"
172.30.0.13 - - [31/Mar/2020:21:32:1 +724789] "GET /healthCheck.html HTTP/1.1"  200 8803  "-" "Mozilla/5.0 (compatible; Googlebot/2.1; +http://www.google.com/bot.html)"
172.30.0.13 - - [31/Mar/2020:21:34:1 +820585] "GET /flight-schedule/flights-from-uzhgorod.html HTTP/1.1"   200 7972   "https://www.google.com.sa/" "ELB-HealthChecker/1.0"
172.30.0.13 - - [31/Mar/2020:21:36:1 +983903] "GET /flight-schedule/dublin-budapest-flights.html HTTP/1.1"  200 10277  "-" "Mozilla/5.0 (compatible; bingbot/2.0; +http://www.bing.com/bingbot.htm)"
172.30.0.91 - - [31/Mar/2020:21:38:2 +117082] "GET /ar/flight-schedule/nantes-palma-mallorca-flights.html HTTP/1.1"  200 12509  "-" "AdsBot-Google (+http://www.google.com/adsbot.html)"
172.30.0.13 - - [31/Mar/2020:21:40:1 +255877] "GET /flight-schedule/dammam-lahore-flights.html HTTP/1.1"   302 745   "https://www.google.com/" "Mozilla/5.0 (iPhone; CPU iPhone OS 12_1 like Mac OS X) AppleWebKit/605.1.15 (KHTML, like Gecko) Version/12.0 Mobile/15E148 Safari/604.1"
172.30.0.13 - - [31/Mar/2020:21:42:1 +371068] "GET /flight-schedule/hefei-nanning-flights.html HTTP/1.1"  200 281  "-" "Mozilla/5.0 (iPhone; CPU iPhone OS 9_1 like Mac OS X) AppleWebKit/601.1.46 (KHTML, like Gecko) Version/9.0 Mobile/13B143 Safari/601.1 (compatible; AdsBot-Google-Mobile; +http://www.google.com/mobile/adsbot.html)"
172.30.0.13 - - [1/April/2020:10:22:1 +261788] "GET /ar/flight-schedule/newcastle-jersey-flights.html HTTP/1.1"    200 8242    "-" "Mozilla/5.0 (compatible; bingbot/2.0; +http://www.bing.com/bingbot.htm)"
172.30.0.91 - - [1/April/2020:10:24:1 +357521] "GET /flight-schedule/sofia-bucharest-flights.html HTTP/1.1"    200 7844    "-" "Mozilla/5.0 (iPhone; CPU iPhone OS 9_1 like Mac OS X) AppleWebKit/601.1.46 (KHTML, like Gecko) Version/9.0 Mobile/13B143 Safari/601.1 (compatible; AdsBot-Google-Mobile; +http://www.google.com/mobile/adsbot.html)"
172.30.0.13 - - [1/April/2020:10:26:1 +460758] "GET /flight-schedule/muscat-entebbe-flights.html HTTP/1.1"   200 7972   "-" "Mozilla/5.0 (Linux; Android 6.0.1; SM-G928F) AppleWebKit/537.36 (KHTML, like Gecko) Chrome/71.0.3578.83 Mobile Safari/537.36"
172.30.0.13 - - [1/April/2020:10:28:1 +546557] "GET /flight-schedule/nice-dubai-flights.html HTTP/1.1"   200 13243   "https://www.google.com/" "Mozilla/5.0 (Linux; Android 4.2.2; H30-U10 Build/HuaweiH30-U10) AppleWebKit/537.36 (KHTML, like Gecko) Chrome/66.0.3359.126 Mobile Safari/537.36"
172.30.0.13 - - [1/April/2020:10:30:1 +629843] "GET /flight-schedule/berlin-samos-flights.html HTTP/1.1"  200 13243  "-" "Mozilla/5.0 (iPhone; CPU iPhone OS 9_1 like Mac OS X) AppleWebKit/601.1.46 (KHTML, like Gecko) Version/9.0 Mobile/13B143 Safari/601.1 (compatible; AdsBot-Google-Mobile; +http://www.google.com/mobile/adsbot.html)"
172.30.0.91 - - [1/April/2020:10:32:1 +709097] "GET /ar/flight-schedule/london-berlin-flights.html HTTP/1.1"   200 11509   "-" "Mozilla/5.0 (compatible; bingbot/2.0; +http://www.bing.com/bingbot.htm)"
172.30.0.247 - - [1/April/2020:10:34:1 +808545] "GET /flight-schedule/guangzhou-baku-flights.html HTTP/1.1"    200 7972    "https://www.google.com/" "Mozilla/5.0 (Windows NT 6.1; WOW64) AppleWebKit/537.36 (KHTML, like Gecko) Chrome/70.0.3538.110 Safari/537.36"
172.30.0.247 - - [1/April/2020:10:36:1 +906583] "GET /flight-schedule/flight-schedules-international.html HTTP/1.1"    302 746    "-" "Mozilla/5.0 (compatible; bingbot/2.0; +http://www.bing.com/bingbot.htm)"
172.30.0.13 - - [1/April/2020:10:38:1 +993974] "GET /flight-schedule/pointe-a-pitre-fort-lauderdale-flights.html-cheap.html HTTP/1.1"    302 748    "-" "Mozilla/5.0 (Linux; Android 8.1.0; SM-G610F) AppleWebKit/537.36 (KHTML, like Gecko) Chrome/71.0.3578.98 Mobile Safari/537.36"
172.30.0.91 - - [1/April/2020:10:40:1 +960655] "GET /flight-schedule/abu-dhabi-mumbai-flights.html?gclid=EAIaIQobChMI5cCS2-Cj3wIVGud3Ch3bGgUuEAAYBCAAEgI-JPD_BwE.html HTTP/1.1"  200 13311  "https://www.google.com.sa/" "Mozilla/5.0 (compatible; bingbot/2.0; +http://www.bing.com/bingbot.htm)"
172.30.0.13 - - [1/April/2020:10:42:2 +117834] "GET /flight-schedule/new-york-vienna-flights.html HTTP/1.1"   200 8497   "-" "Mozilla/5.0 (iPhone; CPU iPhone OS 9_1 like Mac OS X) AppleWebKit/601.1.46 (KHTML, like Gecko) Version/9.0 Mobile/13B143 Safari/601.1 (compatible; AdsBot-Google-Mobile; +http://www.google.com/mobile/adsbot.html)"
172.30.0.91 - - [1/April/2020:10:44:1 +207314] "GET /ar/flight-schedule/chiang-mai-nanning-flights.html HTTP/1.1"  301 967  "-" "Mozilla/5.0 (compatible; bingbot/2.0; +http://www.bing.com/bingbot.htm)"
172.30.0.13 - - [1/April/2020:10:46:1 +297116] "GET /flight-schedule/edinburgh-vienna-flights.html HTTP/1.1"   200 8709   "-" "Mozilla/5.0 (compatible; bingbot/2.0; +http://www.bing.com/bingbot.htm)"
172.30.0.13 - - [1/April/2020:10:48:1 +388291] "GET /flight-schedule/toronto-hong-kong-flights.html HTTP/1.1"     301 589     "-" "ELB-HealthChecker/1.0"
172.30.0.91 - - [1/April/2020:10:50:1 +488686] "GET /flight-schedule/dammam-islamabad-flights.html HTTP/1.1"    302 745    "-" "Mozilla/5.0 (Linux; Android 6.0.1; Nexus 5X Build/MMB29P) AppleWebKit/537.36 (KHTML, like Gecko) Chrome/41.0.2272.96 Mobile Safari/537.36 (compatible; Googlebot/2.1; +http://www.google.com/bot.html)"
172.30.0.13 - - [1/April/2020:10:52:1 +551897] "GET /flight-schedule/wabush-halifax-flights.html HTTP/1.1"     302 748     "https://www.google.co.in/" "Mozilla/5.0 (iPhone; CPU iPhone OS 9_1 like Mac OS X) AppleWebKit/601.1.46 (KHTML, like Gecko) Version/9.0 Mobile/13B143 Safari/601.1 (compatible; AdsBot-Google-Mobile; +http://www.google.com/mobile/adsbot.html)"
172.30.0.247 - - [1/April/2020:10:54:1 +615894] "GET /flight-schedule/baltimore-chattanooga-flights.html HTTP/1.1"   200 12744   "https://www.google.com/" "Mozilla/5.0 (compatible; SemrushBot/3~bl; +http://www.semrush.com/bot.html)"
172.30.0.91 - - [1/April/2020:10:56:1 +723577] "GET /flight-schedule/baltimore-chattanooga-flights.html HTTP/1.1"   301 967   "-" "Mozilla/5.0 (compatible; Googlebot/2.1; +http://www.google.com/bot.html)"
172.30.0.247 - - [1/April/2020:10:58:1 +810554] "GET /flight-schedule/esquel-rome-flights.html HTTP/1.1"  200 8650  "-" "Mozilla/5.0 (Windows NT 10.0; WOW64) AppleWebKit/537.36 (KHTML, like Gecko) Chrome/45.0.2454.93 Safari/537.36"
172.30.0.91 - - [1/April/2020:11:0:1 +872084] "GET /healthCheck.html HTTP/1.1"   301 979   "https://www.google.ae/" "Mozilla/5.0 (compatible; proximic; +https://www.comscore.com/Web-Crawler)"
172.30.0.13 - - [1/April/2020:11:2:1 +956580] "GET /ar/flight-schedule/nagoya-seoul-flights.html HTTP/1.1"    200 8242    "-" "AdsBot-Google (+http://www.google.com/adsbot.html)"
172.30.0.247 - - [1/April/2020:11:4:2 +51877] "GET /flight-schedule/sharjah-sialkot-flights.html HTTP/1.1"  200 7242  "-" "Mozilla/5.0 (compatible; bingbot/2.0; +http://www.bing.com/bingbot.htm)"
172.30.0.13 - - [1/April/2020:11:6:1 +167093] "GET /ar/flight-schedule/omaha-mobile-flights.html HTTP/1.1"   200 9381   "-" "Mozilla/5.0 (Linux; Android 5.1.1; SAMSUNG SM-J700H Build/LMY48B) AppleWebKit/537.36 (KHTML, like Gecko) SamsungBrowser/3.3 Chrome/38.0.2125.102 Mobile Safari/537.36"
172.30.0.247 - - [1/April/2020:11:8:1 +226595] "GET /ar/flight-schedule/philadelphia-nassau-flights.html HTTP/1.1"  200 9381  "-" "Mozilla/5.0 (compatible; SemrushBot/3~bl; +http://www.semrush.com/bot.html)"
172.30.0.13 - - [1/April/2020:11:10:1 +328655] "GET /flight-schedule/new-york-bogota-flights.html HTTP/1.1"    200 12744    "-" "Mozilla/5.0 (compatible; bingbot/2.0; +http://www.bing.com/bingbot.htm)"
172.30.0.247 - - [1/April/2020:11:12:1 +418830] "GET /ar/flight-schedule/dublin-manchester-flights.html HTTP/1.1"  200 10727  "-" "Mozilla/5.0 (iPhone; CPU iPhone OS 12_1 like Mac OS X) AppleWebKit/605.1.15 (KHTML, like Gecko) GSA/64.0.223374052 Mobile/15E148 Safari/605.1"
172.30.0.91 - - [1/April/2020:11:14:1 +498948] "GET /flight-schedule/hefei-nanning-flights.html HTTP/1.1"   302 745   "-" "Mozilla/5.0 (compatible; SemrushBot/3~bl; +http://www.semrush.com/bot.html)"
172.30.0.13 - - [1/April/2020:11:16:1 +599796] "GET /flight-schedule/flights-from-managua-1.html HTTP/1.1"  301 588  "-" "Mozilla/5.0 (Windows NT 6.1; Win64; x64) AppleWebKit/537.36 (KHTML, like Gecko) Chrome/70.0.3538.110 Safari/537.36"
172.30.0.13 - - [1/April/2020:11:18:1 +707046] "GET /flight-schedule/manila-naga-flights.html?dxid=EAIaIQobChMI9pKajOGj3wIVirftCh2k_gl3EAAYAyAAEgKEcvD_BwE&gclid=EAIaIQobChMI9pKajOGj3wIVirftCh2k_gl3EAAYAyAAEgKEcvD_BwE HTTP/1.1"    200 9813    "android-app://com.google.android.googlequicksearchbox/https/www.google.com" "Mozilla/5.0 (compatible; bingbot/2.0; +http://www.bing.com/bingbot.htm)"
172.30.0.247 - - [1/April/2020:11:20:1 +792198] "GET /flight-schedule/flight-schedules-domestic.html HTTP/1.1"  200 10740  "-" "Mozilla/5.0 (compatible; proximic; +https://www.comscore.com/Web-Crawler)"
172.30.0.91 - - [1/April/2020:11:22:1 +878599] "GET /flight-schedule/abu-dhabi-mumbai-flights.html?gclid=EAIaIQobChMI5cCS2-Cj3wIVGud3Ch3bGgUuEAAYBCAAEgI-JPD_BwE.html HTTP/1.1"   200 9617   "-" "AdsBot-Google (+http://www.google.com/adsbot.html)"
172.30.0.13 - - [1/April/2020:11:24:1 +999861] "GET /ar/flight-schedule/doha-khartoum-flights.html HTTP/1.1"   200 7844   "-" "ELB-HealthChecker/1.0"
172.30.0.13 - - [1/April/2020:11:26:1 +123811] "GET /flight-schedule/flights-from-mobile.html HTTP/1.1"  200 12772  "https://www.google.com/" "Mozilla/5.0 (compatible; bingbot/2.0; +http://www.bing.com/bingbot.htm)"
172.30.0.13 - - [1/April/2020:11:28:1 +215819] "GET /ar/flight-schedule/johannesburg-cairo-flights.html HTTP/1.1"   200 9601   "https://www.google.com/" "Mozilla/5.0 (Linux; Android 6.0.1; Nexus 5X Build/MMB29P) AppleWebKit/537.36 (KHTML, like Gecko) Chrome/41.0.2272.96 Mobile Safari/537.36 (compatible; Googlebot/2.1; +http://www.google.com/bot.html)"
172.30.0.13 - - [1/April/2020:11:30:1 +309394] "GET /healthCheck.html HTTP/1.1"    200 12805    "-" "Mozilla/5.0 (compatible; bingbot/2.0; +http://www.bing.com/bingbot.htm)"
172.30.0.247 - - [1/April/2020:11:32:1 +400897] "GET /flight-schedule/london-billund-flights.html HTTP/1.1"   200 8242   "-" "Mozilla/5.0 (Windows NT 10.0; Win64; x64) AppleWebKit/537.36 (KHTML, like Gecko) Chrome/64.0.3282.140 Safari/537.36 Edge/17.17134"
172.30.0.91 - - [1/April/2020:11:34:1 +552541] "GET /flight-schedule/coimbatore-chennai-flights.html?gclid=Cj0KCQiA6dLgBRDoARIsAJgoM4vTBe2Pjn-s8svyNe8XZgCdir2IE1iA3zeyDRL-Dhk2aKxT9mmwXdgaAn72EALw_wcB HTTP/1.1"   200 12805   "-" "Mozilla/5.0 (compatible; bingbot/2.0; +http://www.bing.com/bingbot.htm)"
172.30.0.247 - - [1/April/2020:11:36:1 +656373] "GET /flight-schedule/goa-budapest-flights.html HTTP/1.1"   200 281   "-" "AdsBot-Google (+http://www.google.com/adsbot.html)"
172.30.0.13 - - [1/April/2020:11:38:1 +753864] "GET /healthCheck.html HTTP/1.1"  301 902  "-" "Mozilla/5.0 (iPhone; CPU iPhone OS 9_1 like Mac OS X) AppleWebKit/601.1.46 (KHTML, like Gecko) Version/9.0 Mobile/13B143 Safari/601.1 (compatible; AdsBot-Google-Mobile; +http://www.google.com/mobile/adsbot.html)"
172.30.0.247 - - [1/April/2020:11:40:1 +839329] "GET /flight-schedule/kitakyushu-yangyang-flights.html-cheap.html HTTP/1.1"   200 7844   "https://www.google.com/" "Mozilla/5.0 (compatible; SemrushBot/3~bl; +http://www.semrush.com/bot.html)"
172.30.0.13 - - [1/April/2020:11:42:1 +989975] "GET /flight-schedule/toronto-hong-kong-flights.html HTTP/1.1"    200 9952    "-" "AdsBot-Google (+http://www.google.com/adsbot.html)"
172.30.0.91 - - [1/April/2020:11:44:2 +139486] "GET /flight-schedule/dubai-jeddah-flights.html?dxid=Cj0KCQiA6dLgBRDoARIsAJgoM4uZ5JhHrRFKv4fPQnbQTJfVSAblrARhY_fNHRZw7SGYH-4xeEzZH2AaAqjYEALw_wcB&gclid=Cj0KCQiA6dLgBRDoARIsAJgoM4uZ5JhHrRFKv4fPQnbQTJfVSAblrARhY_fNHRZw7SGYH-4xeEzZH2AaAqjYEALw_wcB.html HTTP/1.1"   200 9498   "-" "Mozilla/5.0 (iPhone; CPU iPhone OS 12_1 like Mac OS X) AppleWebKit/605.1.15 (KHTML, like Gecko) GSA/64.0.223374052 Mobile/15E148 Safari/605.1"
172.30.0.91 - - [1/April/2020:11:46:1 +271649] "GET /flight-schedule/flight-schedules-domestic.html HTTP/1.1"  301 976  "-" "ELB-HealthChecker/1.0"
172.30.0.13 - - [1/April/2020:11:48:1 +362522] "GET /flight-schedule/bangkok-mexico-city-flights.html HTTP/1.1"    200 8242    "-" "Mozilla/5.0 (Windows NT 6.1; Win64; x64) AppleWebKit/537.36 (KHTML, like Gecko) Chrome/70.0.3538.110 Safari/537.36"
172.30.0.91 - - [1/April/2020:11:50:1 +449062] "GET /ar/flight-schedule/philadelphia-nassau-flights.html HTTP/1.1"  301 799  "-" "ELB-HealthChecker/1.0"
172.30.0.13 - - [1/April/2020:11:52:1 +538588] "GET /ar/flight-schedule/chiang-mai-nanning-flights.html HTTP/1.1"     200 10502     "-" "AdsBot-Google (+http://www.google.com/adsbot.html)"
172.30.0.13 - - [1/April/2020:11:54:1 +662902] "GET /flight-schedule/toronto-hong-kong-flights.html HTTP/1.1"  200 9677  "-" "AdsBot-Google (+http://www.google.com/adsbot.html)"
172.30.0.247 - - [1/April/2020:11:56:1 +804116] "GET /flight-schedule/amsterdam-minsk-flights.html HTTP/1.1"  200 10687  "-" "Mozilla/5.0 (Windows NT 6.1; WOW64) AppleWebKit/537.36 (KHTML, like Gecko) Chrome/70.0.3538.110 Safari/537.36"
172.30.0.13 - - [1/April/2020:11:58:1 +899530] "GET /ar/flight-schedule/abu-dhabi-jeddah-flights.html-cheap.html HTTP/1.1"   200 9625   "https://www.google.com/" "ELB-HealthChecker/1.0"
172.30.0.13 - - [1/April/2020:12:0:2 +237492] "GET /ar/flight-schedule/nantes-palma-mallorca-flights.html HTTP/1.1"     301 589     "-" "Mozilla/5.0 (compatible; bingbot/2.0; +http://www.bing.com/bingbot.htm)"
172.30.0.13 - - [1/April/2020:12:2:1 +406007] "GET /flight-schedule/mumbai-seattle-flights.html HTTP/1.1"    200 8497    "-" "Mozilla/5.0 (Linux; Android 6.0.1; Nexus 5X Build/MMB29P) AppleWebKit/537.36 (KHTML, like Gecko) Chrome/41.0.2272.96 Mobile Safari/537.36 (compatible; Googlebot/2.1; +http://www.google.com/bot.html)"
172.30.0.91 - - [1/April/2020:12:4:1 +618190] "GET /flight-schedule/cincinnati-amsterdam-flights.html HTTP/1.1"   200 8497   "-" "Mozilla/5.0 (iPhone; CPU iPhone OS 9_1 like Mac OS X) AppleWebKit/601.1.46 (KHTML, like Gecko) Version/9.0 Mobile/13B143 Safari/601.1 (compatible; AdsBot-Google-Mobile; +http://www.google.com/mobile/adsbot.html)"
172.30.0.13 - - [1/April/2020:12:6:1 +752072] "GET /flight-schedule/mumbai-seattle-flights.html HTTP/1.1"  200 8929  "-" "Mozilla/5.0 (compatible; BLEXBot/1.0; +http://webmeup-crawler.com/)"
172.30.0.13 - - [1/April/2020:12:8:1 +821733] "GET /flight-schedule/abu-dhabi-colombo-flights.html HTTP/1.1"  200 281  "-" "Mozilla/5.0 (iPhone; CPU iPhone OS 9_1 like Mac OS X) AppleWebKit/601.1.46 (KHTML, like Gecko) Version/9.0 Mobile/13B143 Safari/601.1 (compatible; AdsBot-Google-Mobile; +http://www.google.com/mobile/adsbot.html)"
172.30.0.13 - - [1/April/2020:12:10:1 +939278] "GET /ar/flight-schedule/chiang-mai-nanning-flights.html HTTP/1.1"   200 281   "-" "Mozilla/5.0 (iPhone; CPU iPhone OS 11_2_1 like Mac OS X) AppleWebKit/604.4.7 (KHTML, like Gecko) Version/11.0 Mobile/15C153 Safari/604.1"
172.30.0.13 - - [1/April/2020:12:12:2 +9412] "GET /flight-schedule/muscat-chittagong-flights.html?gclid=EAIaIQobChMIw8r-6-Cj3wIV0uF3Ch2kbQ21EAAYAiAAEgI83fD_BwE.html HTTP/1.1"   200 12041   "https://www.google.co.in/" "Mozilla/5.0 (compatible; bingbot/2.0; +http://www.bing.com/bingbot.htm)"
172.30.0.13 - - [1/April/2020:12:14:1 +117820] "GET /flight-schedule/abu-dhabi-peshawar-flights.html?gclid=Cj0KCQiA6dLgBRDoARIsAJgoM4tYfuUYhY84mdwM7GwtjBJPdw255BG8VuuEk0wSTgav7kO7OaFJSRoaAqBlEALw_wcB HTTP/1.1"  500 1969  "https://www.google.com/" "Mozilla/5.0 (compatible; SemrushBot/3~bl; +http://www.semrush.com/bot.html)"
172.30.0.91 - - [1/April/2020:12:16:1 +194642] "GET /ar/flight-schedule/johannesburg-cairo-flights.html HTTP/1.1"   301 973   "-" "Mozilla/5.0 (compatible; proximic; +https://www.comscore.com/Web-Crawler)"172.30.0.247 - - [1/April/2020:17:50:28 +815190] "GET /flight-schedule/new-york-bogota-flights.html HTTP/1.1"   200 8242   "-" "Mozilla/5.0 (compatible; bingbot/2.0; +http://www.bing.com/bingbot.htm)"
