172.30.0.247 - - [30/Mar/2020:22:40:1 +845945] "GET /ar/flight-schedule/anchorage-portland-flights.html HTTP/1.1"  200 6615  "-" "ELB-HealthChecker/1.0"
172.30.0.13 - - [30/Mar/2020:22:42:1 +918703] "GET /flight-schedule/abu-dhabi-peshawar-flights.html?gclid=Cj0KCQiA6dLgBRDoARIsAJgoM4tYfuUYhY84mdwM7GwtjBJPdw255BG8VuuEk0wSTgav7kO7OaFJSRoaAqBlEALw_wcB HTTP/1.1"  200 281  "-" "Mozilla/5.0 (Windows NT 10.0; Win64; x64) AppleWebKit/537.36 (KHTML, like Gecko) Chrome/64.0.3282.140 Safari/537.36 Edge/17.17134"
172.30.0.247 - - [30/Mar/2020:22:44:1 +988594] "GET /flight-schedule/dubai-jeddah-flights.html?dxid=Cj0KCQiA6dLgBRDoARIsAJgoM4uZ5JhHrRFKv4fPQnbQTJfVSAblrARhY_fNHRZw7SGYH-4xeEzZH2AaAqjYEALw_wcB&gclid=Cj0KCQiA6dLgBRDoARIsAJgoM4uZ5JhHrRFKv4fPQnbQTJfVSAblrARhY_fNHRZw7SGYH-4xeEzZH2AaAqjYEALw_wcB.html HTTP/1.1"  200 281  "-" "Mozilla/5.0 (Windows NT 6.1; Win64; x64) AppleWebKit/537.36 (KHTML, like Gecko) Chrome/70.0.3538.110 Safari/537.36"
172.30.0.13 - - [30/Mar/2020:22:46:1 +73387] "GET /ar/flight-schedule/dublin-manchester-flights.html HTTP/1.1"  200 13243  "-" "Mozilla/5.0 (compatible; bingbot/2.0; +http://www.bing.com/bingbot.htm)"
172.30.0.13 - - [30/Mar/2020:22:48:1 +149754] "GET /flight-schedule/edinburgh-vienna-flights.html HTTP/1.1"  200 9952  "-" "Mozilla/5.0 (compatible; Googlebot/2.1; +http://www.google.com/bot.html)"
172.30.0.91 - - [30/Mar/2020:22:50:1 +196702] "GET /flight-schedule/brasilia-goiania-flights.html HTTP/1.1"  200 10727  "https://www.google.com/" "Mozilla/5.0 (Windows NT 6.1; Win64; x64) AppleWebKit/537.36 (KHTML, like Gecko) Chrome/70.0.3538.110 Safari/537.36"
172.30.0.13 - - [30/Mar/2020:22:52:1 +240879] "GET /flight-schedule/mumbai-seattle-flights.html HTTP/1.1"   200 9013   "-" "Mozilla/5.0 (Windows NT 6.1; Win64; x64) AppleWebKit/537.36 (KHTML, like Gecko) Chrome/70.0.3538.110 Safari/537.36"
172.30.0.13 - - [30/Mar/2020:22:54:1 +317265] "GET /ar/flight-schedule/abu-dhabi-jeddah-flights.html-cheap.html HTTP/1.1"  200 10502  "https://www.google.com/" "Mozilla/5.0 (Windows NT 6.3; WOW64; Trident/7.0; rv:11.0) like Gecko"
172.30.0.247 - - [30/Mar/2020:22:56:1 +398512] "GET /ar/flight-schedule/jeddah-ouargla-flights.html HTTP/1.1"  200 8941  "https://www.google.com/" "Mozilla/5.0 (compatible; bingbot/2.0; +http://www.bing.com/bingbot.htm)"
172.30.0.13 - - [30/Mar/2020:22:58:1 +449383] "GET /ar/flight-schedule/omaha-mobile-flights.html HTTP/1.1"  500 1969  "-" "ELB-HealthChecker/1.0"
172.30.0.91 - - [30/Mar/2020:23:0:1 +525139] "GET /flight-schedule/jaipur-udaipur-flights.html HTTP/1.1"  200 7844  "-" "Mozilla/5.0 (Windows NT 6.3; WOW64; Trident/7.0; rv:11.0) like Gecko"
172.30.0.13 - - [30/Mar/2020:23:2:1 +594990] "GET /flight-schedule/zhengzhou-dubai-flights.html HTTP/1.1"  301 975  "-" "Mozilla/5.0 (Windows NT 10.0; Win64; x64) AppleWebKit/537.36 (KHTML, like Gecko) Chrome/71.0.3578.98 Safari/537.36"
172.30.0.247 - - [30/Mar/2020:23:4:1 +641063] "GET /healthCheck.html HTTP/1.1"   500 1969   "-" "Mozilla/5.0 (Windows NT 6.3; Win64; x64) AppleWebKit/537.36 (KHTML, like Gecko) Chrome/71.0.3578.98 Safari/537.36"
172.30.0.247 - - [30/Mar/2020:23:6:1 +719271] "GET /flight-schedule/hong-kong-kolkata-flights.html HTTP/1.1"  200 11677  "-" "AdsBot-Google (+http://www.google.com/adsbot.html)"
172.30.0.13 - - [30/Mar/2020:23:8:1 +787951] "GET /flight-schedule/kitakyushu-yangyang-flights.html-cheap HTTP/1.1"  200 9321  "-" "Mozilla/5.0 (Linux; Android 6.0.1; Nexus 5X Build/MMB29P) AppleWebKit/537.36 (KHTML, like Gecko) Chrome/41.0.2272.96 Mobile Safari/537.36 (compatible; Googlebot/2.1; +http://www.google.com/bot.html)"
172.30.0.91 - - [30/Mar/2020:23:10:1 +867061] "GET /flight-schedule/manila-cotabato-flights.html?gclid=Cj0KCQiA6dLgBRDoARIsAJgoM4slgAwjNnP6JIHWOaR77iYXb5onZxxpfyIOpFbyqGz2TogBBwl0PBkaAugKEALw_wcB HTTP/1.1"  200 9074  "-" "Mozilla/5.0 (Linux; Android 6.0.1; Nexus 5X Build/MMB29P) AppleWebKit/537.36 (KHTML, like Gecko) Chrome/41.0.2272.96 Mobile Safari/537.36 (compatible; Googlebot/2.1; +http://www.google.com/bot.html)"
172.30.0.13 - - [30/Mar/2020:23:12:1 +942713] "GET /flight-schedule/dublin-budapest-flights.html HTTP/1.1"  200 9625  "https://www.google.com/" "Mozilla/5.0 (compatible; bingbot/2.0; +http://www.bing.com/bingbot.htm)"
172.30.0.13 - - [30/Mar/2020:23:14:2 +15591] "GET /flight-schedule/edinburgh-vienna-flights.html HTTP/1.1"  200 281  "-" "Mozilla/5.0 (compatible; Googlebot/2.1; +http://www.google.com/bot.html)"
172.30.0.13 - - [30/Mar/2020:23:16:1 +76018] "GET /flight-schedule/dammam-trivandrum-flights.html HTTP/1.1"  200 12805  "-" "Mozilla/5.0 (Linux; Android 7.1.1; ONEPLUS A5000) AppleWebKit/537.36 (KHTML, like Gecko) Chrome/70.0.3538.80 Mobile Safari/537.36"
172.30.0.91 - - [30/Mar/2020:23:18:1 +131875] "GET /flight-schedule/abu-dhabi-peshawar-flights.html?gclid=Cj0KCQiA6dLgBRDoARIsAJgoM4tYfuUYhY84mdwM7GwtjBJPdw255BG8VuuEk0wSTgav7kO7OaFJSRoaAqBlEALw_wcB.html HTTP/1.1"   200 13243   "https://www.google.com/" "Mozilla/5.0 (Linux; Android 6.0.1; Nexus 5X Build/MMB29P) AppleWebKit/537.36 (KHTML, like Gecko) Chrome/41.0.2272.96 Mobile Safari/537.36 (compatible; Googlebot/2.1; +http://www.google.com/bot.html)"
172.30.0.13 - - [30/Mar/2020:23:20:1 +200709] "GET /flight-schedule/coimbatore-chennai-flights.html?gclid=Cj0KCQiA6dLgBRDoARIsAJgoM4vTBe2Pjn-s8svyNe8XZgCdir2IE1iA3zeyDRL-Dhk2aKxT9mmwXdgaAn72EALw_wcB.html HTTP/1.1"  200 10832  "https://www.google.com/" "Mozilla/5.0 (Windows NT 6.1; Win64; x64) AppleWebKit/537.36 (KHTML, like Gecko) Chrome/70.0.3538.110 Safari/537.36"
172.30.0.13 - - [30/Mar/2020:23:22:1 +243456] "GET /ar/flight-schedule/milan-cairo-flights.html HTTP/1.1"  301 976  "-" "Mozilla/5.0 (compatible; BLEXBot/1.0; +http://webmeup-crawler.com/)"
172.30.0.247 - - [30/Mar/2020:23:24:1 +293871] "GET /flight-schedule/quebec-eau-claire-flights.html HTTP/1.1"  200 281  "https://www.google.com/" "Mozilla/5.0 (Windows NT 6.1; Win64; x64) AppleWebKit/537.36 (KHTML, like Gecko) Chrome/70.0.3538.110 Safari/537.36"
172.30.0.13 - - [30/Mar/2020:23:26:1 +385126] "GET /ar/flight-schedule/milan-rome-flights.html HTTP/1.1"  302 746  "-" "Mozilla/5.0 (compatible; bingbot/2.0; +http://www.bing.com/bingbot.htm)"
172.30.0.247 - - [30/Mar/2020:23:28:1 +463686] "GET /flight-schedule/victoria-falls-johannesburg-flights.html HTTP/1.1"  200 10545  "-" "AdsBot-Google (+http://www.google.com/adsbot.html)"
172.30.0.13 - - [30/Mar/2020:23:30:1 +534907] "GET /flight-schedule/amsterdam-minsk-flights.html HTTP/1.1"  200 10502  "-" "Mozilla/5.0 (compatible; Googlebot/2.1; +http://www.google.com/bot.html)"
172.30.0.13 - - [30/Mar/2020:23:32:1 +620802] "GET /flight-schedule/goa-budapest-flights.html HTTP/1.1"  200 9100  "-" "Mozilla/5.0 (compatible; bingbot/2.0; +http://www.bing.com/bingbot.htm)"
172.30.0.247 - - [30/Mar/2020:23:34:1 +693119] "GET /flight-schedule/guwahati-hyderabad-flights.html HTTP/1.1"   200 10703   "-" "Mozilla/5.0 (Linux; Android 7.0; Moto C Plus) AppleWebKit/537.36 (KHTML, like Gecko) Chrome/71.0.3578.98 Mobile Safari/537.36"
172.30.0.13 - - [30/Mar/2020:23:36:1 +778170] "GET /flight-schedule/cody-yellowstone-salt-lake-city-flights.html HTTP/1.1"  301 902  "-" "Mozilla/5.0 (Linux; Android 6.0.1; Nexus 5X Build/MMB29P) AppleWebKit/537.36 (KHTML, like Gecko) Chrome/41.0.2272.96 Mobile Safari/537.36 (compatible; Googlebot/2.1; +http://www.google.com/bot.html)"
172.30.0.247 - - [30/Mar/2020:23:38:1 +824629] "GET /flight-schedule/dubai-jeddah-flights.html?dxid=Cj0KCQiA6dLgBRDoARIsAJgoM4uZ5JhHrRFKv4fPQnbQTJfVSAblrARhY_fNHRZw7SGYH-4xeEzZH2AaAqjYEALw_wcB&gclid=Cj0KCQiA6dLgBRDoARIsAJgoM4uZ5JhHrRFKv4fPQnbQTJfVSAblrARhY_fNHRZw7SGYH-4xeEzZH2AaAqjYEALw_wcB.html HTTP/1.1"  302 748  "-" "Mozilla/5.0 (compatible; bingbot/2.0; +http://www.bing.com/bingbot.htm)"
172.30.0.13 - - [31/Mar/2020:10:32:59 +713971] "GET /flight-schedule/flights-to-apartado.html HTTP/1.1"   200 10502   "-" "Mozilla/5.0 (compatible; bingbot/2.0; +http://www.bing.com/bingbot.htm)"
172.30.0.13 - - [31/Mar/2020:10:34:1 +784679] "GET /healthCheck.html HTTP/1.1"  200 9498  "-" "Mozilla/5.0 (iPhone; CPU iPhone OS 9_1 like Mac OS X) AppleWebKit/601.1.46 (KHTML, like Gecko) Version/9.0 Mobile/13B143 Safari/601.1 (compatible; AdsBot-Google-Mobile; +http://www.google.com/mobile/adsbot.html)"
172.30.0.13 - - [31/Mar/2020:10:36:1 +882041] "GET /flight-schedule/flight-schedules-domestic.html HTTP/1.1"  301 963  "-" "Mozilla/5.0 (compatible; bingbot/2.0; +http://www.bing.com/bingbot.htm)"
172.30.0.247 - - [31/Mar/2020:10:38:1 +592993] "GET /flight-schedule/abu-dhabi-colombo-flights.html HTTP/1.1"  301 775  "-" "Mozilla/5.0 (Windows NT 6.1; Win64; x64) AppleWebKit/537.36 (KHTML, like Gecko) Chrome/71.0.3578.98 Safari/537.36"
172.30.0.13 - - [31/Mar/2020:10:40:1 +678030] "GET /healthCheck.html HTTP/1.1"  200 281  "https://www.google.com.sg/" "Mozilla/5.0 (Windows NT 6.3; Win64; x64) AppleWebKit/537.36 (KHTML, like Gecko) Chrome/71.0.3578.98 Safari/537.36"
172.30.0.13 - - [31/Mar/2020:10:42:1 +754991] "GET /flight-schedule/dubai-jeddah-flights.html?dxid=Cj0KCQiA6dLgBRDoARIsAJgoM4uZ5JhHrRFKv4fPQnbQTJfVSAblrARhY_fNHRZw7SGYH-4xeEzZH2AaAqjYEALw_wcB&gclid=Cj0KCQiA6dLgBRDoARIsAJgoM4uZ5JhHrRFKv4fPQnbQTJfVSAblrARhY_fNHRZw7SGYH-4xeEzZH2AaAqjYEALw_wcB.html HTTP/1.1"  301 589  "https://www.google.com/" "Mozilla/5.0 (Linux; Android 6.0.1; Nexus 5X Build/MMB29P) AppleWebKit/537.36 (KHTML, like Gecko) Chrome/41.0.2272.96 Mobile Safari/537.36 (compatible; Googlebot/2.1; +http://www.google.com/bot.html)"
172.30.0.247 - - [31/Mar/2020:10:44:1 +849025] "GET /flight-schedule/toronto-hong-kong-flights.html HTTP/1.1"  200 281  "-" "AdsBot-Google (+http://www.google.com/adsbot.html)"
172.30.0.13 - - [31/Mar/2020:10:46:1 +950728] "GET /flight-schedule/hefei-nanning-flights.html HTTP/1.1"  200 9321  "-" "Mozilla/5.0 (compatible; Googlebot/2.1; +http://www.google.com/bot.html)"
172.30.0.91 - - [31/Mar/2020:10:48:2 +27654] "GET /flight-schedule/muscat-chittagong-flights.html?gclid=EAIaIQobChMIw8r-6-Cj3wIV0uF3Ch2kbQ21EAAYAiAAEgI83fD_BwE.html HTTP/1.1"   200 10832   "https://www.google.com/" "Mozilla/5.0 (Linux; Android 7.0; Moto C Plus) AppleWebKit/537.36 (KHTML, like Gecko) Chrome/71.0.3578.98 Mobile Safari/537.36"
172.30.0.91 - - [31/Mar/2020:10:50:1 +109758] "GET /flight-schedule/sharjah-salalah-flights.html HTTP/1.1"  200 7972  "https://www.google.com/" "Mozilla/5.0 (Linux; Android 6.0.1; Nexus 5X Build/MMB29P) AppleWebKit/537.36 (KHTML, like Gecko) Chrome/41.0.2272.96 Mobile Safari/537.36 (compatible; Googlebot/2.1; +http://www.google.com/bot.html)"
172.30.0.13 - - [31/Mar/2020:10:52:1 +196318] "GET /flight-schedule/abu-dhabi-peshawar-flights.html?gclid=Cj0KCQiA6dLgBRDoARIsAJgoM4tYfuUYhY84mdwM7GwtjBJPdw255BG8VuuEk0wSTgav7kO7OaFJSRoaAqBlEALw_wcB HTTP/1.1"   200 7972   "-" "Mozilla/5.0 (iPhone; CPU iPhone OS 9_1 like Mac OS X) AppleWebKit/601.1.46 (KHTML, like Gecko) Version/9.0 Mobile/13B143 Safari/601.1 (compatible; AdsBot-Google-Mobile; +http://www.google.com/mobile/adsbot.html)"
172.30.0.91 - - [31/Mar/2020:10:54:1 +276137] "GET /ar/flight-schedule/jeddah-ouargla-flights.html HTTP/1.1"  302 748  "https://www.google.com/" "Mozilla/5.0 (compatible; Googlebot/2.1; +http://www.google.com/bot.html)"
172.30.0.91 - - [31/Mar/2020:10:56:1 +368148] "GET /flight-schedule/dublin-budapest-flights.html HTTP/1.1"  200 6615  "https://www.google.com/" "Mozilla/5.0 (Linux; Android 6.0.1; Nexus 5X Build/MMB29P) AppleWebKit/537.36 (KHTML, like Gecko) Chrome/41.0.2272.96 Mobile Safari/537.36 (compatible; Googlebot/2.1; +http://www.google.com/bot.html)"
172.30.0.91 - - [31/Mar/2020:10:58:1 +446499] "GET /ar/flight-schedule/nantes-palma-mallorca-flights.html HTTP/1.1"   200 281   "-" "Mozilla/5.0 (compatible; bingbot/2.0; +http://www.bing.com/bingbot.htm)"
172.30.0.13 - - [31/Mar/2020:11:0:1 +522981] "GET /flight-schedule/mumbai-seattle-flights.html HTTP/1.1"  200 7844  "-" "Mozilla/5.0 (compatible; bingbot/2.0; +http://www.bing.com/bingbot.htm)"
172.30.0.13 - - [31/Mar/2020:11:2:1 +599142] "GET /flight-schedule/abu-dhabi-manila-flights.html HTTP/1.1"  200 13620  "-" "Mozilla/5.0 (compatible; Googlebot/2.1; +http://www.google.com/bot.html)"
172.30.0.13 - - [31/Mar/2020:11:4:1 +679392] "GET /ar/flight-schedule/anchorage-portland-flights.html HTTP/1.1"    200 10832    "https://www.google.com/" "Mozilla/5.0 (iPhone; CPU iPhone OS 9_1 like Mac OS X) AppleWebKit/601.1.46 (KHTML, like Gecko) Version/9.0 Mobile/13B143 Safari/601.1 (compatible; AdsBot-Google-Mobile; +http://www.google.com/mobile/adsbot.html)"
172.30.0.13 - - [31/Mar/2020:11:6:1 +780143] "GET /flight-schedule/dublin-budapest-flights.html HTTP/1.1"  200 11047  "-" "Mozilla/5.0 (iPhone; CPU iPhone OS 9_1 like Mac OS X) AppleWebKit/601.1.46 (KHTML, like Gecko) Version/9.0 Mobile/13B143 Safari/601.1 (compatible; AdsBot-Google-Mobile; +http://www.google.com/mobile/adsbot.html)"
172.30.0.13 - - [31/Mar/2020:11:8:1 +851715] "GET /healthCheck.html HTTP/1.1"  200 281  "-" "Mozilla/5.0 (Linux; Android 7.0; Moto C Plus) AppleWebKit/537.36 (KHTML, like Gecko) Chrome/71.0.3578.98 Mobile Safari/537.36"
172.30.0.91 - - [31/Mar/2020:11:10:2 +2706] "GET /flight-schedule/brasilia-goiania-flights.html HTTP/1.1"   200 281   "-" "Mozilla/5.0 (Linux; Android 7.0; Moto C Plus) AppleWebKit/537.36 (KHTML, like Gecko) Chrome/71.0.3578.98 Mobile Safari/537.36"
172.30.0.91 - - [31/Mar/2020:11:12:1 +109985] "GET /flight-schedule/muscat-chittagong-flights.html?gclid=EAIaIQobChMIw8r-6-Cj3wIV0uF3Ch2kbQ21EAAYAiAAEgI83fD_BwE.html HTTP/1.1"  200 281  "https://www.google.com.sa/" "Mozilla/5.0 (compatible; bingbot/2.0; +http://www.bing.com/bingbot.htm)"
172.30.0.91 - - [31/Mar/2020:11:14:1 +186715] "GET /healthCheck.html HTTP/1.1"  302 745  "-" "Mozilla/5.0 (Linux; Android 5.1.1; SAMSUNG SM-J700H Build/LMY48B) AppleWebKit/537.36 (KHTML, like Gecko) SamsungBrowser/3.3 Chrome/38.0.2125.102 Mobile Safari/537.36"
172.30.0.13 - - [31/Mar/2020:11:16:1 +321985] "GET /flight-schedule/hefei-nanning-flights.html HTTP/1.1"  200 10739  "-" "ELB-HealthChecker/1.0"
172.30.0.247 - - [31/Mar/2020:11:18:1 +418689] "GET /flight-schedule/muscat-chittagong-flights.html?gclid=EAIaIQobChMIw8r-6-Cj3wIV0uF3Ch2kbQ21EAAYAiAAEgI83fD_BwE HTTP/1.1"  301 1088  "-" "Mozilla/5.0 (iPhone; CPU iPhone OS 9_1 like Mac OS X) AppleWebKit/601.1.46 (KHTML, like Gecko) Version/9.0 Mobile/13B143 Safari/601.1 (compatible; AdsBot-Google-Mobile; +http://www.google.com/mobile/adsbot.html)"
172.30.0.13 - - [31/Mar/2020:11:20:1 +494735] "GET /flight-schedule/dubai-jeddah-flights.html?dxid=Cj0KCQiA6dLgBRDoARIsAJgoM4uZ5JhHrRFKv4fPQnbQTJfVSAblrARhY_fNHRZw7SGYH-4xeEzZH2AaAqjYEALw_wcB&gclid=Cj0KCQiA6dLgBRDoARIsAJgoM4uZ5JhHrRFKv4fPQnbQTJfVSAblrARhY_fNHRZw7SGYH-4xeEzZH2AaAqjYEALw_wcB.html HTTP/1.1"  200 10491  "-" "AdsBot-Google (+http://www.google.com/adsbot.html)"
172.30.0.91 - - [31/Mar/2020:11:22:1 +580953] "GET /flight-schedule/muscat-chittagong-flights.html?gclid=EAIaIQobChMIw8r-6-Cj3wIV0uF3Ch2kbQ21EAAYAiAAEgI83fD_BwE.html HTTP/1.1"   200 9498   "-" "Mozilla/5.0 (Linux; Android 8.1.0; SM-G610F) AppleWebKit/537.36 (KHTML, like Gecko) Chrome/71.0.3578.98 Mobile Safari/537.36"
172.30.0.13 - - [31/Mar/2020:11:24:1 +669964] "GET /flight-schedule/victoria-falls-johannesburg-flights.html HTTP/1.1"   200 281   "-" "Mozilla/5.0 (iPhone; CPU iPhone OS 9_1 like Mac OS X) AppleWebKit/601.1.46 (KHTML, like Gecko) Version/9.0 Mobile/13B143 Safari/601.1 (compatible; AdsBot-Google-Mobile; +http://www.google.com/mobile/adsbot.html)"
172.30.0.13 - - [31/Mar/2020:11:26:1 +803338] "GET /flight-schedule/evansville-norfolk-flights.html HTTP/1.1"   200 10502   "-" "ELB-HealthChecker/1.0"
172.30.0.13 - - [31/Mar/2020:11:28:1 +998537] "GET /flight-schedule/sharjah-amman-flights.html HTTP/1.1"  200 10687  "-" "Mozilla/5.0 (compatible; bingbot/2.0; +http://www.bing.com/bingbot.htm)"
172.30.0.247 - - [31/Mar/2020:11:30:1 +85350] "GET /ar/flight-schedule/jeddah-ouargla-flights.html HTTP/1.1"   200 7844   "-" "Mozilla/5.0 (Windows NT 6.1; WOW64) AppleWebKit/537.36 (KHTML, like Gecko) Chrome/70.0.3538.110 Safari/537.36"
172.30.0.247 - - [31/Mar/2020:11:32:1 +199574] "GET /ar/flight-schedule/newcastle-jersey-flights.html HTTP/1.1"  200 9601  "-" "Mozilla/5.0 (iPhone; CPU iPhone OS 9_1 like Mac OS X) AppleWebKit/601.1.46 (KHTML, like Gecko) Version/9.0 Mobile/13B143 Safari/601.1 (compatible; AdsBot-Google-Mobile; +http://www.google.com/mobile/adsbot.html)"
172.30.0.13 - - [31/Mar/2020:11:34:1 +292205] "GET /ar/flight-schedule/milwaukee-phoenix-flights.html HTTP/1.1"  200 13243  "-" "ELB-HealthChecker/1.0"
172.30.0.13 - - [31/Mar/2020:11:36:1 +378884] "GET /ar/flight-schedule/san-fernando-de-apure-caracas-flights.html-cheap.html HTTP/1.1"  301 775  "https://www.google.com/" "AdsBot-Google (+http://www.google.com/adsbot.html)"
172.30.0.247 - - [31/Mar/2020:11:38:1 +437251] "GET /flight-schedule/muscat-entebbe-flights.html HTTP/1.1"  301 588  "https://www.google.com/" "Mozilla/5.0 (compatible; bingbot/2.0; +http://www.bing.com/bingbot.htm)"
172.30.0.13 - - [31/Mar/2020:11:40:1 +529742] "GET /flight-schedule/sofia-bucharest-flights.html HTTP/1.1"  200 12097  "https://www.google.com.sa/" "AdsBot-Google (+http://www.google.com/adsbot.html)"
172.30.0.91 - - [31/Mar/2020:11:42:1 +619809] "GET /flight-schedule/jeddah-halifax-flights.html HTTP/1.1"   200 6615   "-" "Mozilla/5.0 (Linux; Android 6.0.1; Nexus 5X Build/MMB29P) AppleWebKit/537.36 (KHTML, like Gecko) Chrome/41.0.2272.96 Mobile Safari/537.36 (compatible; Googlebot/2.1; +http://www.google.com/bot.html)"
172.30.0.13 - - [31/Mar/2020:11:44:1 +701990] "GET /healthCheck.html HTTP/1.1"   302 748   "-" "Mozilla/5.0 (compatible; Googlebot/2.1; +http://www.google.com/bot.html)"
172.30.0.91 - - [31/Mar/2020:11:46:1 +780719] "GET /flight-schedule/flights-from-notodden.html HTTP/1.1"    200 281    "-" "Mozilla/5.0 (compatible; bingbot/2.0; +http://www.bing.com/bingbot.htm)"
172.30.0.13 - - [31/Mar/2020:11:48:1 +831140] "GET /flight-schedule/abu-dhabi-colombo-flights.html HTTP/1.1"  200 9272  "https://www.google.com.sa/" "Mozilla/5.0 (compatible; bingbot/2.0; +http://www.bing.com/bingbot.htm)"
172.30.0.247 - - [31/Mar/2020:11:50:1 +915335] "GET /flight-schedule/muscat-chittagong-flights.html?gclid=EAIaIQobChMIw8r-6-Cj3wIV0uF3Ch2kbQ21EAAYAiAAEgI83fD_BwE.html HTTP/1.1"   302 746   "-" "Mozilla/5.0 (Linux; Android 8.1.0; SAMSUNG SM-J530F Build/M1AJQ) AppleWebKit/537.36 (KHTML, like Gecko) SamsungBrowser/7.4 Chrome/59.0.3071.125 Mobile Safari/537.36"
172.30.0.13 - - [31/Mar/2020:11:52:2 +151871] "GET /flight-schedule/sofia-bucharest-flights.html HTTP/1.1"  200 13311  "-" "Mozilla/5.0 (Linux; Android 6.0.1; Nexus 5X Build/MMB29P) AppleWebKit/537.36 (KHTML, like Gecko) Chrome/41.0.2272.96 Mobile Safari/537.36 (compatible; Googlebot/2.1; +http://www.google.com/bot.html)"
172.30.0.13 - - [31/Mar/2020:11:54:1 +225507] "GET /flight-schedule/abu-dhabi-mumbai-flights.html?gclid=EAIaIQobChMI5cCS2-Cj3wIVGud3Ch3bGgUuEAAYBCAAEgI-JPD_BwE.html HTTP/1.1"  200 9617  "https://www.google.com/aclk?sa=l&ai=DChcSEwi4yarO4KPfAhUT53cKHd_OADQYABAAGgJlZg&sig=AOD64_0vYKvWhz_jxtZOTQ1uBhLJtTi_Mw&rct=j&q=&ved=2ahUKEwitkqTO4KPfAhWB-qQKHWXdBxgQ0Qx6BAgMEAE&adurl=&bg=!kJOlk4tEbUhuA45I7HICAAAAMFIAAAAECgBLHqS9PXpJB_m3GxcdFBiuNnGWChyVopnRyOY4O4KFY20_sqft3jlTjIRLZeeMDuLAGoMNhKQtRlEz0D3RGXCS-bojKoouNGvHukHomQDeK-o4xk-Nw3OHRCRbdVabJfmsshP2Wu6sCuekRuc6zZy7UYVMPYh-ZqZ0bC_2Rv4jkhsIUge3uSCcFFeQ2OU-3HG0E-JD7KILMRoDuNQ5S3RFy0vDIlFq_wyB5LhCFoNVTBlEKyzN-zwjcE_Ubt8AambT_hhD0C_p0PjcCzBx85UmkoPSUGMboFIAfVINFlO20lCNrCYg7QoWr-UCqSIPpBYTDHNDZmJ9iQewqtutK_9Yc0APNJNLjrH1F60Q5LdVHqujRj5T_H-wz1Fw_avtPMMTLs86Jmf1oq6VIyfD" "AdsBot-Google (+http://www.google.com/adsbot.html)"
172.30.0.91 - - [31/Mar/2020:11:56:1 +335819] "GET /flight-schedule/hefei-nanning-flights.html HTTP/1.1"  200 10439  "https://www.google.com/" "Mozilla/5.0 (compatible; Googlebot/2.1; +http://www.google.com/bot.html)"
172.30.0.13 - - [31/Mar/2020:11:58:1 +412936] "GET /flight-schedule/flight-schedules-domestic.html HTTP/1.1"  200 11712  "-" "Mozilla/5.0 (Windows NT 10.0; Win64; x64) AppleWebKit/537.36 (KHTML, like Gecko) Chrome/71.0.3578.80 Safari/537.36"
172.30.0.247 - - [31/Mar/2020:12:0:1 +492772] "GET /ar/flight-schedule/san-fernando-de-apure-caracas-flights.html-cheap.html HTTP/1.1"  301 588  "-" "Mozilla/5.0 (compatible; bingbot/2.0; +http://www.bing.com/bingbot.htm)"
172.30.0.13 - - [31/Mar/2020:12:2:1 +568075] "GET /flight-schedule/rotuma-suva-flights.html HTTP/1.1"  200 9521  "-" "ELB-HealthChecker/1.0"
172.30.0.247 - - [31/Mar/2020:12:4:1 +648672] "GET /flight-schedule/brasilia-goiania-flights.html HTTP/1.1"  200 8929  "-" "Mozilla/5.0 (iPhone; CPU iPhone OS 9_1 like Mac OS X) AppleWebKit/601.1.46 (KHTML, like Gecko) Version/9.0 Mobile/13B143 Safari/601.1 (compatible; AdsBot-Google-Mobile; +http://www.google.com/mobile/adsbot.html)"
172.30.0.91 - - [31/Mar/2020:12:6:1 +754840] "GET /flight-schedule/sharjah-salalah-flights.html HTTP/1.1"   302 745   "-" "Mozilla/5.0 (compatible; Googlebot/2.1; +http://www.google.com/bot.html)"
172.30.0.13 - - [31/Mar/2020:12:8:1 +837090] "GET /flight-schedule/milan-nis-flights.html HTTP/1.1"   301 1088   "-" "Mozilla/5.0 (compatible; bingbot/2.0; +http://www.bing.com/bingbot.htm)"
172.30.0.13 - - [31/Mar/2020:12:10:1 +945183] "GET /healthCheck.html HTTP/1.1"  200 10225  "-" "Mozilla/5.0 (compatible; bingbot/2.0; +http://www.bing.com/bingbot.htm)"
172.30.0.13 - - [31/Mar/2020:12:12:2 +29050] "GET /flight-schedule/london-billund-flights.html HTTP/1.1"  200 7242  "-" "Mozilla/5.0 (compatible; bingbot/2.0; +http://www.bing.com/bingbot.htm)"
172.30.0.13 - - [31/Mar/2020:12:14:1 +104577] "GET /flight-schedule/gheshm-dubai-flights.html HTTP/1.1"   301 589   "https://www.google.com/" "Mozilla/5.0 (compatible; bingbot/2.0; +http://www.bing.com/bingbot.htm)"
172.30.0.247 - - [31/Mar/2020:12:16:1 +199769] "GET /flight-schedule/dubai-islamabad-flights.html HTTP/1.1"  200 13057  "-" "Mozilla/5.0 (compatible; bingbot/2.0; +http://www.bing.com/bingbot.htm)"
172.30.0.91 - - [31/Mar/2020:12:18:1 +299917] "GET /flight-schedule/new-york-bogota-flights.html HTTP/1.1"   200 9013   "-" "Mozilla/5.0 (compatible; bingbot/2.0; +http://www.bing.com/bingbot.htm)"
172.30.0.91 - - [31/Mar/2020:12:20:1 +398641] "GET /flight-schedule/berlin-samos-flights.html HTTP/1.1"  200 8242  "https://www.google.com/" "Mozilla/5.0 (Windows NT 6.1; Win64; x64) AppleWebKit/537.36 (KHTML, like Gecko) Chrome/71.0.3578.98 Safari/537.36"
172.30.0.13 - - [31/Mar/2020:12:22:1 +657442] "GET /healthCheck.html HTTP/1.1"  200 9975  "-" "Mozilla/5.0 (Windows NT 6.3; WOW64; Trident/7.0; rv:11.0) like Gecko"
172.30.0.13 - - [31/Mar/2020:12:24:1 +890155] "GET /flight-schedule/nagpur-pune-flights HTTP/1.1"  200 11509  "-" "Mozilla/5.0 (compatible; bingbot/2.0; +http://www.bing.com/bingbot.htm)"
172.30.0.91 - - [31/Mar/2020:12:26:2 +149054] "GET /flight-schedule/flights-from-mobile.html HTTP/1.1"   500 1969   "-" "Mozilla/5.0 (Linux; Android 4.2.1; en-us; Nexus 5 Build/JOP40D) AppleWebKit/535.19 (KHTML, like Gecko; googleweblight) Chrome/38.0.1025.166 Mobile Safari/535.19"
172.30.0.13 - - [31/Mar/2020:12:28:1 +376001] "GET /flight-schedule/nairobi-malindi-flights.html HTTP/1.1"  200 9381  "-" "Mozilla/5.0 (compatible; bingbot/2.0; +http://www.bing.com/bingbot.htm)"
172.30.0.13 - - [31/Mar/2020:12:30:1 +460014] "GET /flight-schedule/abu-dhabi-colombo-flights.html HTTP/1.1"  302 746  "-" "Mozilla/5.0 (Linux; Android 8.1.0; SM-G610F) AppleWebKit/537.36 (KHTML, like Gecko) Chrome/71.0.3578.98 Mobile Safari/537.36"
172.30.0.13 - - [31/Mar/2020:12:32:1 +540209] "GET /ar/flight-schedule/dublin-manchester-flights.html HTTP/1.1"  200 10138  "-" "AdsBot-Google (+http://www.google.com/adsbot.html)"
172.30.0.13 - - [31/Mar/2020:12:34:1 +621185] "GET /healthCheck.html HTTP/1.1"   301 775   "https://www.google.com/" "Mozilla/5.0 (compatible; proximic; +https://www.comscore.com/Web-Crawler)"
172.30.0.91 - - [31/Mar/2020:12:36:1 +726735] "GET /flight-schedule/flight-schedules-domestic.html HTTP/1.1"  200 10817  "-" "ELB-HealthChecker/1.0"
172.30.0.91 - - [31/Mar/2020:12:38:1 +845108] "GET /flight-schedule/hamburg-olbia-flights.html HTTP/1.1"  200 13243  "-" "Mozilla/5.0 (compatible; bingbot/2.0; +http://www.bing.com/bingbot.htm)"
172.30.0.91 - - [31/Mar/2020:12:40:1 +946724] "GET /flight-schedule/amsterdam-teesside-flights.html HTTP/1.1"  500 1969  "-" "Mozilla/5.0 (compatible; proximic; +https://www.comscore.com/Web-Crawler)"
172.30.0.13 - - [31/Mar/2020:12:42:2 +51071] "GET /flight-schedule/sharjah-islamabad-flights.html HTTP/1.1"   200 6615   "-" "AdsBot-Google (+http://www.google.com/adsbot.html)"
172.30.0.13 - - [31/Mar/2020:12:44:1 +152697] "GET /ar/flight-schedule/jeddah-ouargla-flights.html HTTP/1.1"  302 745  "https://www.google.com.sa/" "ELB-HealthChecker/1.0"
172.30.0.13 - - [31/Mar/2020:12:46:1 +247905] "GET /flight-schedule/gheshm-dubai-flights.html HTTP/1.1"    301 775    "-" "Mozilla/5.0 (compatible; bingbot/2.0; +http://www.bing.com/bingbot.htm)"
172.30.0.13 - - [31/Mar/2020:12:48:1 +343555] "GET /flight-schedule/muscat-chittagong-flights.html?gclid=EAIaIQobChMIw8r-6-Cj3wIV0uF3Ch2kbQ21EAAYAiAAEgI83fD_BwE.html HTTP/1.1"  200 9388  "https://www.google.com/" "Mozilla/5.0 (compatible; bingbot/2.0; +http://www.bing.com/bingbot.htm)"
172.30.0.13 - - [31/Mar/2020:12:50:1 +444980] "GET /flight-schedule/toronto-hong-kong-flights.html HTTP/1.1"  200 9321  "-" "AdsBot-Google (+http://www.google.com/adsbot.html)"
172.30.0.13 - - [31/Mar/2020:12:52:1 +528726] "GET /healthCheck.html HTTP/1.1"  200 11509  "-" "AdsBot-Google (+http://www.google.com/adsbot.html)"
172.30.0.91 - - [31/Mar/2020:12:54:1 +584628] "GET /flight-schedule/muscat-chittagong-flights.html?gclid=EAIaIQobChMIw8r-6-Cj3wIV0uF3Ch2kbQ21EAAYAiAAEgI83fD_BwE HTTP/1.1"   200 11712   "-" "Mozilla/5.0 (compatible; bingbot/2.0; +http://www.bing.com/bingbot.htm)"
172.30.0.247 - - [31/Mar/2020:12:56:1 +676626] "GET /ar/flight-schedule/nice-munich-flights.html HTTP/1.1"    200 9013    "-" "Mozilla/5.0 (compatible; SemrushBot/3~bl; +http://www.semrush.com/bot.html)"
172.30.0.91 - - [31/Mar/2020:12:58:1 +756082] "GET /ar/flight-schedule/milan-rome-flights.html HTTP/1.1"  200 8542  "-" "AdsBot-Google (+http://www.google.com/adsbot.html)"
172.30.0.91 - - [31/Mar/2020:13:0:1 +837557] "GET /healthCheck.html HTTP/1.1"   200 13057   "https://www.google.com/" "AdsBot-Google (+http://www.google.com/adsbot.html)"
172.30.0.13 - - [31/Mar/2020:13:2:1 +933720] "GET /ar/flight-schedule/sevilla-london-flights.html HTTP/1.1"  200 9601  "-" "Mozilla/5.0 (iPhone; CPU iPhone OS 9_1 like Mac OS X) AppleWebKit/601.1.46 (KHTML, like Gecko) Version/9.0 Mobile/13B143 Safari/601.1 (compatible; AdsBot-Google-Mobile; +http://www.google.com/mobile/adsbot.html)"
172.30.0.91 - - [31/Mar/2020:13:4:2 +10667] "GET /flight-schedule/dubai-jeddah-flights.html?dxid=Cj0KCQiA6dLgBRDoARIsAJgoM4uZ5JhHrRFKv4fPQnbQTJfVSAblrARhY_fNHRZw7SGYH-4xeEzZH2AaAqjYEALw_wcB&gclid=Cj0KCQiA6dLgBRDoARIsAJgoM4uZ5JhHrRFKv4fPQnbQTJfVSAblrARhY_fNHRZw7SGYH-4xeEzZH2AaAqjYEALw_wcB.html HTTP/1.1"  200 10224  "-" "Mozilla/5.0 (Linux; Android 6.0.1; Nexus 5X Build/MMB29P) AppleWebKit/537.36 (KHTML, like Gecko) Chrome/41.0.2272.96 Mobile Safari/537.36 (compatible; Googlebot/2.1; +http://www.google.com/bot.html)"
172.30.0.13 - - [31/Mar/2020:13:6:1 +104602] "GET /ar/flight-schedule/chiang-mai-nanning-flights.html HTTP/1.1"  500 1969  "-" "Mozilla/5.0 (Linux; Android 8.1.0; INE-LX1) AppleWebKit/537.36 (KHTML, like Gecko) Chrome/71.0.3578.98 Mobile Safari/537.36"
172.30.0.13 - - [31/Mar/2020:13:8:1 +185494] "GET /healthCheck.html HTTP/1.1"  200 9381  "-" "Mozilla/5.0 (Windows NT 6.1; Win64; x64) AppleWebKit/537.36 (KHTML, like Gecko) Chrome/70.0.3538.110 Safari/537.36"
172.30.0.91 - - [31/Mar/2020:13:10:1 +274489] "GET /flight-schedule/mumbai-nagpur-flights.html?gclid=Cj0KCQiA6dLgBRDoARIsAJgoM4seB5Xv-xAxEVzUWjH4KfR32DeKtUrW5TH6bb-fgbY41ro_iRBpT-UaAgjIEALw_wcB.html HTTP/1.1"   500 1969   "-" "Mozilla/5.0 (compatible; Googlebot/2.1; +http://www.google.com/bot.html)"
172.30.0.13 - - [31/Mar/2020:13:12:1 +356337] "GET /ar/flight-schedule/san-fernando-de-apure-caracas-flights.html-cheap.html HTTP/1.1"   301 1088   "-" "ELB-HealthChecker/1.0"
172.30.0.13 - - [31/Mar/2020:13:14:1 +418080] "GET /flight-schedule/muscat-chittagong-flights.html?gclid=EAIaIQobChMIw8r-6-Cj3wIV0uF3Ch2kbQ21EAAYAiAAEgI83fD_BwE HTTP/1.1"  200 10817  "https://www.google.com/" "Mozilla/5.0 (Linux; Android 6.0.1; Nexus 5X Build/MMB29P) AppleWebKit/537.36 (KHTML, like Gecko) Chrome/41.0.2272.96 Mobile Safari/537.36 (compatible; Googlebot/2.1; +http://www.google.com/bot.html)"
172.30.0.13 - - [31/Mar/2020:13:16:1 +512082] "GET /flight-schedule/flights-from-mobile.html HTTP/1.1"   200 13057   "-" "Mozilla/5.0 (Linux; U; Android 6.0.1; Redmi 3S Build/MMB29M; wv) AppleWebKit/537.36 (KHTML, like Gecko) Version/4.0 Chrome/66.0.3359.126 Mobile Safari/537.36 OPR/33.0.2254.125672"
172.30.0.247 - - [31/Mar/2020:13:18:1 +609420] "GET /flight-schedule/new-york-vienna-flights.html HTTP/1.1"  200 10233  "-" "AdsBot-Google (+http://www.google.com/adsbot.html)"
172.30.0.91 - - [31/Mar/2020:13:20:1 +664923] "GET /flight-schedule/dhaka-athens-flights.html HTTP/1.1"    500 1969    "-" "Mozilla/5.0 (compatible; Googlebot/2.1; +http://www.google.com/bot.html)"
172.30.0.13 - - [31/Mar/2020:13:22:1 +752017] "GET /flight-schedule/ar/oklahoma-city-cincinnati-flights.html HTTP/1.1"  301 799  "-" "Mozilla/5.0 (Linux; Android 6.0.1; Nexus 5X Build/MMB29P) AppleWebKit/537.36 (KHTML, like Gecko) Chrome/41.0.2272.96 Mobile Safari/537.36 (compatible; Googlebot/2.1; +http://www.google.com/bot.html)"
172.30.0.13 - - [31/Mar/2020:13:24:1 +831296] "GET /flight-schedule/mumbai-seattle-flights.html HTTP/1.1"  301 779  "-" "Mozilla/5.0 (Linux; Android 8.1.0; CLT-L29) AppleWebKit/537.36 (KHTML, like Gecko) Chrome/71.0.3578.98 Mobile Safari/537.36"
172.30.0.13 - - [31/Mar/2020:13:26:1 +929356] "GET /flight-schedule/dammam-islamabad-flights.html HTTP/1.1"   200 8929   "https://www.google.com/" "Mozilla/5.0 (compatible; Googlebot/2.1; +http://www.google.com/bot.html)"
172.30.0.13 - - [31/Mar/2020:13:28:2 +43185] "GET /flight-schedule/manila-naga-flights.html?dxid=EAIaIQobChMI9pKajOGj3wIVirftCh2k_gl3EAAYAyAAEgKEcvD_BwE&gclid=EAIaIQobChMI9pKajOGj3wIVirftCh2k_gl3EAAYAyAAEgKEcvD_BwE HTTP/1.1"  200 8461  "-" "Mozilla/5.0 (iPhone; CPU iPhone OS 9_1 like Mac OS X) AppleWebKit/601.1.46 (KHTML, like Gecko) Version/9.0 Mobile/13B143 Safari/601.1 (compatible; AdsBot-Google-Mobile; +http://www.google.com/mobile/adsbot.html)"
172.30.0.91 - - [31/Mar/2020:13:30:1 +113531] "GET /healthCheck.html HTTP/1.1"  200 9813  "-" "Mozilla/5.0 (compatible; bingbot/2.0; +http://www.bing.com/bingbot.htm)"
172.30.0.247 - - [31/Mar/2020:13:32:1 +196494] "GET /flight-schedule/mumbai-nagpur-flights.html?gclid=Cj0KCQiA6dLgBRDoARIsAJgoM4seB5Xv-xAxEVzUWjH4KfR32DeKtUrW5TH6bb-fgbY41ro_iRBpT-UaAgjIEALw_wcB.html HTTP/1.1"   200 11509   "-" "Mozilla/5.0 (Linux; Android 6.0.1; Nexus 5X Build/MMB29P) AppleWebKit/537.36 (KHTML, like Gecko) Chrome/41.0.2272.96 Mobile Safari/537.36 (compatible; Googlebot/2.1; +http://www.google.com/bot.html)"
172.30.0.13 - - [31/Mar/2020:13:34:1 +262102] "GET /flight-schedule/chennai-gorakhpur-flights.html HTTP/1.1"  200 10502  "-" "Mozilla/5.0 (Linux; Android 4.2.2; H30-U10 Build/HuaweiH30-U10) AppleWebKit/537.36 (KHTML, like Gecko) Chrome/66.0.3359.126 Mobile Safari/537.36"
172.30.0.13 - - [31/Mar/2020:13:58:58 +958611] "GET /flight-schedule/bodo-riga-flights.html HTTP/1.1"   302 745   "-" "Mozilla/5.0 (compatible; bingbot/2.0; +http://www.bing.com/bingbot.htm)"
172.30.0.91 - - [31/Mar/2020:14:0:2 +49092] "GET /flight-schedule/mer-wroclaw-flights.html HTTP/1.1"   200 8242   "-" "Mozilla/5.0 (compatible; bingbot/2.0; +http://www.bing.com/bingbot.htm)"
172.30.0.13 - - [31/Mar/2020:14:2:1 +129900] "GET /flight-schedule/bremen-kutahya-flights.html HTTP/1.1"   301 976   "-" "Mozilla/5.0 (Linux; Android 4.2.1; en-us; Nexus 5 Build/JOP40D) AppleWebKit/535.19 (KHTML, like Gecko; googleweblight) Chrome/38.0.1025.166 Mobile Safari/535.19"
172.30.0.247 - - [31/Mar/2020:14:4:1 +205712] "GET /flight-schedule/abu-dhabi-peshawar-flights.html?gclid=Cj0KCQiA6dLgBRDoARIsAJgoM4tYfuUYhY84mdwM7GwtjBJPdw255BG8VuuEk0wSTgav7kO7OaFJSRoaAqBlEALw_wcB.html HTTP/1.1"  200 281  "-" "Mozilla/5.0 (iPhone; CPU iPhone OS 9_1 like Mac OS X) AppleWebKit/601.1.46 (KHTML, like Gecko) Version/9.0 Mobile/13B143 Safari/601.1 (compatible; AdsBot-Google-Mobile; +http://www.google.com/mobile/adsbot.html)"
172.30.0.13 - - [31/Mar/2020:14:6:1 +301975] "GET /flight-schedule/new-york-bogota-flights.html HTTP/1.1"  301 775  "-" "Mozilla/5.0 (Linux; Android 6.0.1; Nexus 5X Build/MMB29P) AppleWebKit/537.36 (KHTML, like Gecko) Chrome/41.0.2272.96 Mobile Safari/537.36 (compatible; Googlebot/2.1; +http://www.google.com/bot.html)"
172.30.0.247 - - [31/Mar/2020:14:8:1 +353436] "GET /flight-schedule/abu-dhabi-peshawar-flights.html?gclid=Cj0KCQiA6dLgBRDoARIsAJgoM4tYfuUYhY84mdwM7GwtjBJPdw255BG8VuuEk0wSTgav7kO7OaFJSRoaAqBlEALw_wcB.html HTTP/1.1"   200 10439   "https://www.google.com/" "Mozilla/5.0 (Linux; Android 6.0.1; Nexus 5X Build/MMB29P) AppleWebKit/537.36 (KHTML, like Gecko) Chrome/41.0.2272.96 Mobile Safari/537.36 (compatible; Googlebot/2.1; +http://www.google.com/bot.html)"
172.30.0.13 - - [31/Mar/2020:14:10:1 +439619] "GET /flight-schedule/sharjah-islamabad-flights.html HTTP/1.1"    200 7844    "android-app://com.google.android.googlequicksearchbox/https/www.google.com" "Mozilla/5.0 (Linux; Android 6.0.1; Nexus 5X Build/MMB29P) AppleWebKit/537.36 (KHTML, like Gecko) Chrome/41.0.2272.96 Mobile Safari/537.36 (compatible; Googlebot/2.1; +http://www.google.com/bot.html)"
172.30.0.13 - - [31/Mar/2020:14:12:1 +529209] "GET /flight-schedule/abu-dhabi-peshawar-flights.html?gclid=Cj0KCQiA6dLgBRDoARIsAJgoM4tYfuUYhY84mdwM7GwtjBJPdw255BG8VuuEk0wSTgav7kO7OaFJSRoaAqBlEALw_wcB.html HTTP/1.1"  200 9813  "-" "Mozilla/5.0 (Linux; Android 6.0.1; Nexus 5X Build/MMB29P) AppleWebKit/537.36 (KHTML, like Gecko) Chrome/41.0.2272.96 Mobile Safari/537.36 (compatible; Googlebot/2.1; +http://www.google.com/bot.html)"
172.30.0.13 - - [31/Mar/2020:14:14:1 +614759] "GET /flight-schedule/coimbatore-chennai-flights.html?gclid=Cj0KCQiA6dLgBRDoARIsAJgoM4vTBe2Pjn-s8svyNe8XZgCdir2IE1iA3zeyDRL-Dhk2aKxT9mmwXdgaAn72EALw_wcB.html HTTP/1.1"  301 967  "-" "Mozilla/5.0 (Windows NT 10.0; Win64; x64) AppleWebKit/537.36 (KHTML, like Gecko) Chrome/71.0.3578.98 Safari/537.36"
172.30.0.247 - - [31/Mar/2020:14:16:1 +685878] "GET /ar/flight-schedule/helsinki-krakow-flights.html HTTP/1.1"  200 281  "-" "Mozilla/5.0 (compatible; SemrushBot/3~bl; +http://www.semrush.com/bot.html)"
172.30.0.247 - - [31/Mar/2020:14:18:1 +783207] "GET /ar/flight-schedule/nantes-palma-mallorca-flights.html HTTP/1.1"  200 13057  "-" "Mozilla/5.0 (compatible; proximic; +https://www.comscore.com/Web-Crawler)"
172.30.0.13 - - [31/Mar/2020:14:20:1 +864748] "GET /flight-schedule/bangkok-mexico-city-flights.html HTTP/1.1"   200 281   "-" "Mozilla/5.0 (iPhone; CPU iPhone OS 11_2_1 like Mac OS X) AppleWebKit/604.4.7 (KHTML, like Gecko) Version/11.0 Mobile/15C153 Safari/604.1"
172.30.0.13 - - [31/Mar/2020:14:22:1 +940015] "GET /flight-schedule/jaipur-udaipur-flights.html HTTP/1.1"   200 10703   "-" "Mozilla/5.0 (compatible; bingbot/2.0; +http://www.bing.com/bingbot.htm)"
172.30.0.91 - - [31/Mar/2020:14:24:2 +22512] "GET /flight-schedule/kitakyushu-yangyang-flights.html-cheap.html HTTP/1.1"  301 976  "-" "Mozilla/5.0 (Windows NT 10.0; Win64; x64) AppleWebKit/537.36 (KHTML, like Gecko) Chrome/64.0.3282.140 Safari/537.36 Edge/17.17134"
172.30.0.247 - - [31/Mar/2020:14:26:1 +287101] "GET /ar/flight-schedule/chiang-mai-nanning-flights.html HTTP/1.1"  200 9975  "-" "ELB-HealthChecker/1.0"
172.30.0.247 - - [31/Mar/2020:14:28:1 +389778] "GET /flight-schedule/alta-aarhus-flights.html HTTP/1.1"    302 745    "https://www.google.com/" "Mozilla/5.0 (Linux; Android 6.0.1; Nexus 5X Build/MMB29P) AppleWebKit/537.36 (KHTML, like Gecko) Chrome/41.0.2272.96 Mobile Safari/537.36 (compatible; Googlebot/2.1; +http://www.google.com/bot.html)"
172.30.0.91 - - [31/Mar/2020:14:30:1 +661405] "GET /flight-schedule/abu-dhabi-peshawar-flights.html?gclid=Cj0KCQiA6dLgBRDoARIsAJgoM4tYfuUYhY84mdwM7GwtjBJPdw255BG8VuuEk0wSTgav7kO7OaFJSRoaAqBlEALw_wcB.html HTTP/1.1"  200 14990  "https://www.google.com/" "Mozilla/5.0 (iPhone; CPU iPhone OS 9_1 like Mac OS X) AppleWebKit/601.1.46 (KHTML, like Gecko) Version/9.0 Mobile/13B143 Safari/601.1 (compatible; AdsBot-Google-Mobile; +http://www.google.com/mobile/adsbot.html)"
172.30.0.13 - - [31/Mar/2020:14:32:1 +764787] "GET /flight-schedule/dhaka-athens-flights.html HTTP/1.1"    200 8929    "https://www.google.com/" "Mozilla/5.0 (compatible; bingbot/2.0; +http://www.bing.com/bingbot.htm)"
172.30.0.91 - - [31/Mar/2020:14:34:1 +546299] "GET /flight-schedule/flight-schedules-domestic.html HTTP/1.1"   200 11047   "https://www.google.com/" "Mozilla/5.0 (iPhone; CPU iPhone OS 9_1 like Mac OS X) AppleWebKit/601.1.46 (KHTML, like Gecko) Version/9.0 Mobile/13B143 Safari/601.1 (compatible; AdsBot-Google-Mobile; +http://www.google.com/mobile/adsbot.html)"
172.30.0.247 - - [31/Mar/2020:14:36:1 +684154] "GET /flight-schedule/flights-from-managua-1.html HTTP/1.1"   200 9975   "https://www.google.com/" "Mozilla/5.0 (compatible; bingbot/2.0; +http://www.bing.com/bingbot.htm)"
172.30.0.91 - - [31/Mar/2020:14:38:1 +764577] "GET /flight-schedule/sharjah-sialkot-flights.html HTTP/1.1"  500 1969  "https://www.google.co.in/" "Mozilla/5.0 (iPhone; CPU iPhone OS 9_1 like Mac OS X) AppleWebKit/601.1.46 (KHTML, like Gecko) Version/9.0 Mobile/13B143 Safari/601.1 (compatible; AdsBot-Google-Mobile; +http://www.google.com/mobile/adsbot.html)"
172.30.0.13 - - [31/Mar/2020:14:40:1 +864230] "GET /flight-schedule/peoria-green-bay-flights.html HTTP/1.1"   301 963   "-" "Mozilla/5.0 (iPhone; CPU iPhone OS 12_1 like Mac OS X) AppleWebKit/605.1.15 (KHTML, like Gecko) CriOS/71.0.3578.77 Mobile/15E148 Safari/605.1"
172.30.0.247 - - [31/Mar/2020:14:42:1 +937570] "GET /flight-schedule/brasilia-goiania-flights.html HTTP/1.1"     200 8929     "https://www.google.com/" "Mozilla/5.0 (compatible; Googlebot/2.1; +http://www.google.com/bot.html)"
172.30.0.13 - - [31/Mar/2020:14:44:2 +13060] "GET /flight-schedule/dammam-trivandrum-flights.html HTTP/1.1"   200 7844   "-" "AdsBot-Google (+http://www.google.com/adsbot.html)"
172.30.0.13 - - [31/Mar/2020:14:46:1 +125987] "GET /flight-schedule/gheshm-dubai-flights.html HTTP/1.1"    200 6615    "-" "Mozilla/5.0 (compatible; Googlebot/2.1; +http://www.google.com/bot.html)"
172.30.0.91 - - [31/Mar/2020:14:48:1 +205601] "GET /flight-schedule/flights-from-waco.html HTTP/1.1"  200 10188  "https://www.google.com/" "Mozilla/5.0 (compatible; bingbot/2.0; +http://www.bing.com/bingbot.htm)"
172.30.0.247 - - [31/Mar/2020:14:50:1 +285248] "GET /flight-schedule/flights-from-waco.html HTTP/1.1"   200 281   "-" "AdsBot-Google (+http://www.google.com/adsbot.html)"
172.30.0.247 - - [31/Mar/2020:14:52:1 +373216] "GET /flight-schedule/alta-aarhus-flights.html HTTP/1.1"  200 9272  "-" "Mozilla/5.0 (iPhone; CPU iPhone OS 12_1 like Mac OS X) AppleWebKit/605.1.15 (KHTML, like Gecko) Version/12.0 Mobile/15E148 Safari/604.1"
172.30.0.247 - - [31/Mar/2020:14:54:1 +452785] "GET /flight-schedule/gheshm-dubai-flights.html HTTP/1.1"  200 9813  "-" "Mozilla/5.0 (iPhone; CPU iPhone OS 9_1 like Mac OS X) AppleWebKit/601.1.46 (KHTML, like Gecko) Version/9.0 Mobile/13B143 Safari/601.1 (compatible; AdsBot-Google-Mobile; +http://www.google.com/mobile/adsbot.html)"
172.30.0.13 - - [31/Mar/2020:14:56:1 +549480] "GET /flight-schedule/dubai-jeddah-flights.html?dxid=Cj0KCQiA6dLgBRDoARIsAJgoM4uZ5JhHrRFKv4fPQnbQTJfVSAblrARhY_fNHRZw7SGYH-4xeEzZH2AaAqjYEALw_wcB&gclid=Cj0KCQiA6dLgBRDoARIsAJgoM4uZ5JhHrRFKv4fPQnbQTJfVSAblrARhY_fNHRZw7SGYH-4xeEzZH2AaAqjYEALw_wcB.html HTTP/1.1"     200 6615     "-" "User-Agent: Mozilla/5.0 (Windows NT 6.1; WOW64) AppleWebKit/537.31 (KHTML, like Gecko) Chrome/26.0.1410.64 Safari/537.31"
172.30.0.247 - - [31/Mar/2020:14:58:1 +630372] "GET /flight-schedule/sharjah-salalah-flights.html HTTP/1.1"   301 979   "https://www.google.com/" "Mozilla/5.0 (compatible; bingbot/2.0; +http://www.bing.com/bingbot.htm)"
172.30.0.13 - - [31/Mar/2020:15:0:1 +707595] "GET /healthCheck.html HTTP/1.1"   200 281   "https://www.google.com/aclk?sa=l&ai=DChcSEwi4yarO4KPfAhUT53cKHd_OADQYABAAGgJlZg&sig=AOD64_0vYKvWhz_jxtZOTQ1uBhLJtTi_Mw&rct=j&q=&ved=2ahUKEwitkqTO4KPfAhWB-qQKHWXdBxgQ0Qx6BAgMEAE&adurl=&bg=!kJOlk4tEbUhuA45I7HICAAAAMFIAAAAECgBLHqS9PXpJB_m3GxcdFBiuNnGWChyVopnRyOY4O4KFY20_sqft3jlTjIRLZeeMDuLAGoMNhKQtRlEz0D3RGXCS-bojKoouNGvHukHomQDeK-o4xk-Nw3OHRCRbdVabJfmsshP2Wu6sCuekRuc6zZy7UYVMPYh-ZqZ0bC_2Rv4jkhsIUge3uSCcFFeQ2OU-3HG0E-JD7KILMRoDuNQ5S3RFy0vDIlFq_wyB5LhCFoNVTBlEKyzN-zwjcE_Ubt8AambT_hhD0C_p0PjcCzBx85UmkoPSUGMboFIAfVINFlO20lCNrCYg7QoWr-UCqSIPpBYTDHNDZmJ9iQewqtutK_9Yc0APNJNLjrH1F60Q5LdVHqujRj5T_H-wz1Fw_avtPMMTLs86Jmf1oq6VIyfD" "Mozilla/5.0 (compatible; bingbot/2.0; +http://www.bing.com/bingbot.htm)"
172.30.0.13 - - [31/Mar/2020:15:2:1 +752705] "GET /flight-schedule/flight-schedules-international.html HTTP/1.1"   301 589   "-" "ELB-HealthChecker/1.0"
172.30.0.13 - - [31/Mar/2020:15:4:1 +826646] "GET /flight-schedule/amsterdam-teesside-flights.html HTTP/1.1"  200 12772  "-" "Mozilla/5.0 (compatible; bingbot/2.0; +http://www.bing.com/bingbot.htm)"
172.30.0.91 - - [31/Mar/2020:15:6:1 +950322] "GET /flight-schedule/toronto-hong-kong-flights.html HTTP/1.1"    200 10502    "-" "Mozilla/5.0 (compatible; Googlebot/2.1; +http://www.google.com/bot.html)"
172.30.0.13 - - [31/Mar/2020:15:8:2 +32845] "GET /flight-schedule/guangzhou-baku-flights.html HTTP/1.1"  200 281  "-" "Mozilla/5.0 (Linux; U; Android 6.0.1; Redmi 3S Build/MMB29M; wv) AppleWebKit/537.36 (KHTML, like Gecko) Version/4.0 Chrome/66.0.3359.126 Mobile Safari/537.36 OPR/33.0.2254.125672"
172.30.0.13 - - [31/Mar/2020:15:10:1 +153888] "GET /flight-schedule/muscat-chittagong-flights.html?gclid=EAIaIQobChMIw8r-6-Cj3wIV0uF3Ch2kbQ21EAAYAiAAEgI83fD_BwE.html HTTP/1.1"   200 10138   "https://www.google.com/" "Mozilla/5.0 (compatible; bingbot/2.0; +http://www.bing.com/bingbot.htm)"
172.30.0.91 - - [31/Mar/2020:15:12:1 +231739] "GET /flight-schedule/wabush-halifax-flights.html HTTP/1.1"  200 10619  "-" "Mozilla/5.0 (compatible; bingbot/2.0; +http://www.bing.com/bingbot.htm)"
172.30.0.13 - - [31/Mar/2020:15:14:1 +311905] "GET /flight-schedule/toronto-hong-kong-flights.html HTTP/1.1"  200 9820  "-" "Mozilla/5.0 (compatible; Googlebot/2.1; +http://www.google.com/bot.html)"
172.30.0.13 - - [31/Mar/2020:15:16:1 +404063] "GET /flight-schedule/abu-dhabi-peshawar-flights.html?gclid=Cj0KCQiA6dLgBRDoARIsAJgoM4tYfuUYhY84mdwM7GwtjBJPdw255BG8VuuEk0wSTgav7kO7OaFJSRoaAqBlEALw_wcB HTTP/1.1"    301 589    "https://www.google.com/" "Mozilla/5.0 (Windows NT 10.0; Win64; x64) AppleWebKit/537.36 (KHTML, like Gecko) Chrome/64.0.3282.140 Safari/537.36 Edge/17.17134"
172.30.0.91 - - [31/Mar/2020:15:18:1 +492487] "GET /flight-schedule/rotuma-suva-flights.html HTTP/1.1"  200 11712  "-" "Mozilla/5.0 (compatible; proximic; +https://www.comscore.com/Web-Crawler)"
172.30.0.13 - - [31/Mar/2020:15:20:1 +565350] "GET /flight-schedule/dammam-lahore-flights.html HTTP/1.1"    200 13243    "-" "ELB-HealthChecker/1.0"
172.30.0.13 - - [31/Mar/2020:15:22:1 +643768] "GET /flight-schedule/guangzhou-baku-flights.html HTTP/1.1"  200 12041  "-" "Mozilla/5.0 (compatible; SemrushBot/3~bl; +http://www.semrush.com/bot.html)"
172.30.0.13 - - [31/Mar/2020:15:24:1 +697010] "GET /flight-schedule/abu-dhabi-mumbai-flights.html?gclid=EAIaIQobChMI5cCS2-Cj3wIVGud3Ch3bGgUuEAAYBCAAEgI-JPD_BwE.html HTTP/1.1"     200 6615     "-" "Mozilla/5.0 (compatible; bingbot/2.0; +http://www.bing.com/bingbot.htm)"
172.30.0.13 - - [31/Mar/2020:15:26:1 +779634] "GET /flight-schedule/mumbai-london-flights.html HTTP/1.1"  200 9607  "-" "Mozilla/5.0 (iPhone; CPU iPhone OS 11_2_1 like Mac OS X) AppleWebKit/604.4.7 (KHTML, like Gecko) Version/11.0 Mobile/15C153 Safari/604.1"
172.30.0.247 - - [31/Mar/2020:15:28:1 +855510] "GET /healthCheck.html HTTP/1.1"   200 9952   "-" "Mozilla/5.0 (Windows NT 10.0; Win64; x64) AppleWebKit/537.36 (KHTML, like Gecko) Chrome/52.0.2743.116 Safari/537.36 Edge/15.15063"
172.30.0.13 - - [31/Mar/2020:15:30:1 +932488] "GET /ar/flight-schedule/dublin-manchester-flights.html HTTP/1.1"    200 13057    "-" "Mozilla/5.0 (compatible; SemrushBot/3~bl; +http://www.semrush.com/bot.html)"
172.30.0.13 - - [31/Mar/2020:15:32:2 +9887] "GET /flight-schedule/new-orleans-greenville-greer-flights.html HTTP/1.1"   200 10138   "-" "Mozilla/5.0 (Linux; Android 7.1.1; SM-J510FN) AppleWebKit/537.36 (KHTML, like Gecko) Chrome/70.0.3538.80 Mobile Safari/537.36"
172.30.0.13 - - [31/Mar/2020:15:34:1 +84823] "GET /flight-schedule/baltimore-chattanooga-flights.html HTTP/1.1"  301 963  "https://www.google.com/" "Mozilla/5.0 (Linux; Android 8.1.0; INE-LX1) AppleWebKit/537.36 (KHTML, like Gecko) Chrome/71.0.3578.98 Mobile Safari/537.36"
172.30.0.247 - - [31/Mar/2020:15:36:1 +185656] "GET /ar/flight-schedule/dublin-manchester-flights.html HTTP/1.1"   200 281   "https://www.google.com/" "Mozilla/5.0 (compatible; Googlebot/2.1; +http://www.google.com/bot.html)"
172.30.0.13 - - [31/Mar/2020:15:38:1 +260674] "GET /flight-schedule/dublin-budapest-flights.html HTTP/1.1"  200 9321  "-" "Mozilla/5.0 (compatible; SemrushBot/3~bl; +http://www.semrush.com/bot.html)"
172.30.0.13 - - [31/Mar/2020:15:40:1 +346652] "GET /flight-schedule/hong-kong-kolkata-flights.html HTTP/1.1"  200 7718  "-" "Mozilla/5.0 (compatible; proximic; +https://www.comscore.com/Web-Crawler)"
172.30.0.13 - - [31/Mar/2020:15:42:1 +422386] "GET /flight-schedule/hong-kong-chennai-flights.html HTTP/1.1"   200 9321   "https://www.google.com/" "Mozilla/5.0 (compatible; bingbot/2.0; +http://www.bing.com/bingbot.htm)"
172.30.0.13 - - [31/Mar/2020:15:44:1 +494867] "GET /flight-schedule/abu-dhabi-peshawar-flights.html?gclid=Cj0KCQiA6dLgBRDoARIsAJgoM4tYfuUYhY84mdwM7GwtjBJPdw255BG8VuuEk0wSTgav7kO7OaFJSRoaAqBlEALw_wcB.html HTTP/1.1"  200 8461  "-" "Mozilla/5.0 (iPhone; CPU iPhone OS 9_1 like Mac OS X) AppleWebKit/601.1.46 (KHTML, like Gecko) Version/9.0 Mobile/13B143 Safari/601.1 (compatible; AdsBot-Google-Mobile; +http://www.google.com/mobile/adsbot.html)"
172.30.0.13 - - [31/Mar/2020:15:46:1 +586804] "GET /ar/flight-schedule/nice-munich-flights.html HTTP/1.1"  302 746  "-" "Mozilla/5.0 (iPhone; CPU iPhone OS 9_1 like Mac OS X) AppleWebKit/601.1.46 (KHTML, like Gecko) Version/9.0 Mobile/13B143 Safari/601.1 (compatible; AdsBot-Google-Mobile; +http://www.google.com/mobile/adsbot.html)"
172.30.0.13 - - [31/Mar/2020:15:48:1 +659793] "GET /flight-schedule/abu-dhabi-peshawar-flights.html?gclid=Cj0KCQiA6dLgBRDoARIsAJgoM4tYfuUYhY84mdwM7GwtjBJPdw255BG8VuuEk0wSTgav7kO7OaFJSRoaAqBlEALw_wcB.html HTTP/1.1"  200 281  "-" "Mozilla/5.0 (Linux; Android 8.1.0; CLT-L29) AppleWebKit/537.36 (KHTML, like Gecko) Chrome/71.0.3578.98 Mobile Safari/537.36"
172.30.0.13 - - [31/Mar/2020:15:50:1 +737029] "GET /flight-schedule/new-york-vienna-flights.html HTTP/1.1"  200 8803  "-" "Mozilla/5.0 (Windows NT 10.0; Win64; x64) AppleWebKit/537.36 (KHTML, like Gecko) Chrome/69.0.3497.100 Safari/537.36 OPR/56.0.3051.116"
172.30.0.13 - - [31/Mar/2020:15:52:1 +815409] "GET /healthCheck.html HTTP/1.1"   200 12041   "-" "Mozilla/5.0 (Windows NT 6.1; Win64; x64) AppleWebKit/537.36 (KHTML, like Gecko) Chrome/70.0.3538.110 Safari/537.36"
172.30.0.91 - - [31/Mar/2020:15:54:1 +890948] "GET /flight-schedule/peoria-green-bay-flights.html HTTP/1.1"    302 745    "https://www.google.com/" "Mozilla/5.0 (iPhone; CPU iPhone OS 9_1 like Mac OS X) AppleWebKit/601.1.46 (KHTML, like Gecko) Version/9.0 Mobile/13B143 Safari/601.1 (compatible; AdsBot-Google-Mobile; +http://www.google.com/mobile/adsbot.html)"
172.30.0.13 - - [31/Mar/2020:15:56:1 +983120] "GET /flight-schedule/dammam-lahore-flights.html HTTP/1.1"   200 10138   "https://www.google.com/" "Mozilla/5.0 (compatible; proximic; +https://www.comscore.com/Web-Crawler)"
172.30.0.13 - - [31/Mar/2020:15:58:2 +59979] "GET /flight-schedule/goa-budapest-flights.html HTTP/1.1"   200 9813   "-" "Mozilla/5.0 (Linux; Android 8.1.0; INE-LX1) AppleWebKit/537.36 (KHTML, like Gecko) Chrome/70.0.3538.110 Mobile Safari/537.36"
172.30.0.13 - - [31/Mar/2020:16:0:1 +114163] "GET /flight-schedule/dhaka-athens-flights.html HTTP/1.1"  200 6615  "-" "Mozilla/5.0 (Linux; Android 8.1.0; SAMSUNG SM-J530F Build/M1AJQ) AppleWebKit/537.36 (KHTML, like Gecko) SamsungBrowser/7.4 Chrome/59.0.3071.125 Mobile Safari/537.36"
172.30.0.13 - - [31/Mar/2020:16:2:1 +189138] "GET /flight-schedule/dubai-islamabad-flights.html HTTP/1.1"  200 7515  "-" "Mozilla/5.0 (compatible; bingbot/2.0; +http://www.bing.com/bingbot.htm)"
172.30.0.13 - - [31/Mar/2020:16:4:1 +263495] "GET /flight-schedule/abu-dhabi-peshawar-flights.html?gclid=Cj0KCQiA6dLgBRDoARIsAJgoM4tYfuUYhY84mdwM7GwtjBJPdw255BG8VuuEk0wSTgav7kO7OaFJSRoaAqBlEALw_wcB.html HTTP/1.1"   200 13057   "-" "Mozilla/5.0 (compatible; bingbot/2.0; +http://www.bing.com/bingbot.htm)"
172.30.0.247 - - [31/Mar/2020:16:6:1 +348785] "GET /healthCheck.html HTTP/1.1"  301 967  "-" "Mozilla/5.0 (compatible; SemrushBot/3~bl; +http://www.semrush.com/bot.html)"
172.30.0.91 - - [31/Mar/2020:16:8:1 +424529] "GET /flight-schedule/flight-schedules-domestic.html HTTP/1.1"   200 7844   "-" "Mozilla/5.0 (iPhone; CPU iPhone OS 9_1 like Mac OS X) AppleWebKit/601.1.46 (KHTML, like Gecko) Version/9.0 Mobile/13B143 Safari/601.1 (compatible; AdsBot-Google-Mobile; +http://www.google.com/mobile/adsbot.html)"
172.30.0.13 - - [31/Mar/2020:16:10:1 +519763] "GET /ar/flight-schedule/helsinki-krakow-flights.html HTTP/1.1"  200 281  "-" "Mozilla/5.0 (compatible; Googlebot/2.1; +http://www.google.com/bot.html)"
172.30.0.91 - - [31/Mar/2020:16:12:1 +601694] "GET /flight-schedule/amsterdam-minsk-flights.html HTTP/1.1"  200 11779  "-" "Mozilla/5.0 (compatible; Googlebot/2.1; +http://www.google.com/bot.html)"
