172.30.0.13 - - [16/Dec/2018:06:45:57 +0000] "GET /flight-schedule/nairobi-malindi-flights.html HTTP/1.1" 500 1969 "-" "AdsBot-Google (+http://www.google.com/adsbot.html)"
172.30.0.91 - - [16/Dec/2018:06:45:56 +0000] "GET /flight-schedule/singapore-bangalore-flights.html HTTP/1.1" 200 17013 "https://www.google.com/" "Mozilla/5.0 (Windows NT 6.3; WOW64) AppleWebKit/537.36 (KHTML, like Gecko) Chrome/57.7.2987.98 Safari/537.36"
172.30.0.13 - - [16/Dec/2018:06:45:59 +0000] "GET /flight-schedule/abu-dhabi-peshawar-flights.html?gclid=Cj0KCQiA6dLgBRDoARIsAJgoM4tYfuUYhY84mdwM7GwtjBJPdw255BG8VuuEk0wSTgav7kO7OaFJSRoaAqBlEALw_wcB HTTP/1.1" 301 976 "https://www.google.com/" "Mozilla/5.0 (Windows NT 6.1; Win64; x64) AppleWebKit/537.36 (KHTML, like Gecko) Chrome/70.0.3538.110 Safari/537.36"
172.30.0.91 - - [16/Dec/2018:06:45:59 +0000] "GET /healthCheck.html HTTP/1.1" 200 281 "-" "ELB-HealthChecker/1.0"
172.30.0.247 - - [16/Dec/2018:06:45:59 +0000] "GET /flight-schedule/sharjah-islamabad-flights.html HTTP/1.1" 200 8709 "-" "Mozilla/5.0 (compatible; Googlebot/2.1; +http://www.google.com/bot.html)"
172.30.0.13 - - [16/Dec/2018:06:45:59 +0000] "GET /flight-schedule/abu-dhabi-peshawar-flights.html?gclid=Cj0KCQiA6dLgBRDoARIsAJgoM4tYfuUYhY84mdwM7GwtjBJPdw255BG8VuuEk0wSTgav7kO7OaFJSRoaAqBlEALw_wcB.html HTTP/1.1" 200 9869 "https://www.google.com/" "Mozilla/5.0 (Windows NT 6.1; Win64; x64) AppleWebKit/537.36 (KHTML, like Gecko) Chrome/70.0.3538.110 Safari/537.36"
172.30.0.13 - - [16/Dec/2018:06:46:01 +0000] "GET /flight-schedule/abu-dhabi-colombo-flights.html HTTP/1.1" 200 10991 "https://www.google.com/" "Mozilla/5.0 (Windows NT 6.1; Win64; x64) AppleWebKit/537.36 (KHTML, like Gecko) Chrome/70.0.3538.110 Safari/537.36"
172.30.0.247 - - [16/Dec/2018:06:46:05 +0000] "GET /flight-schedule/sharjah-amman-flights.html HTTP/1.1" 200 10188 "https://www.google.ae/" "Mozilla/5.0 (Windows NT 10.0; Win64; x64) AppleWebKit/537.36 (KHTML, like Gecko) Chrome/71.0.3578.80 Safari/537.36"
172.30.0.13 - - [16/Dec/2018:06:46:07 +0000] "GET /flight-schedule/guangzhou-baku-flights.html HTTP/1.1" 302 746 "-" "Mozilla/5.0 (iPhone; CPU iPhone OS 9_1 like Mac OS X) AppleWebKit/601.1.46 (KHTML, like Gecko) Version/9.0 Mobile/13B143 Safari/601.1 (compatible; AdsBot-Google-Mobile; +http://www.google.com/mobile/adsbot.html)"
172.30.0.91 - - [16/Dec/2018:06:46:08 +0000] "GET /flight-schedule/harare-rome-flights.html HTTP/1.1" 200 9388 "-" "AdsBot-Google (+http://www.google.com/adsbot.html)"
172.30.0.13 - - [16/Dec/2018:06:46:09 +0000] "GET /flight-schedule/gheshm-dubai-flights.html HTTP/1.1" 200 10364 "-" "Mozilla/5.0 (iPhone; CPU iPhone OS 9_1 like Mac OS X) AppleWebKit/601.1.46 (KHTML, like Gecko) Version/9.0 Mobile/13B143 Safari/601.1 (compatible; AdsBot-Google-Mobile; +http://www.google.com/mobile/adsbot.html)"
172.30.0.247 - - [16/Dec/2018:06:46:10 +0000] "GET /flight-schedule/lisbon-accra-flights.html HTTP/1.1" 200 9013 "-" "Mozilla/5.0 (iPhone; CPU iPhone OS 9_1 like Mac OS X) AppleWebKit/601.1.46 (KHTML, like Gecko) Version/9.0 Mobile/13B143 Safari/601.1 (compatible; AdsBot-Google-Mobile; +http://www.google.com/mobile/adsbot.html)"
172.30.0.13 - - [16/Dec/2018:06:46:12 +0000] "GET /ar/flight-schedule/doha-khartoum-flights.html HTTP/1.1" 200 9607 "https://www.google.com/" "Mozilla/5.0 (Linux; Android 6.0.1; SM-G928F) AppleWebKit/537.36 (KHTML, like Gecko) Chrome/71.0.3578.83 Mobile Safari/537.36"
172.30.0.13 - - [16/Dec/2018:06:46:12 +0000] "GET /flight-schedule/flights-from-uzhgorod.html HTTP/1.1" 200 7242 "-" "Mozilla/5.0 (iPhone; CPU iPhone OS 9_1 like Mac OS X) AppleWebKit/601.1.46 (KHTML, like Gecko) Version/9.0 Mobile/13B143 Safari/601.1 (compatible; AdsBot-Google-Mobile; +http://www.google.com/mobile/adsbot.html)"
172.30.0.13 - - [16/Dec/2018:06:46:13 +0000] "GET /flight-schedule/ankara-baku-flights.html HTTP/1.1" 200 9498 "-" "Mozilla/5.0 (compatible; bingbot/2.0; +http://www.bing.com/bingbot.htm)"
172.30.0.91 - - [16/Dec/2018:06:46:18 +0000] "GET /ar/flight-schedule/anchorage-portland-flights.html HTTP/1.1" 500 1969 "-" "Mozilla/5.0 (compatible; bingbot/2.0; +http://www.bing.com/bingbot.htm)"
172.30.0.247 - - [16/Dec/2018:06:46:13 +0000] "GET /flight-schedule/baltimore-chattanooga-flights.html HTTP/1.1" 200 9677 "-" "Mozilla/5.0 (compatible; bingbot/2.0; +http://www.bing.com/bingbot.htm)"
172.30.0.91 - - [16/Dec/2018:06:46:15 +0000] "GET /flight-schedule/dalat-danang-flights.html HTTP/1.1" 200 8878 "-" "AdsBot-Google (+http://www.google.com/adsbot.html)"
172.30.0.13 - - [16/Dec/2018:06:46:20 +0000] "GET /healthCheck.html HTTP/1.1" 200 281 "-" "ELB-HealthChecker/1.0"
172.30.0.247 - - [16/Dec/2018:06:46:17 +0000] "GET /flight-schedule/flights-from-managua-1.html HTTP/1.1" 200 6615 "-" "Mozilla/5.0 (iPhone; CPU iPhone OS 9_1 like Mac OS X) AppleWebKit/601.1.46 (KHTML, like Gecko) Version/9.0 Mobile/13B143 Safari/601.1 (compatible; AdsBot-Google-Mobile; +http://www.google.com/mobile/adsbot.html)"
172.30.0.13 - - [16/Dec/2018:06:46:16 +0000] "GET /flight-schedule/volgograd-sochi-flights.html HTTP/1.1" 200 8346 "-" "Mozilla/5.0 (iPhone; CPU iPhone OS 9_1 like Mac OS X) AppleWebKit/601.1.46 (KHTML, like Gecko) Version/9.0 Mobile/13B143 Safari/601.1 (compatible; AdsBot-Google-Mobile; +http://www.google.com/mobile/adsbot.html)"
172.30.0.13 - - [16/Dec/2018:06:46:19 +0000] "GET /flight-schedule/nice-dubai-flights.html HTTP/1.1" 200 11689 "-" "Mozilla/5.0 (Linux; Android 6.0.1; Nexus 5X Build/MMB29P) AppleWebKit/537.36 (KHTML, like Gecko) Chrome/41.0.2272.96 Mobile Safari/537.36 (compatible; Googlebot/2.1; +http://www.google.com/bot.html)"
172.30.0.247 - - [16/Dec/2018:06:46:25 +0000] "GET /healthCheck.html HTTP/1.1" 200 281 "-" "ELB-HealthChecker/1.0"
172.30.0.13 - - [16/Dec/2018:06:46:24 +0000] "GET /flight-schedule/marseille-charlotte-flights.html HTTP/1.1" 200 9625 "-" "Mozilla/5.0 (compatible; Googlebot/2.1; +http://www.google.com/bot.html)"
172.30.0.91 - - [16/Dec/2018:06:46:27 +0000] "GET /flight-schedule/ar/porto-barcelona-flights.html HTTP/1.1" 301 775 "-" "Mozilla/5.0 (compatible; bingbot/2.0; +http://www.bing.com/bingbot.htm)"
172.30.0.13 - - [16/Dec/2018:06:46:26 +0000] "GET /flight-schedule/santiago-papeete-flights.html HTTP/1.1" 200 8929 "-" "Mozilla/5.0 (compatible; bingbot/2.0; +http://www.bing.com/bingbot.htm)"
172.30.0.91 - - [16/Dec/2018:06:46:30 +0000] "GET /flight-schedule/buffalo-boston-flights.html HTTP/1.1" 200 12041 "-" "AdsBot-Google (+http://www.google.com/adsbot.html)"
172.30.0.247 - - [16/Dec/2018:06:46:30 +0000] "GET /flight-schedule/meixian-kathmandu-flights.html HTTP/1.1" 200 8222 "-" "Mozilla/5.0 (iPhone; CPU iPhone OS 9_1 like Mac OS X) AppleWebKit/601.1.46 (KHTML, like Gecko) Version/9.0 Mobile/13B143 Safari/601.1 (compatible; AdsBot-Google-Mobile; +http://www.google.com/mobile/adsbot.html)"
172.30.0.247 - - [16/Dec/2018:06:46:34 +0000] "GET /flight-schedule/sharjah-coimbatore-flights.html?dxid=Cj0KCQiA6dLgBRDoARIsAJgoM4vd9YSqeZT7qZgc6AtPD1njzYnDs7681RTz_2V1uXkkZOFTEuYyXIAaAsVJEALw_wcB&gclid=Cj0KCQiA6dLgBRDoARIsAJgoM4vd9YSqeZT7qZgc6AtPD1njzYnDs7681RTz_2V1uXkkZOFTEuYyXIAaAsVJEALw_wcB HTTP/1.1" 301 1088 "https://www.google.com/" "Mozilla/5.0 (Windows NT 6.1; Win64; x64) AppleWebKit/537.36 (KHTML, like Gecko) Chrome/71.0.3578.98 Safari/537.36"
172.30.0.13 - - [16/Dec/2018:06:46:31 +0000] "GET /flight-schedule/bremen-kutahya-flights.html HTTP/1.1" 200 8000 "-" "AdsBot-Google (+http://www.google.com/adsbot.html)"
172.30.0.13 - - [16/Dec/2018:06:46:32 +0000] "GET /flight-schedule/abu-dhabi-manila-flights.html HTTP/1.1" 200 13057 "-" "Mozilla/5.0 (compatible; Googlebot/2.1; +http://www.google.com/bot.html)"
172.30.0.91 - - [16/Dec/2018:06:46:35 +0000] "GET /flight-schedule/flights-from-totegegie.html HTTP/1.1" 200 7515 "-" "Mozilla/5.0 (compatible; Googlebot/2.1; +http://www.google.com/bot.html)"
172.30.0.13 - - [16/Dec/2018:06:46:36 +0000] "GET /flight-schedule/flights-from-notodden.html HTTP/1.1" 200 7558 "-" "Mozilla/5.0 (compatible; bingbot/2.0; +http://www.bing.com/bingbot.htm)"
172.30.0.13 - - [16/Dec/2018:06:46:37 +0000] "GET /flight-schedule/hong-kong-kolkata-flights.html HTTP/1.1" 200 10861 "-" "Mozilla/5.0 (compatible; SemrushBot/3~bl; +http://www.semrush.com/bot.html)"
172.30.0.247 - - [16/Dec/2018:06:46:38 +0000] "GET /flight-schedule/flights-to-apartado.html HTTP/1.1" 200 7839 "-" "Mozilla/5.0 (Linux; Android 6.0.1; Nexus 5X Build/MMB29P) AppleWebKit/537.36 (KHTML, like Gecko) Chrome/41.0.2272.96 Mobile Safari/537.36 (compatible; Googlebot/2.1; +http://www.google.com/bot.html)"
172.30.0.91 - - [16/Dec/2018:06:46:41 +0000] "GET /ar/flight-schedule/philadelphia-nassau-flights.html HTTP/1.1" 200 10431 "-" "Mozilla/5.0 (compatible; bingbot/2.0; +http://www.bing.com/bingbot.htm)"
172.30.0.13 - - [16/Dec/2018:06:46:43 +0000] "GET /flight-schedule/hamburg-olbia-flights.html HTTP/1.1" 200 9572 "-" "Mozilla/5.0 (compatible; bingbot/2.0; +http://www.bing.com/bingbot.htm)"
172.30.0.13 - - [16/Dec/2018:06:46:45 +0000] "GET /flight-schedule/bodrum-istanbul-flights.html HTTP/1.1" 500 1969 "-" "Mozilla/5.0 (iPhone; CPU iPhone OS 9_1 like Mac OS X) AppleWebKit/601.1.46 (KHTML, like Gecko) Version/9.0 Mobile/13B143 Safari/601.1 (compatible; AdsBot-Google-Mobile; +http://www.google.com/mobile/adsbot.html)"
172.30.0.13 - - [16/Dec/2018:06:46:49 +0000] "GET /flight-schedule/edinburgh-vienna-flights.html HTTP/1.1" 200 9975 "-" "Mozilla/5.0 (compatible; bingbot/2.0; +http://www.bing.com/bingbot.htm)"
172.30.0.13 - - [16/Dec/2018:06:46:53 +0000] "GET /ar/flight-schedule/bordeaux-rome-flights.html HTTP/1.1" 200 10703 "-" "Mozilla/5.0 (compatible; bingbot/2.0; +http://www.bing.com/bingbot.htm)"
172.30.0.247 - - [16/Dec/2018:06:46:56 +0000] "GET /flight-schedule/ar/oklahoma-city-cincinnati-flights.html HTTP/1.1" 301 790 "-" "Mozilla/5.0 (compatible; SemrushBot/3~bl; +http://www.semrush.com/bot.html)"
172.30.0.13 - - [16/Dec/2018:06:46:56 +0000] "GET /flight-schedule/wabush-halifax-flights.html HTTP/1.1" 200 9484 "-" "Mozilla/5.0 (compatible; bingbot/2.0; +http://www.bing.com/bingbot.htm)"
172.30.0.13 - - [16/Dec/2018:06:46:57 +0000] "GET /flight-schedule/boston-detroit-flights.html HTTP/1.1" 200 12251 "-" "Mozilla/5.0 (compatible; SemrushBot/3~bl; +http://www.semrush.com/bot.html)"
172.30.0.13 - - [16/Dec/2018:06:46:59 +0000] "GET /flight-schedule/nagpur-pune-flights HTTP/1.1" 301 758 "-" "Mozilla/5.0 (compatible; bingbot/2.0; +http://www.bing.com/bingbot.htm)"
172.30.0.91 - - [16/Dec/2018:06:46:59 +0000] "GET /healthCheck.html HTTP/1.1" 200 281 "-" "ELB-HealthChecker/1.0"
172.30.0.247 - - [16/Dec/2018:06:46:59 +0000] "GET /flight-schedule/flight-schedules-international.html HTTP/1.1" 200 10502 "https://www.google.com/" "Mozilla/5.0 (Linux; Android 8.1.0; INE-LX1) AppleWebKit/537.36 (KHTML, like Gecko) Chrome/70.0.3538.110 Mobile Safari/537.36"
172.30.0.13 - - [16/Dec/2018:06:46:59 +0000] "GET /flight-schedule/addis-ababa-dakar-flights.html HTTP/1.1" 200 9100 "-" "AdsBot-Google (+http://www.google.com/adsbot.html)"
172.30.0.13 - - [16/Dec/2018:06:46:59 +0000] "GET /ar/flight-schedule/oklahoma-city-cincinnati-flights.html HTTP/1.1" 200 10182 "-" "Mozilla/5.0 (compatible; SemrushBot/3~bl; +http://www.semrush.com/bot.html)"
172.30.0.91 - - [16/Dec/2018:06:47:04 +0000] "GET /flight-schedule/mer-wroclaw-flights.html HTTP/1.1" 200 9030 "-" "Mozilla/5.0 (compatible; bingbot/2.0; +http://www.bing.com/bingbot.htm)"
172.30.0.13 - - [16/Dec/2018:06:47:09 +0000] "GET /flight-schedule/dubai-trivandrum-flights.html HTTP/1.1" 200 13620 "https://www.google.com/" "Mozilla/5.0 (Linux; Android 4.2.2; H30-U10 Build/HuaweiH30-U10) AppleWebKit/537.36 (KHTML, like Gecko) Chrome/66.0.3359.126 Mobile Safari/537.36"
172.30.0.13 - - [16/Dec/2018:06:47:11 +0000] "GET /flight-schedule/london-billund-flights.html HTTP/1.1" 500 1969 "-" "AdsBot-Google (+http://www.google.com/adsbot.html)"
172.30.0.247 - - [16/Dec/2018:06:47:10 +0000] "GET /flight-schedule/tijuana-mexico-city-flights.html HTTP/1.1" 200 11706 "-" "Mozilla/5.0 (compatible; bingbot/2.0; +http://www.bing.com/bingbot.htm)"
172.30.0.13 - - [16/Dec/2018:06:47:11 +0000] "GET /flight-schedule/cody-yellowstone-salt-lake-city-flights.html HTTP/1.1" 200 9460 "-" "AdsBot-Google (+http://www.google.com/adsbot.html)"
172.30.0.13 - - [16/Dec/2018:06:47:12 +0000] "GET /flight-schedule/dublin-budapest-flights.html HTTP/1.1" 200 12805 "-" "Opera/12.0(Windows NT 5.1;U;en)Presto/22.9.168 Version/12.00"
172.30.0.247 - - [16/Dec/2018:06:47:11 +0000] "GET /flight-schedule/mumbai-toronto-flights.html HTTP/1.1" 200 13128 "https://www.google.com/" "Mozilla/5.0 (Linux; Android 7.1.1; ONEPLUS A5000) AppleWebKit/537.36 (KHTML, like Gecko) Chrome/70.0.3538.80 Mobile Safari/537.36"
172.30.0.13 - - [16/Dec/2018:06:47:18 +0000] "GET /flight-schedule/ar/naples-berlin-flights.html HTTP/1.1" 301 770 "-" "Mozilla/5.0 (compatible; bingbot/2.0; +http://www.bing.com/bingbot.htm)"
172.30.0.13 - - [16/Dec/2018:06:47:16 +0000] "GET /flight-schedule/dammam-trivandrum-flights.html HTTP/1.1" 200 11712 "https://www.google.com/" "Mozilla/5.0 (Windows NT 10.0; Win64; x64) AppleWebKit/537.36 (KHTML, like Gecko) Chrome/71.0.3578.98 Safari/537.36"
172.30.0.13 - - [16/Dec/2018:06:47:20 +0000] "GET /healthCheck.html HTTP/1.1" 200 281 "-" "ELB-HealthChecker/1.0"
172.30.0.13 - - [16/Dec/2018:06:47:20 +0000] "GET /flight-schedule/flight-schedules-international.html HTTP/1.1" 200 10502 "android-app://com.google.android.googlequicksearchbox/https/www.google.com" "Mozilla/5.0 (Linux; Android 8.1.0; INE-LX1) AppleWebKit/537.36 (KHTML, like Gecko) Chrome/71.0.3578.98 Mobile Safari/537.36"
172.30.0.247 - - [16/Dec/2018:06:47:21 +0000] "GET /flight-schedule/abu-dhabi-frankfurt-flights.html HTTP/1.1" 200 11677 "-" "Mozilla/5.0 (Linux; Android 4.2.1; en-us; Nexus 5 Build/JOP40D) AppleWebKit/535.19 (KHTML, like Gecko; googleweblight) Chrome/38.0.1025.166 Mobile Safari/535.19"
172.30.0.13 - - [16/Dec/2018:06:47:22 +0000] "GET /ar/flight-schedule/nice-munich-flights.html HTTP/1.1" 500 1969 "-" "Mozilla/5.0 (compatible; bingbot/2.0; +http://www.bing.com/bingbot.htm)"
172.30.0.247 - - [16/Dec/2018:06:47:25 +0000] "GET /healthCheck.html HTTP/1.1" 200 281 "-" "ELB-HealthChecker/1.0"
172.30.0.13 - - [16/Dec/2018:06:47:23 +0000] "GET /flight-schedule/sevilla-london-flights.html HTTP/1.1" 200 11408 "-" "Mozilla/5.0 (iPhone; CPU iPhone OS 9_1 like Mac OS X) AppleWebKit/601.1.46 (KHTML, like Gecko) Version/9.0 Mobile/13B143 Safari/601.1 (compatible; AdsBot-Google-Mobile; +http://www.google.com/mobile/adsbot.html)"
172.30.0.91 - - [16/Dec/2018:06:47:25 +0000] "GET /flight-schedule/des-moines-milwaukee-flights.html HTTP/1.1" 302 746 "-" "Mozilla/5.0 (iPhone; CPU iPhone OS 9_1 like Mac OS X) AppleWebKit/601.1.46 (KHTML, like Gecko) Version/9.0 Mobile/13B143 Safari/601.1 (compatible; AdsBot-Google-Mobile; +http://www.google.com/mobile/adsbot.html)"
172.30.0.247 - - [16/Dec/2018:06:47:22 +0000] "GET /flight-schedule/manado-guangzhou-flights.html HTTP/1.1" 200 9520 "-" "Mozilla/5.0 (Windows NT 10.0; WOW64) AppleWebKit/537.36 (KHTML, like Gecko) Chrome/45.0.2454.93 Safari/537.36"
172.30.0.91 - - [16/Dec/2018:06:47:22 +0000] "GET /flight-schedule/flights-from-mobile.html HTTP/1.1" 200 8773 "-" "Mozilla/5.0 (Linux; Android 6.0.1; Nexus 5X Build/MMB29P) AppleWebKit/537.36 (KHTML, like Gecko) Chrome/41.0.2272.96 Mobile Safari/537.36 (compatible; Googlebot/2.1; +http://www.google.com/bot.html)"
172.30.0.13 - - [16/Dec/2018:06:47:26 +0000] "GET /flight-schedule/hyderabad-indore-flights.html HTTP/1.1" 200 15425 "https://www.google.co.in/" "Mozilla/5.0 (iPhone; CPU iPhone OS 11_2_1 like Mac OS X) AppleWebKit/604.4.7 (KHTML, like Gecko) Version/11.0 Mobile/15C153 Safari/604.1"
172.30.0.91 - - [16/Dec/2018:06:47:29 +0000] "GET /flight-schedule/flights-from-waco.html HTTP/1.1" 200 7718 "-" "Mozilla/5.0 (compatible; bingbot/2.0; +http://www.bing.com/bingbot.htm)"
172.30.0.247 - - [16/Dec/2018:06:47:32 +0000] "GET /ar/flight-schedule/san-fernando-de-apure-caracas-flights.html-cheap.html HTTP/1.1" 301 588 "-" "Mozilla/5.0 (compatible; Googlebot/2.1; +http://www.google.com/bot.html)"
172.30.0.13 - - [16/Dec/2018:06:47:30 +0000] "GET /flight-schedule/milan-nis-flights.html HTTP/1.1" 200 8331 "-" "Mozilla/5.0 (Linux; Android 6.0.1; Nexus 5X Build/MMB29P) AppleWebKit/537.36 (KHTML, like Gecko) Chrome/41.0.2272.96 Mobile Safari/537.36 (compatible; Googlebot/2.1; +http://www.google.com/bot.html)"
172.30.0.13 - - [16/Dec/2018:06:47:37 +0000] "GET /flight-schedule/new-orleans-greenville-greer-flights.html HTTP/1.1" 302 745 "-" "Mozilla/5.0 (iPhone; CPU iPhone OS 9_1 like Mac OS X) AppleWebKit/601.1.46 (KHTML, like Gecko) Version/9.0 Mobile/13B143 Safari/601.1 (compatible; AdsBot-Google-Mobile; +http://www.google.com/mobile/adsbot.html)"
172.30.0.247 - - [16/Dec/2018:06:47:34 +0000] "GET /flight-schedule/mumbai-seattle-flights.html HTTP/1.1" 200 10999 "-" "Mozilla/5.0 (Windows NT 10.0; WOW64) AppleWebKit/537.36 (KHTML, like Gecko) Chrome/45.0.2454.93 Safari/537.36"
172.30.0.91 - - [16/Dec/2018:06:47:39 +0000] "GET /flight-schedule/peoria-green-bay-flights.html HTTP/1.1" 302 746 "-" "Mozilla/5.0 (compatible; bingbot/2.0; +http://www.bing.com/bingbot.htm)"
172.30.0.91 - - [16/Dec/2018:06:47:37 +0000] "GET /flight-schedule/sharjah-coimbatore-flights.html?dxid=Cj0KCQiA6dLgBRDoARIsAJgoM4vd9YSqeZT7qZgc6AtPD1njzYnDs7681RTz_2V1uXkkZOFTEuYyXIAaAsVJEALw_wcB&gclid=Cj0KCQiA6dLgBRDoARIsAJgoM4vd9YSqeZT7qZgc6AtPD1njzYnDs7681RTz_2V1uXkkZOFTEuYyXIAaAsVJEALw_wcB.html HTTP/1.1" 200 10727 "https://www.google.com/" "Mozilla/5.0 (Windows NT 6.1; Win64; x64) AppleWebKit/537.36 (KHTML, like Gecko) Chrome/71.0.3578.98 Safari/537.36"
172.30.0.13 - - [16/Dec/2018:06:47:38 +0000] "GET /flight-schedule/la-romana-toronto-flights.html HTTP/1.1" 200 9813 "-" "Mozilla/5.0 (iPhone; CPU iPhone OS 9_1 like Mac OS X) AppleWebKit/601.1.46 (KHTML, like Gecko) Version/9.0 Mobile/13B143 Safari/601.1 (compatible; AdsBot-Google-Mobile; +http://www.google.com/mobile/adsbot.html)"
172.30.0.247 - - [16/Dec/2018:06:47:39 +0000] "GET /flight-schedule/new-york-vienna-flights.html HTTP/1.1" 200 10687 "-" "Mozilla/5.0 (Macintosh; Intel Mac OS X 10_10; rv:33.0) Gecko/20100101 Firefox/33.0"
172.30.0.13 - - [16/Dec/2018:06:47:42 +0000] "GET /ar/flight-schedule/dublin-manchester-flights.html HTTP/1.1" 200 13155 "-" "Mozilla/5.0 (compatible; bingbot/2.0; +http://www.bing.com/bingbot.htm)"
172.30.0.247 - - [16/Dec/2018:06:47:42 +0000] "GET /flight-schedule/st-augustin-lourdes-de-blanc-sablon-flights.html HTTP/1.1" 200 8242 "-" "Mozilla/5.0 (compatible; bingbot/2.0; +http://www.bing.com/bingbot.htm)"
172.30.0.91 - - [16/Dec/2018:06:47:43 +0000] "GET /flight-schedule/dammam-islamabad-flights.html HTTP/1.1" 200 10739 "-" "Mozilla/5.0 (compatible; bingbot/2.0; +http://www.bing.com/bingbot.htm)"
172.30.0.247 - - [16/Dec/2018:06:47:48 +0000] "GET /flight-schedule/coimbatore-chennai-flights.html?gclid=Cj0KCQiA6dLgBRDoARIsAJgoM4vTBe2Pjn-s8svyNe8XZgCdir2IE1iA3zeyDRL-Dhk2aKxT9mmwXdgaAn72EALw_wcB HTTP/1.1" 301 975 "https://www.google.com/aclk?sa=l&ai=DChcSEwi4yarO4KPfAhUT53cKHd_OADQYABAAGgJlZg&sig=AOD64_0vYKvWhz_jxtZOTQ1uBhLJtTi_Mw&rct=j&q=&ved=2ahUKEwitkqTO4KPfAhWB-qQKHWXdBxgQ0Qx6BAgMEAE&adurl=&bg=!kJOlk4tEbUhuA45I7HICAAAAMFIAAAAECgBLHqS9PXpJB_m3GxcdFBiuNnGWChyVopnRyOY4O4KFY20_sqft3jlTjIRLZeeMDuLAGoMNhKQtRlEz0D3RGXCS-bojKoouNGvHukHomQDeK-o4xk-Nw3OHRCRbdVabJfmsshP2Wu6sCuekRuc6zZy7UYVMPYh-ZqZ0bC_2Rv4jkhsIUge3uSCcFFeQ2OU-3HG0E-JD7KILMRoDuNQ5S3RFy0vDIlFq_wyB5LhCFoNVTBlEKyzN-zwjcE_Ubt8AambT_hhD0C_p0PjcCzBx85UmkoPSUGMboFIAfVINFlO20lCNrCYg7QoWr-UCqSIPpBYTDHNDZmJ9iQewqtutK_9Yc0APNJNLjrH1F60Q5LdVHqujRj5T_H-wz1Fw_avtPMMTLs86Jmf1oq6VIyfD" "Mozilla/5.0 (Windows NT 6.3; WOW64; Trident/7.0; rv:11.0) like Gecko"
172.30.0.91 - - [16/Dec/2018:06:47:47 +0000] "GET /flight-schedule/flights-to-nunapitchuk.html HTTP/1.1" 200 7844 "-" "Mozilla/5.0 (compatible; bingbot/2.0; +http://www.bing.com/bingbot.htm)"
172.30.0.13 - - [16/Dec/2018:06:47:48 +0000] "GET /ar/flight-schedule/milan-cairo-flights.html HTTP/1.1" 200 11350 "-" "Mozilla/5.0 (compatible; BLEXBot/1.0; +http://webmeup-crawler.com/)"
172.30.0.91 - - [16/Dec/2018:06:47:51 +0000] "GET /ar/flight-schedule/sevilla-london-flights.html HTTP/1.1" 500 1969 "-" "Mozilla/5.0 (compatible; bingbot/2.0; +http://www.bing.com/bingbot.htm)"
172.30.0.247 - - [16/Dec/2018:06:47:51 +0000] "GET /flight-schedule/coimbatore-chennai-flights.html?gclid=Cj0KCQiA6dLgBRDoARIsAJgoM4vTBe2Pjn-s8svyNe8XZgCdir2IE1iA3zeyDRL-Dhk2aKxT9mmwXdgaAn72EALw_wcB.html HTTP/1.1" 200 12434 "-" "Mozilla/5.0 (Windows NT 6.3; WOW64; Trident/7.0; rv:11.0) like Gecko"
172.30.0.13 - - [16/Dec/2018:06:47:51 +0000] "GET /flight-schedule/flight-schedules-domestic.html HTTP/1.1" 200 9272 "-" "Mozilla/5.0 (compatible; bingbot/2.0; +http://www.bing.com/bingbot.htm)"
172.30.0.247 - - [16/Dec/2018:06:47:54 +0000] "GET /flight-schedule/amsterdam-teesside-flights.html HTTP/1.1" 200 9713 "-" "Mozilla/5.0 (iPhone; CPU iPhone OS 9_1 like Mac OS X) AppleWebKit/601.1.46 (KHTML, like Gecko) Version/9.0 Mobile/13B143 Safari/601.1 (compatible; AdsBot-Google-Mobile; +http://www.google.com/mobile/adsbot.html)"
172.30.0.91 - - [16/Dec/2018:06:47:53 +0000] "GET /flight-schedule/berlin-samos-flights.html HTTP/1.1" 200 8497 "-" "AdsBot-Google (+http://www.google.com/adsbot.html)"
172.30.0.247 - - [16/Dec/2018:06:47:55 +0000] "GET /flight-schedule/toronto-hong-kong-flights.html HTTP/1.1" 200 10817 "-" "Mozilla/5.0 (iPhone; CPU iPhone OS 9_1 like Mac OS X) AppleWebKit/601.1.46 (KHTML, like Gecko) Version/9.0 Mobile/13B143 Safari/601.1 (compatible; AdsBot-Google-Mobile; +http://www.google.com/mobile/adsbot.html)"
172.30.0.91 - - [16/Dec/2018:06:47:55 +0000] "GET /flight-schedule/denpasar-bali-cape-town-flights.html HTTP/1.1" 200 9199 "-" "Mozilla/5.0 (iPhone; CPU iPhone OS 9_1 like Mac OS X) AppleWebKit/601.1.46 (KHTML, like Gecko) Version/9.0 Mobile/13B143 Safari/601.1 (compatible; AdsBot-Google-Mobile; +http://www.google.com/mobile/adsbot.html)"
172.30.0.91 - - [16/Dec/2018:06:47:59 +0000] "GET /healthCheck.html HTTP/1.1" 200 281 "-" "ELB-HealthChecker/1.0"
172.30.0.13 - - [16/Dec/2018:06:47:55 +0000] "GET /flight-schedule/bodo-riga-flights.html HTTP/1.1" 200 8681 "-" "AdsBot-Google (+http://www.google.com/adsbot.html)"
172.30.0.247 - - [16/Dec/2018:06:47:57 +0000] "GET /flight-schedule/moro-osaka-flights.html HTTP/1.1" 200 7972 "-" "Mozilla/5.0 (Linux; Android 6.0.1; Nexus 5X Build/MMB29P) AppleWebKit/537.36 (KHTML, like Gecko) Chrome/41.0.2272.96 Mobile Safari/537.36 (compatible; Googlebot/2.1; +http://www.google.com/bot.html)"
172.30.0.13 - - [16/Dec/2018:06:48:00 +0000] "GET /flight-schedule/hefei-nanning-flights.html HTTP/1.1" 200 9521 "-" "Mozilla/5.0 (Windows NT 10.0; WOW64) AppleWebKit/537.36 (KHTML, like Gecko) Chrome/45.0.2454.93 Safari/537.36"
172.30.0.247 - - [16/Dec/2018:06:48:02 +0000] "GET /ar/flight-schedule/milan-london-flights.html HTTP/1.1" 200 12744 "-" "Mozilla/5.0 (compatible; BLEXBot/1.0; +http://webmeup-crawler.com/)"
172.30.0.13 - - [16/Dec/2018:06:48:01 +0000] "GET /flight-schedule/dhaka-athens-flights.html HTTP/1.1" 200 9792 "-" "AdsBot-Google (+http://www.google.com/adsbot.html)"
172.30.0.247 - - [16/Dec/2018:06:48:04 +0000] "GET /flight-schedule/amsterdam-minsk-flights.html HTTP/1.1" 200 9674 "-" "AdsBot-Google (+http://www.google.com/adsbot.html)"
172.30.0.91 - - [16/Dec/2018:06:48:05 +0000] "GET /flight-schedule/hong-kong-chennai-flights.html HTTP/1.1" 200 12097 "-" "AdsBot-Google (+http://www.google.com/adsbot.html)"
172.30.0.13 - - [16/Dec/2018:06:48:05 +0000] "GET /ar/flight-schedule/dunedin-brisbane-flights.html HTTP/1.1" 200 10439 "-" "Mozilla/5.0 (compatible; bingbot/2.0; +http://www.bing.com/bingbot.htm)"
172.30.0.13 - - [16/Dec/2018:06:48:10 +0000] "GET /flight-schedule/dubai-manila-flights.html?gclid=Cj0KCQiA6dLgBRDoARIsAJgoM4sR5KNgj7Ux94pDYILOT63wLu_ZFmiIMBLDtVDBnvx6QxqZhaBEc3UaAroxEALw_wcB HTTP/1.1" 301 967 "https://www.google.com/" "Mozilla/5.0 (Windows NT 10.0; Win64; x64) AppleWebKit/537.36 (KHTML, like Gecko) Chrome/71.0.3578.98 Safari/537.36"
172.30.0.91 - - [16/Dec/2018:06:48:10 +0000] "GET /flight-schedule/fergana-tashkent-flights.html HTTP/1.1" 200 8652 "-" "Mozilla/5.0 (iPhone; CPU iPhone OS 9_1 like Mac OS X) AppleWebKit/601.1.46 (KHTML, like Gecko) Version/9.0 Mobile/13B143 Safari/601.1 (compatible; AdsBot-Google-Mobile; +http://www.google.com/mobile/adsbot.html)"
172.30.0.247 - - [16/Dec/2018:06:48:09 +0000] "GET /flight-schedule/goa-budapest-flights.html HTTP/1.1" 200 9167 "-" "AdsBot-Google (+http://www.google.com/adsbot.html)"
172.30.0.13 - - [16/Dec/2018:06:48:11 +0000] "GET /flight-schedule/dubai-manila-flights.html?gclid=Cj0KCQiA6dLgBRDoARIsAJgoM4sR5KNgj7Ux94pDYILOT63wLu_ZFmiIMBLDtVDBnvx6QxqZhaBEc3UaAroxEALw_wcB.html HTTP/1.1" 200 13243 "https://www.google.com/" "Mozilla/5.0 (Windows NT 10.0; Win64; x64) AppleWebKit/537.36 (KHTML, like Gecko) Chrome/71.0.3578.98 Safari/537.36"
172.30.0.91 - - [16/Dec/2018:06:48:14 +0000] "GET /flight-schedule/mumbai-shanghai-flights.html HTTP/1.1" 200 9974 "-" "AdsBot-Google (+http://www.google.com/adsbot.html)"
172.30.0.13 - - [16/Dec/2018:06:48:18 +0000] "GET /flight-schedule/dammam-sialkot-flights.html?dxid=Cj0KCQiA6dLgBRDoARIsAJgoM4vPuwqDb_tzIEpnOVo-XAfZwe7Bw4xc93CUIcZEF9HVPl44xLQhbcEaApcGEALw_wcB&gclid=Cj0KCQiA6dLgBRDoARIsAJgoM4vPuwqDb_tzIEpnOVo-XAfZwe7Bw4xc93CUIcZEF9HVPl44xLQhbcEaApcGEALw_wcB.html HTTP/1.1" 200 10105 "-" "Mozilla/5.0 (Linux; Android 8.1.0; SAMSUNG SM-J530F Build/M1AJQ) AppleWebKit/537.36 (KHTML, like Gecko) SamsungBrowser/7.4 Chrome/59.0.3071.125 Mobile Safari/537.36"
172.30.0.13 - - [16/Dec/2018:06:48:20 +0000] "GET /healthCheck.html HTTP/1.1" 200 281 "-" "ELB-HealthChecker/1.0"
172.30.0.247 - - [16/Dec/2018:06:48:20 +0000] "GET /flight-schedule/bangkok-mexico-city-flights.html HTTP/1.1" 200 10545 "-" "Mozilla/5.0 (compatible; bingbot/2.0; +http://www.bing.com/bingbot.htm)"
172.30.0.247 - - [16/Dec/2018:06:48:25 +0000] "GET /healthCheck.html HTTP/1.1" 200 281 "-" "ELB-HealthChecker/1.0"
172.30.0.91 - - [16/Dec/2018:06:48:22 +0000] "GET /flight-schedule/moro-osaka-flights.html HTTP/1.1" 200 8542 "-" "Mozilla/5.0 (Linux; Android 6.0.1; Nexus 5X Build/MMB29P) AppleWebKit/537.36 (KHTML, like Gecko) Chrome/41.0.2272.96 Mobile Safari/537.36 (compatible; Googlebot/2.1; +http://www.google.com/bot.html)"
172.30.0.13 - - [16/Dec/2018:06:48:22 +0000] "GET /flight-schedule/abu-dhabi-mumbai-flights.html?gclid=EAIaIQobChMI5cCS2-Cj3wIVGud3Ch3bGgUuEAAYBCAAEgI-JPD_BwE.html HTTP/1.1" 200 12509 "https://www.google.com/" "Mozilla/5.0 (Windows NT 6.3; Win64; x64) AppleWebKit/537.36 (KHTML, like Gecko) Chrome/71.0.3578.98 Safari/537.36"
172.30.0.13 - - [16/Dec/2018:06:48:31 +0000] "GET /flight-schedule/sofia-bucharest-flights.html HTTP/1.1" 500 1969 "-" "Mozilla/5.0 (compatible; bingbot/2.0; +http://www.bing.com/bingbot.htm)"
172.30.0.247 - - [16/Dec/2018:06:48:29 +0000] "GET /flight-schedule/dehradun-pune-flights.html HTTP/1.1" 200 11629 "-" "Mozilla/5.0 (compatible; Googlebot/2.1; +http://www.google.com/bot.html)"
172.30.0.13 - - [16/Dec/2018:06:48:34 +0000] "GET /flight-schedule/london-amritsar-flights.html HTTP/1.1" 200 10535 "-" "Mozilla/5.0 (compatible; Googlebot/2.1; +http://www.google.com/bot.html)"
172.30.0.91 - - [16/Dec/2018:06:48:37 +0000] "GET /flight-schedule/rotuma-suva-flights.html HTTP/1.1" 200 8744 "-" "Mozilla/5.0 (compatible; bingbot/2.0; +http://www.bing.com/bingbot.htm)"
172.30.0.13 - - [16/Dec/2018:06:48:38 +0000] "GET /flight-schedule/dammam-lahore-flights.html HTTP/1.1" 200 10794 "https://www.google.com.sa/" "Mozilla/5.0 (Windows NT 10.0; Win64; x64) AppleWebKit/537.36 (KHTML, like Gecko) Chrome/64.0.3282.140 Safari/537.36 Edge/17.17134"
172.30.0.13 - - [16/Dec/2018:06:48:39 +0000] "GET /flight-schedule/new-delhi-stockholm-flights.html HTTP/1.1" 200 9601 "-" "Mozilla/5.0 (compatible; Googlebot/2.1; +http://www.google.com/bot.html)"
172.30.0.247 - - [16/Dec/2018:06:48:42 +0000] "GET /ar/flight-schedule/hefei-changchun-flights.html HTTP/1.1" 200 9552 "-" "Mozilla/5.0 (compatible; bingbot/2.0; +http://www.bing.com/bingbot.htm)"
172.30.0.91 - - [16/Dec/2018:06:48:45 +0000] "GET /flight-schedule/muscat-chittagong-flights.html?gclid=EAIaIQobChMIw8r-6-Cj3wIV0uF3Ch2kbQ21EAAYAiAAEgI83fD_BwE HTTP/1.1" 301 902 "https://www.google.com/" "Mozilla/5.0 (Windows NT 6.1; Win64; x64) AppleWebKit/537.36 (KHTML, like Gecko) Chrome/70.0.3538.110 Safari/537.36"
172.30.0.13 - - [16/Dec/2018:06:48:44 +0000] "GET /flight-schedule/lusaka-mfuwe-flights.html HTTP/1.1" 200 8366 "-" "Mozilla/5.0 (iPhone; CPU iPhone OS 9_1 like Mac OS X) AppleWebKit/601.1.46 (KHTML, like Gecko) Version/9.0 Mobile/13B143 Safari/601.1 (compatible; AdsBot-Google-Mobile; +http://www.google.com/mobile/adsbot.html)"
172.30.0.13 - - [16/Dec/2018:06:48:43 +0000] "GET /flight-schedule/esquel-rome-flights.html HTTP/1.1" 200 9074 "-" "Mozilla/5.0 (Linux; Android 6.0.1; Nexus 5X Build/MMB29P) AppleWebKit/537.36 (KHTML, like Gecko) Chrome/41.0.2272.96 Mobile Safari/537.36 (compatible; Googlebot/2.1; +http://www.google.com/bot.html)"
172.30.0.13 - - [16/Dec/2018:06:48:46 +0000] "GET /flight-schedule/dubai-islamabad-flights.html HTTP/1.1" 200 10699 "https://www.google.com/" "Mozilla/5.0 (Linux; Android 7.0; Moto C Plus) AppleWebKit/537.36 (KHTML, like Gecko) Chrome/71.0.3578.98 Mobile Safari/537.36"
172.30.0.13 - - [16/Dec/2018:06:48:47 +0000] "GET /ar/flight-schedule/nagoya-seoul-flights.html HTTP/1.1" 200 10138 "-" "Mozilla/5.0 (compatible; bingbot/2.0; +http://www.bing.com/bingbot.htm)"
172.30.0.13 - - [16/Dec/2018:06:48:49 +0000] "GET /flight-schedule/dubai-islamabad-flights.html HTTP/1.1" 200 10781 "https://www.google.com/" "Mozilla/5.0 (Linux; Android 7.0; Moto C Plus) AppleWebKit/537.36 (KHTML, like Gecko) Chrome/71.0.3578.98 Mobile Safari/537.36"
172.30.0.13 - - [16/Dec/2018:06:48:51 +0000] "GET /flight-schedule/linz-bastia-flights.html HTTP/1.1" 200 8251 "-" "Mozilla/5.0 (Linux; Android 6.0.1; Nexus 5X Build/MMB29P) AppleWebKit/537.36 (KHTML, like Gecko) Chrome/41.0.2272.96 Mobile Safari/537.36 (compatible; Googlebot/2.1; +http://www.google.com/bot.html)"
172.30.0.13 - - [16/Dec/2018:06:48:54 +0000] "GET /flight-schedule/muscat-entebbe-flights.html HTTP/1.1" 200 9321 "-" "Mozilla/5.0 (compatible; Googlebot/2.1; +http://www.google.com/bot.html)"
172.30.0.247 - - [16/Dec/2018:06:48:55 +0000] "GET /flight-schedule/moscow-rotterdam-flights.html HTTP/1.1" 200 9479 "-" "Mozilla/5.0 (compatible; bingbot/2.0; +http://www.bing.com/bingbot.htm)"
172.30.0.91 - - [16/Dec/2018:06:48:59 +0000] "GET /healthCheck.html HTTP/1.1" 200 281 "-" "ELB-HealthChecker/1.0"
172.30.0.91 - - [16/Dec/2018:06:48:59 +0000] "GET /flight-schedule/manila-cotabato-flights.html?gclid=Cj0KCQiA6dLgBRDoARIsAJgoM4slgAwjNnP6JIHWOaR77iYXb5onZxxpfyIOpFbyqGz2TogBBwl0PBkaAugKEALw_wcB HTTP/1.1" 301 973 "https://www.google.com/" "Mozilla/5.0 (Windows NT 10.0; Win64; x64) AppleWebKit/537.36 (KHTML, like Gecko) Chrome/52.0.2743.116 Safari/537.36 Edge/15.15063"
172.30.0.13 - - [16/Dec/2018:06:49:00 +0000] "GET /ar/flight-schedule/denver-miami-flights.html HTTP/1.1" 200 12772 "-" "Mozilla/5.0 (compatible; bingbot/2.0; +http://www.bing.com/bingbot.htm)"
172.30.0.13 - - [16/Dec/2018:06:49:03 +0000] "GET /flight-schedule/dubai-jeddah-flights.html?dxid=Cj0KCQiA6dLgBRDoARIsAJgoM4uZ5JhHrRFKv4fPQnbQTJfVSAblrARhY_fNHRZw7SGYH-4xeEzZH2AaAqjYEALw_wcB&gclid=Cj0KCQiA6dLgBRDoARIsAJgoM4uZ5JhHrRFKv4fPQnbQTJfVSAblrARhY_fNHRZw7SGYH-4xeEzZH2AaAqjYEALw_wcB HTTP/1.1" 301 1078 "https://www.google.com/" "Mozilla/5.0 (Windows NT 10.0; Win64; x64) AppleWebKit/537.36 (KHTML, like Gecko) Chrome/69.0.3497.100 Safari/537.36 OPR/56.0.3051.116"
172.30.0.13 - - [16/Dec/2018:06:49:03 +0000] "GET /flight-schedule/dubai-jeddah-flights.html?dxid=Cj0KCQiA6dLgBRDoARIsAJgoM4uZ5JhHrRFKv4fPQnbQTJfVSAblrARhY_fNHRZw7SGYH-4xeEzZH2AaAqjYEALw_wcB&gclid=Cj0KCQiA6dLgBRDoARIsAJgoM4uZ5JhHrRFKv4fPQnbQTJfVSAblrARhY_fNHRZw7SGYH-4xeEzZH2AaAqjYEALw_wcB.html HTTP/1.1" 200 14244 "https://www.google.com/" "Mozilla/5.0 (Windows NT 10.0; Win64; x64) AppleWebKit/537.36 (KHTML, like Gecko) Chrome/69.0.3497.100 Safari/537.36 OPR/56.0.3051.116"
172.30.0.247 - - [16/Dec/2018:06:49:04 +0000] "GET /flight-schedule/sharjah-kuwait-flights.html HTTP/1.1" 200 9375 "-" "Mozilla/5.0 (compatible; bingbot/2.0; +http://www.bing.com/bingbot.htm)"
172.30.0.13 - - [16/Dec/2018:06:49:06 +0000] "GET /ar/flight-schedule/nantes-palma-mallorca-flights.html HTTP/1.1" 200 10056 "-" "Mozilla/5.0 (compatible; bingbot/2.0; +http://www.bing.com/bingbot.htm)"
172.30.0.13 - - [16/Dec/2018:06:49:10 +0000] "GET /ar/flight-schedule/beijing-novosibirsk-flights.html-cheap HTTP/1.1" 301 799 "-" "Mozilla/5.0 (Linux; Android 6.0.1; Nexus 5X Build/MMB29P) AppleWebKit/537.36 (KHTML, like Gecko) Chrome/41.0.2272.96 Mobile Safari/537.36 (compatible; Googlebot/2.1; +http://www.google.com/bot.html)"
172.30.0.13 - - [16/Dec/2018:06:49:12 +0000] "GET /flight-schedule/muscat-chittagong-flights.html?gclid=EAIaIQobChMIw8r-6-Cj3wIV0uF3Ch2kbQ21EAAYAiAAEgI83fD_BwE.html HTTP/1.1" 200 8981 "-" "Mozilla/5.0 (compatible; proximic; +https://www.comscore.com/Web-Crawler)"
172.30.0.91 - - [16/Dec/2018:06:49:13 +0000] "GET /ar/flight-schedule/milan-paris-flights.html HTTP/1.1" 200 13580 "-" "Mozilla/5.0 (compatible; BLEXBot/1.0; +http://webmeup-crawler.com/)"
172.30.0.247 - - [16/Dec/2018:06:49:13 +0000] "GET /flight-schedule/geneva-salzburg-flights.html HTTP/1.1" 200 8987 "-" "Mozilla/5.0 (iPhone; CPU iPhone OS 9_1 like Mac OS X) AppleWebKit/601.1.46 (KHTML, like Gecko) Version/9.0 Mobile/13B143 Safari/601.1 (compatible; AdsBot-Google-Mobile; +http://www.google.com/mobile/adsbot.html)"
172.30.0.91 - - [16/Dec/2018:06:49:17 +0000] "GET /ar/flight-schedule/london-berlin-flights.html HTTP/1.1" 302 745 "-" "Mozilla/5.0 (compatible; SemrushBot/3~bl; +http://www.semrush.com/bot.html)"
172.30.0.13 - - [16/Dec/2018:06:49:14 +0000] "GET /flight-schedule/kuala-lumpur-hyderabad-flights.html HTTP/1.1" 200 12109 "-" "Mozilla/5.0 (compatible; bingbot/2.0; +http://www.bing.com/bingbot.htm)"
172.30.0.13 - - [16/Dec/2018:06:49:15 +0000] "GET /flight-schedule/almaty-oran-flights.html HTTP/1.1" 200 8030 "-" "Mozilla/5.0 (Linux; Android 6.0.1; Nexus 5X Build/MMB29P) AppleWebKit/537.36 (KHTML, like Gecko) Chrome/41.0.2272.96 Mobile Safari/537.36 (compatible; Googlebot/2.1; +http://www.google.com/bot.html)"
172.30.0.13 - - [16/Dec/2018:06:49:20 +0000] "GET /healthCheck.html HTTP/1.1" 200 281 "-" "ELB-HealthChecker/1.0"
172.30.0.13 - - [16/Dec/2018:06:49:20 +0000] "GET /ar/flight-schedule/cincinnati-san-diego-flights.html HTTP/1.1" 200 9952 "-" "Mozilla/5.0 (compatible; bingbot/2.0; +http://www.bing.com/bingbot.htm)"
172.30.0.247 - - [16/Dec/2018:06:49:25 +0000] "GET /healthCheck.html HTTP/1.1" 200 281 "-" "ELB-HealthChecker/1.0"
172.30.0.247 - - [16/Dec/2018:06:49:27 +0000] "GET /flight-schedule/ar/dili-denpasar-bali-flights.html HTTP/1.1" 301 779 "-" "Mozilla/5.0 (compatible; bingbot/2.0; +http://www.bing.com/bingbot.htm)"
172.30.0.91 - - [16/Dec/2018:06:49:26 +0000] "GET /flight-schedule/ras-al-khaimah-cairo-flights.html HTTP/1.1" 200 9219 "-" "Mozilla/5.0 (iPhone; CPU iPhone OS 9_1 like Mac OS X) AppleWebKit/601.1.46 (KHTML, like Gecko) Version/9.0 Mobile/13B143 Safari/601.1 (compatible; AdsBot-Google-Mobile; +http://www.google.com/mobile/adsbot.html)"
172.30.0.247 - - [16/Dec/2018:06:49:28 +0000] "GET /ar/flight-schedule/abu-dhabi-paris-flights.html HTTP/1.1" 200 12011 "-" "Mozilla/5.0 (compatible; bingbot/2.0; +http://www.bing.com/bingbot.htm)"
172.30.0.91 - - [16/Dec/2018:06:49:29 +0000] "GET /flight-schedule/lubbock-omaha-flights.html HTTP/1.1" 200 8650 "-" "AdsBot-Google (+http://www.google.com/adsbot.html)"
172.30.0.13 - - [16/Dec/2018:06:49:35 +0000] "GET /ar/flight-schedule/milan-rome-flights.html HTTP/1.1" 200 13435 "-" "Mozilla/5.0 (compatible; BLEXBot/1.0; +http://webmeup-crawler.com/)"
172.30.0.91 - - [16/Dec/2018:06:49:35 +0000] "GET /flight-schedule/mahe-island-johannesburg-flights.html HTTP/1.1" 200 10384 "-" "Mozilla/5.0 (compatible; Googlebot/2.1; +http://www.google.com/bot.html)"
172.30.0.13 - - [16/Dec/2018:06:49:38 +0000] "GET /flight-schedule/flight-schedules-international.html HTTP/1.1" 200 10491 "https://www.google.com/" "Mozilla/5.0 (Linux; Android 8.1.0; SM-G610F) AppleWebKit/537.36 (KHTML, like Gecko) Chrome/71.0.3578.98 Mobile Safari/537.36"
172.30.0.13 - - [16/Dec/2018:06:49:41 +0000] "GET /ar/flight-schedule/omaha-mobile-flights.html HTTP/1.1" 200 10325 "-" "Mozilla/5.0 (compatible; bingbot/2.0; +http://www.bing.com/bingbot.htm)"
172.30.0.91 - - [16/Dec/2018:06:49:45 +0000] "GET /ar/flight-schedule/tel-aviv-yafo-vienna-flights.html HTTP/1.1" 200 10224 "https://www.google.com/" "Mozilla/5.0 (Linux; Android 5.1.1; SAMSUNG SM-J700H Build/LMY48B) AppleWebKit/537.36 (KHTML, like Gecko) SamsungBrowser/3.3 Chrome/38.0.2125.102 Mobile Safari/537.36"
172.30.0.247 - - [16/Dec/2018:06:49:46 +0000] "GET /flight-schedule/mumbai-london-flights.html HTTP/1.1" 200 15513 "https://www.google.com.sg/" "Mozilla/5.0 (iPhone; CPU iPhone OS 12_1 like Mac OS X) AppleWebKit/605.1.15 (KHTML, like Gecko) Version/12.0 Mobile/15E148 Safari/604.1"
172.30.0.13 - - [16/Dec/2018:06:49:48 +0000] "GET /ar/flight-schedule/milwaukee-phoenix-flights.html HTTP/1.1" 200 11779 "-" "Mozilla/5.0 (compatible; BLEXBot/1.0; +http://webmeup-crawler.com/)"
172.30.0.91 - - [16/Dec/2018:06:49:54 +0000] "GET /flight-schedule/manila-naga-flights.html?dxid=EAIaIQobChMI9pKajOGj3wIVirftCh2k_gl3EAAYAyAAEgKEcvD_BwE&gclid=EAIaIQobChMI9pKajOGj3wIVirftCh2k_gl3EAAYAyAAEgKEcvD_BwE HTTP/1.1" 301 963 "https://www.google.com/" "Mozilla/5.0 (iPhone; CPU iPhone OS 12_1 like Mac OS X) AppleWebKit/605.1.15 (KHTML, like Gecko) Version/12.0 Mobile/15E148 Safari/604.1"
172.30.0.13 - - [16/Dec/2018:06:49:51 +0000] "GET /flight-schedule/jeddah-halifax-flights.html HTTP/1.1" 200 8941 "-" "Mozilla/5.0 (iPhone; CPU iPhone OS 9_1 like Mac OS X) AppleWebKit/601.1.46 (KHTML, like Gecko) Version/9.0 Mobile/13B143 Safari/601.1 (compatible; AdsBot-Google-Mobile; +http://www.google.com/mobile/adsbot.html)"
172.30.0.247 - - [16/Dec/2018:06:49:52 +0000] "GET /flight-schedule/cincinnati-amsterdam-flights.html HTTP/1.1" 200 10592 "-" "Mozilla/5.0 (iPhone; CPU iPhone OS 9_1 like Mac OS X) AppleWebKit/601.1.46 (KHTML, like Gecko) Version/9.0 Mobile/13B143 Safari/601.1 (compatible; AdsBot-Google-Mobile; +http://www.google.com/mobile/adsbot.html)"
172.30.0.13 - - [16/Dec/2018:06:49:56 +0000] "GET /flight-schedule/dubai-london-flights.html?dxid=EAIaIQobChMIzr327t-j3wIVl-J3Ch1gcwVUEAEYBSAAEgI7gfD_BwE&gclid=EAIaIQobChMIzr327t-j3wIVl-J3Ch1gcwVUEAEYBSAAEgI7gfD_BwE HTTP/1.1" 301 967 "https://www.google.com/" "Mozilla/5.0 (Windows NT 6.1; WOW64) AppleWebKit/537.36 (KHTML, like Gecko) Chrome/70.0.3538.110 Safari/537.36"
172.30.0.91 - - [16/Dec/2018:06:49:59 +0000] "GET /healthCheck.html HTTP/1.1" 200 281 "-" "ELB-HealthChecker/1.0"
172.30.0.13 - - [16/Dec/2018:06:49:52 +0000] "GET /flight-schedule/alta-aarhus-flights.html HTTP/1.1" 200 8461 "-" "AdsBot-Google (+http://www.google.com/adsbot.html)"
172.30.0.247 - - [16/Dec/2018:06:49:52 +0000] "GET /flight-schedule/chennai-gorakhpur-flights.html HTTP/1.1" 200 9617 "-" "Mozilla/5.0 (iPhone; CPU iPhone OS 9_1 like Mac OS X) AppleWebKit/601.1.46 (KHTML, like Gecko) Version/9.0 Mobile/13B143 Safari/601.1 (compatible; AdsBot-Google-Mobile; +http://www.google.com/mobile/adsbot.html)"
172.30.0.247 - - [16/Dec/2018:06:49:55 +0000] "GET /ar/flight-schedule/helsinki-krakow-flights.html HTTP/1.1" 200 9756 "-" "Mozilla/5.0 (compatible; bingbot/2.0; +http://www.bing.com/bingbot.htm)"
172.30.0.13 - - [16/Dec/2018:06:49:55 +0000] "GET /flight-schedule/evansville-norfolk-flights.html HTTP/1.1" 200 9188 "-" "AdsBot-Google (+http://www.google.com/adsbot.html)"
172.30.0.13 - - [16/Dec/2018:06:50:02 +0000] "GET /flight-schedule/flights-from-puri.html HTTP/1.1" 302 748 "-" "Mozilla/5.0 (compatible; Googlebot/2.1; +http://www.google.com/bot.html)"
172.30.0.247 - - [16/Dec/2018:06:50:03 +0000] "GET /flight-schedule/chennai-new-delhi-flights.html?dxid=EAIaIQobChMIxtr20uCj3wIVxQ0rCh3y9gSXEAAYBCAAEgLjHfD_BwE&gclid=EAIaIQobChMIxtr20uCj3wIVxQ0rCh3y9gSXEAAYBCAAEgLjHfD_BwE HTTP/1.1" 301 979 "-" "Mozilla/5.0 (Linux; U; Android 6.0.1; Redmi 3S Build/MMB29M; wv) AppleWebKit/537.36 (KHTML, like Gecko) Version/4.0 Chrome/66.0.3359.126 Mobile Safari/537.36 OPR/33.0.2254.125672"
172.30.0.13 - - [16/Dec/2018:06:50:02 +0000] "GET /flight-schedule/victoria-falls-johannesburg-flights.html HTTP/1.1" 200 10573 "-" "User-Agent: Mozilla/5.0 (Windows NT 6.1; WOW64) AppleWebKit/537.31 (KHTML, like Gecko) Chrome/26.0.1410.64 Safari/537.31"
172.30.0.247 - - [16/Dec/2018:06:50:03 +0000] "GET /flight-schedule/sharjah-sialkot-flights.html HTTP/1.1" 200 9381 "https://www.google.com/" "Mozilla/5.0 (Linux; Android 7.1.1; SM-J510FN) AppleWebKit/537.36 (KHTML, like Gecko) Chrome/70.0.3538.80 Mobile Safari/537.36"
172.30.0.91 - - [16/Dec/2018:06:50:05 +0000] "GET /flight-schedule/auckland-cairns-flights.html HTTP/1.1" 200 10277 "-" "AdsBot-Google (+http://www.google.com/adsbot.html)"
172.30.0.13 - - [16/Dec/2018:06:50:06 +0000] "GET /flight-schedule/mumbai-nagpur-flights.html?gclid=Cj0KCQiA6dLgBRDoARIsAJgoM4seB5Xv-xAxEVzUWjH4KfR32DeKtUrW5TH6bb-fgbY41ro_iRBpT-UaAgjIEALw_wcB.html HTTP/1.1" 200 12171 "https://www.google.com/" "Mozilla/5.0 (iPhone; CPU iPhone OS 12_1 like Mac OS X) AppleWebKit/605.1.15 (KHTML, like Gecko) CriOS/71.0.3578.77 Mobile/15E148 Safari/605.1"
172.30.0.13 - - [16/Dec/2018:06:50:05 +0000] "GET /flight-schedule/zhengzhou-dubai-flights.html HTTP/1.1" 200 10225 "-" "Mozilla/5.0 (iPhone; CPU iPhone OS 9_1 like Mac OS X) AppleWebKit/601.1.46 (KHTML, like Gecko) Version/9.0 Mobile/13B143 Safari/601.1 (compatible; AdsBot-Google-Mobile; +http://www.google.com/mobile/adsbot.html)"
172.30.0.247 - - [16/Dec/2018:06:50:06 +0000] "GET /flight-schedule/lviv-oslo-flights.html HTTP/1.1" 200 8803 "-" "Mozilla/5.0 (iPhone; CPU iPhone OS 9_1 like Mac OS X) AppleWebKit/601.1.46 (KHTML, like Gecko) Version/9.0 Mobile/13B143 Safari/601.1 (compatible; AdsBot-Google-Mobile; +http://www.google.com/mobile/adsbot.html)"
172.30.0.13 - - [16/Dec/2018:06:50:09 +0000] "GET /ar/flight-schedule/jeddah-ouargla-flights.html HTTP/1.1" 200 9479 "-" "Mozilla/5.0 (compatible; Googlebot/2.1; +http://www.google.com/bot.html)"
172.30.0.91 - - [16/Dec/2018:06:50:14 +0000] "GET /flight-schedule/quebec-eau-claire-flights.html HTTP/1.1" 302 748 "-" "Mozilla/5.0 (compatible; bingbot/2.0; +http://www.bing.com/bingbot.htm)"
172.30.0.13 - - [16/Dec/2018:06:50:12 +0000] "GET /ar/flight-schedule/chiang-mai-nanning-flights.html HTTP/1.1" 200 9874 "-" "Mozilla/5.0 (Linux; Android 6.0.1; Nexus 5X Build/MMB29P) AppleWebKit/537.36 (KHTML, like Gecko) Chrome/41.0.2272.96 Mobile Safari/537.36 (compatible; Googlebot/2.1; +http://www.google.com/bot.html)"
172.30.0.13 - - [16/Dec/2018:06:50:15 +0000] "GET /flight-schedule/sharjah-multan-flights.html HTTP/1.1" 200 9502 "https://www.google.com/" "Mozilla/5.0 (Windows NT 10.0; Win64; x64) AppleWebKit/537.36 (KHTML, like Gecko) Chrome/70.0.3538.110 Safari/537.36"
172.30.0.247 - - [16/Dec/2018:06:50:16 +0000] "GET /ar/flight-schedule/newcastle-jersey-flights.html HTTP/1.1" 200 9820 "-" "Mozilla/5.0 (compatible; bingbot/2.0; +http://www.bing.com/bingbot.htm)"
172.30.0.13 - - [16/Dec/2018:06:50:20 +0000] "GET /healthCheck.html HTTP/1.1" 200 281 "-" "ELB-HealthChecker/1.0"
172.30.0.13 - - [16/Dec/2018:06:50:18 +0000] "GET /ar/flight-schedule/johannesburg-cairo-flights.html HTTP/1.1" 200 10740 "-" "Mozilla/5.0 (compatible; proximic; +https://www.comscore.com/Web-Crawler)"
172.30.0.13 - - [16/Dec/2018:06:50:18 +0000] "GET /flight-schedule/yangon-kolkata-flights.html HTTP/1.1" 200 10832 "-" "Mozilla/5.0 (iPhone; CPU iPhone OS 9_1 like Mac OS X) AppleWebKit/601.1.46 (KHTML, like Gecko) Version/9.0 Mobile/13B143 Safari/601.1 (compatible; AdsBot-Google-Mobile; +http://www.google.com/mobile/adsbot.html)"
172.30.0.13 - - [16/Dec/2018:06:50:21 +0000] "GET /flight-schedule/sharjah-salalah-flights.html HTTP/1.1" 200 10619 "-" "Mozilla/5.0 (Linux; Android 6.0.1; Nexus 5X Build/MMB29P) AppleWebKit/537.36 (KHTML, like Gecko) Chrome/41.0.2272.96 Mobile Safari/537.36 (compatible; Googlebot/2.1; +http://www.google.com/bot.html)"
172.30.0.247 - - [16/Dec/2018:06:50:25 +0000] "GET /healthCheck.html HTTP/1.1" 200 281 "-" "ELB-HealthChecker/1.0"
172.30.0.13 - - [16/Dec/2018:06:50:26 +0000] "GET /ar/flight-schedule/abu-dhabi-jeddah-flights.html-cheap.html HTTP/1.1" 301 579 "-" "Mozilla/5.0 (Linux; Android 6.0.1; Nexus 5X Build/MMB29P) AppleWebKit/537.36 (KHTML, like Gecko) Chrome/41.0.2272.96 Mobile Safari/537.36 (compatible; Googlebot/2.1; +http://www.google.com/bot.html)"
172.30.0.247 - - [16/Dec/2018:06:50:24 +0000] "GET /flight-schedule/sharjah-sialkot-flights.html HTTP/1.1" 200 9381 "-" "Mozilla/5.0 (compatible; proximic; +https://www.comscore.com/Web-Crawler)"
172.30.0.13 - - [16/Dec/2018:06:50:29 +0000] "GET /flight-schedule/pointe-a-pitre-fort-lauderdale-flights.html-cheap.html HTTP/1.1" 301 589 "-" "Mozilla/5.0 (Linux; Android 6.0.1; Nexus 5X Build/MMB29P) AppleWebKit/537.36 (KHTML, like Gecko) Chrome/41.0.2272.96 Mobile Safari/537.36 (compatible; Googlebot/2.1; +http://www.google.com/bot.html)"
172.30.0.91 - - [16/Dec/2018:06:50:27 +0000] "GET /flight-schedule/dubai-manila-flights.html HTTP/1.1" 200 13311 "https://www.google.com/" "Mozilla/5.0 (Linux; Android 8.1.0; CLT-L29) AppleWebKit/537.36 (KHTML, like Gecko) Chrome/71.0.3578.98 Mobile Safari/537.36"
172.30.0.247 - - [16/Dec/2018:06:50:33 +0000] "GET /flight-schedule/kitakyushu-yangyang-flights.html-cheap HTTP/1.1" 301 795 "-" "Mozilla/5.0 (Linux; Android 6.0.1; Nexus 5X Build/MMB29P) AppleWebKit/537.36 (KHTML, like Gecko) Chrome/41.0.2272.96 Mobile Safari/537.36 (compatible; Googlebot/2.1; +http://www.google.com/bot.html)"
172.30.0.247 - - [16/Dec/2018:06:50:28 +0000] "GET /flight-schedule/jaipur-udaipur-flights.html HTTP/1.1" 200 14990 "-" "Mozilla/5.0 (compatible; proximic; +https://www.comscore.com/Web-Crawler)"
172.30.0.13 - - [16/Dec/2018:06:50:35 +0000] "GET /flight-schedule/kitakyushu-yangyang-flights.html-cheap.html HTTP/1.1" 301 589 "-" "Mozilla/5.0 (Linux; Android 6.0.1; Nexus 5X Build/MMB29P) AppleWebKit/537.36 (KHTML, like Gecko) Chrome/41.0.2272.96 Mobile Safari/537.36 (compatible; Googlebot/2.1; +http://www.google.com/bot.html)"
172.30.0.13 - - [16/Dec/2018:06:50:31 +0000] "GET /flight-schedule/new-york-bogota-flights.html HTTP/1.1" 200 10233 "-" "AdsBot-Google (+http://www.google.com/adsbot.html)"
172.30.0.13 - - [16/Dec/2018:06:50:30 +0000] "GET /flight-schedule/brasilia-goiania-flights.html HTTP/1.1" 200 10126 "-" "Mozilla/5.0 (compatible; bingbot/2.0; +http://www.bing.com/bingbot.htm)"
172.30.0.247 - - [16/Dec/2018:06:50:33 +0000] "GET /flight-schedule/sharjah-cochin-flights.html?dxid=Cj0KCQiA6dLgBRDoARIsAJgoM4srxgkwsPkgNXNwcssj8tzxY3QSsn3w0_RXgOkd1fQrNuepuFh3WoMaAgkuEALw_wcB&gclid=Cj0KCQiA6dLgBRDoARIsAJgoM4srxgkwsPkgNXNwcssj8tzxY3QSsn3w0_RXgOkd1fQrNuepuFh3WoMaAgkuEALw_wcB.html HTTP/1.1" 200 11047 "-" "Mozilla/5.0 (iPhone; CPU iPhone OS 12_1 like Mac OS X) AppleWebKit/605.1.15 (KHTML, like Gecko) GSA/64.0.223374052 Mobile/15E148 Safari/605.1"
172.30.0.91 - - [16/Dec/2018:06:50:35 +0000] "GET /flight-schedule/guwahati-hyderabad-flights.html HTTP/1.1" 200 11509 "-" "Mozilla/5.0 (compatible; SemrushBot/3~bl; +http://www.semrush.com/bot.html)"
172.30.0.247 - - [16/Dec/2018:06:50:36 +0000] "GET /ar/flight-schedule/odessa-lisbon-flights.html HTTP/1.1" 200 10183 "-" "Mozilla/5.0 (compatible; Googlebot/2.1; +http://www.google.com/bot.html)"
172.30.0.91 - - [30/Mar/2020:22:20:1 +148658] "GET /flight-schedule/abu-dhabi-mumbai-flights.html?gclid=EAIaIQobChMI5cCS2-Cj3wIVGud3Ch3bGgUuEAAYBCAAEgI-JPD_BwE.html HTTP/1.1"  302 746  "-" "Mozilla/5.0 (Linux; Android 6.0.1; Nexus 5X Build/MMB29P) AppleWebKit/537.36 (KHTML, like Gecko) Chrome/41.0.2272.96 Mobile Safari/537.36 (compatible; Googlebot/2.1; +http://www.google.com/bot.html)"
172.30.0.13 - - [30/Mar/2020:22:22:1 +217771] "GET /healthCheck.html HTTP/1.1"  200 8650  "-" "Mozilla/5.0 (compatible; Googlebot/2.1; +http://www.google.com/bot.html)"
172.30.0.13 - - [30/Mar/2020:22:24:1 +262927] "GET /flight-schedule/alta-aarhus-flights.html HTTP/1.1"  200 12041  "-" "Mozilla/5.0 (iPhone; CPU iPhone OS 9_1 like Mac OS X) AppleWebKit/601.1.46 (KHTML, like Gecko) Version/9.0 Mobile/13B143 Safari/601.1 (compatible; AdsBot-Google-Mobile; +http://www.google.com/mobile/adsbot.html)"
172.30.0.13 - - [30/Mar/2020:22:26:1 +322745] "GET /healthCheck.html HTTP/1.1"  500 1969  "https://www.google.com/" "Mozilla/5.0 (compatible; bingbot/2.0; +http://www.bing.com/bingbot.htm)"
172.30.0.13 - - [30/Mar/2020:22:28:1 +394893] "GET /flight-schedule/st-augustin-lourdes-de-blanc-sablon-flights.html HTTP/1.1"  200 13243  "-" "Mozilla/5.0 (compatible; bingbot/2.0; +http://www.bing.com/bingbot.htm)"
172.30.0.91 - - [30/Mar/2020:22:30:1 +466842] "GET /flight-schedule/fergana-tashkent-flights.html HTTP/1.1"  301 979  "-" "Mozilla/5.0 (compatible; bingbot/2.0; +http://www.bing.com/bingbot.htm)"
172.30.0.13 - - [30/Mar/2020:22:32:1 +540458] "GET /healthCheck.html HTTP/1.1"  200 9013  "-" "AdsBot-Google (+http://www.google.com/adsbot.html)"
172.30.0.247 - - [30/Mar/2020:22:34:1 +610467] "GET /flight-schedule/edinburgh-vienna-flights.html HTTP/1.1"  200 10703  "-" "Mozilla/5.0 (Windows NT 6.1; WOW64) AppleWebKit/537.36 (KHTML, like Gecko) Chrome/70.0.3538.110 Safari/537.36"
172.30.0.91 - - [30/Mar/2020:22:36:1 +694039] "GET /flight-schedule/dublin-budapest-flights.html HTTP/1.1"  200 10182  "-" "Mozilla/5.0 (Windows NT 6.1; Win64; x64) AppleWebKit/537.36 (KHTML, like Gecko) Chrome/70.0.3538.110 Safari/537.36"
172.30.0.13 - - [30/Mar/2020:22:38:1 +764467] "GET /ar/flight-schedule/chiang-mai-nanning-flights.html HTTP/1.1"  301 973  "https://www.google.com/" "Mozilla/5.0 (compatible; bingbot/2.0; +http://www.bing.com/bingbot.htm)"
